Archive member included to satisfy reference by file (symbol)

c:/st/stm32cubeide_1.3.0/stm32cubeide/plugins/com.st.stm32cube.ide.mcu.externaltools.gnu-tools-for-stm32.7-2018-q2-update.win32_1.0.0.201904181610/tools/bin/../lib/gcc/arm-none-eabi/7.3.1/../../../../arm-none-eabi/lib/thumb/v7e-m/fpv4-sp/hard\libc_nano.a(lib_a-errno.o)
                              Core/Src/syscalls.o (__errno)
c:/st/stm32cubeide_1.3.0/stm32cubeide/plugins/com.st.stm32cube.ide.mcu.externaltools.gnu-tools-for-stm32.7-2018-q2-update.win32_1.0.0.201904181610/tools/bin/../lib/gcc/arm-none-eabi/7.3.1/../../../../arm-none-eabi/lib/thumb/v7e-m/fpv4-sp/hard\libc_nano.a(lib_a-exit.o)
                              c:/st/stm32cubeide_1.3.0/stm32cubeide/plugins/com.st.stm32cube.ide.mcu.externaltools.gnu-tools-for-stm32.7-2018-q2-update.win32_1.0.0.201904181610/tools/bin/../lib/gcc/arm-none-eabi/7.3.1/../../../../arm-none-eabi/lib/thumb/v7e-m/fpv4-sp/hard/crt0.o (exit)
c:/st/stm32cubeide_1.3.0/stm32cubeide/plugins/com.st.stm32cube.ide.mcu.externaltools.gnu-tools-for-stm32.7-2018-q2-update.win32_1.0.0.201904181610/tools/bin/../lib/gcc/arm-none-eabi/7.3.1/../../../../arm-none-eabi/lib/thumb/v7e-m/fpv4-sp/hard\libc_nano.a(lib_a-fwrite.o)
                              Core/Src/audio_test.o (fwrite)
c:/st/stm32cubeide_1.3.0/stm32cubeide/plugins/com.st.stm32cube.ide.mcu.externaltools.gnu-tools-for-stm32.7-2018-q2-update.win32_1.0.0.201904181610/tools/bin/../lib/gcc/arm-none-eabi/7.3.1/../../../../arm-none-eabi/lib/thumb/v7e-m/fpv4-sp/hard\libc_nano.a(lib_a-impure.o)
                              c:/st/stm32cubeide_1.3.0/stm32cubeide/plugins/com.st.stm32cube.ide.mcu.externaltools.gnu-tools-for-stm32.7-2018-q2-update.win32_1.0.0.201904181610/tools/bin/../lib/gcc/arm-none-eabi/7.3.1/../../../../arm-none-eabi/lib/thumb/v7e-m/fpv4-sp/hard\libc_nano.a(lib_a-exit.o) (_global_impure_ptr)
c:/st/stm32cubeide_1.3.0/stm32cubeide/plugins/com.st.stm32cube.ide.mcu.externaltools.gnu-tools-for-stm32.7-2018-q2-update.win32_1.0.0.201904181610/tools/bin/../lib/gcc/arm-none-eabi/7.3.1/../../../../arm-none-eabi/lib/thumb/v7e-m/fpv4-sp/hard\libc_nano.a(lib_a-init.o)
                              c:/st/stm32cubeide_1.3.0/stm32cubeide/plugins/com.st.stm32cube.ide.mcu.externaltools.gnu-tools-for-stm32.7-2018-q2-update.win32_1.0.0.201904181610/tools/bin/../lib/gcc/arm-none-eabi/7.3.1/../../../../arm-none-eabi/lib/thumb/v7e-m/fpv4-sp/hard/crt0.o (__libc_init_array)
c:/st/stm32cubeide_1.3.0/stm32cubeide/plugins/com.st.stm32cube.ide.mcu.externaltools.gnu-tools-for-stm32.7-2018-q2-update.win32_1.0.0.201904181610/tools/bin/../lib/gcc/arm-none-eabi/7.3.1/../../../../arm-none-eabi/lib/thumb/v7e-m/fpv4-sp/hard\libc_nano.a(lib_a-malloc.o)
                              Core/Src/audio_test.o (malloc)
c:/st/stm32cubeide_1.3.0/stm32cubeide/plugins/com.st.stm32cube.ide.mcu.externaltools.gnu-tools-for-stm32.7-2018-q2-update.win32_1.0.0.201904181610/tools/bin/../lib/gcc/arm-none-eabi/7.3.1/../../../../arm-none-eabi/lib/thumb/v7e-m/fpv4-sp/hard\libc_nano.a(lib_a-memset.o)
                              c:/st/stm32cubeide_1.3.0/stm32cubeide/plugins/com.st.stm32cube.ide.mcu.externaltools.gnu-tools-for-stm32.7-2018-q2-update.win32_1.0.0.201904181610/tools/bin/../lib/gcc/arm-none-eabi/7.3.1/../../../../arm-none-eabi/lib/thumb/v7e-m/fpv4-sp/hard/crt0.o (memset)
c:/st/stm32cubeide_1.3.0/stm32cubeide/plugins/com.st.stm32cube.ide.mcu.externaltools.gnu-tools-for-stm32.7-2018-q2-update.win32_1.0.0.201904181610/tools/bin/../lib/gcc/arm-none-eabi/7.3.1/../../../../arm-none-eabi/lib/thumb/v7e-m/fpv4-sp/hard\libc_nano.a(lib_a-nano-freer.o)
                              c:/st/stm32cubeide_1.3.0/stm32cubeide/plugins/com.st.stm32cube.ide.mcu.externaltools.gnu-tools-for-stm32.7-2018-q2-update.win32_1.0.0.201904181610/tools/bin/../lib/gcc/arm-none-eabi/7.3.1/../../../../arm-none-eabi/lib/thumb/v7e-m/fpv4-sp/hard\libc_nano.a(lib_a-malloc.o) (_free_r)
c:/st/stm32cubeide_1.3.0/stm32cubeide/plugins/com.st.stm32cube.ide.mcu.externaltools.gnu-tools-for-stm32.7-2018-q2-update.win32_1.0.0.201904181610/tools/bin/../lib/gcc/arm-none-eabi/7.3.1/../../../../arm-none-eabi/lib/thumb/v7e-m/fpv4-sp/hard\libc_nano.a(lib_a-nano-mallocr.o)
                              c:/st/stm32cubeide_1.3.0/stm32cubeide/plugins/com.st.stm32cube.ide.mcu.externaltools.gnu-tools-for-stm32.7-2018-q2-update.win32_1.0.0.201904181610/tools/bin/../lib/gcc/arm-none-eabi/7.3.1/../../../../arm-none-eabi/lib/thumb/v7e-m/fpv4-sp/hard\libc_nano.a(lib_a-malloc.o) (_malloc_r)
c:/st/stm32cubeide_1.3.0/stm32cubeide/plugins/com.st.stm32cube.ide.mcu.externaltools.gnu-tools-for-stm32.7-2018-q2-update.win32_1.0.0.201904181610/tools/bin/../lib/gcc/arm-none-eabi/7.3.1/../../../../arm-none-eabi/lib/thumb/v7e-m/fpv4-sp/hard\libc_nano.a(lib_a-printf.o)
                              Core/Src/main.o (printf)
[...]
Memory Configuration

Name             Origin             Length             Attributes
RAM              0x0000000020000000 0x0000000000050000 xrw
FLASH            0x0000000008000000 0x0000000000180000 xr
*default*        0x0000000000000000 0xffffffffffffffff

Linker script and memory map

LOAD c:/st/stm32cubeide_1.3.0/stm32cubeide/plugins/com.st.stm32cube.ide.mcu.externaltools.gnu-tools-for-stm32.7-2018-q2-update.win32_1.0.0.201904181610/tools/bin/../lib/gcc/arm-none-eabi/7.3.1/thumb/v7e-m/fpv4-sp/hard/crti.o
LOAD c:/st/stm32cubeide_1.3.0/stm32cubeide/plugins/com.st.stm32cube.ide.mcu.externaltools.gnu-tools-for-stm32.7-2018-q2-update.win32_1.0.0.201904181610/tools/bin/../lib/gcc/arm-none-eabi/7.3.1/thumb/v7e-m/fpv4-sp/hard/crtbegin.o
LOAD c:/st/stm32cubeide_1.3.0/stm32cubeide/plugins/com.st.stm32cube.ide.mcu.externaltools.gnu-tools-for-stm32.7-2018-q2-update.win32_1.0.0.201904181610/tools/bin/../lib/gcc/arm-none-eabi/7.3.1/../../../../arm-none-eabi/lib/thumb/v7e-m/fpv4-sp/hard/crt0.o
LOAD Core/Src/audio_test.o
LOAD Core/Src/main.o
LOAD Core/Src/stm32f4xx_hal_msp.o
LOAD Core/Src/stm32f4xx_it.o
LOAD Core/Src/syscalls.o
LOAD Core/Src/sysmem.o
LOAD Core/Src/system_stm32f4xx.o
LOAD Core/Startup/startup_stm32f413zhtx.o
LOAD Drivers/STM32F4xx_HAL_Driver/stm32f4xx_hal.o
LOAD Drivers/STM32F4xx_HAL_Driver/stm32f4xx_hal_adc.o
LOAD Drivers/STM32F4xx_HAL_Driver/stm32f4xx_hal_adc_ex.o
LOAD Drivers/STM32F4xx_HAL_Driver/stm32f4xx_hal_cortex.o
LOAD Drivers/STM32F4xx_HAL_Driver/stm32f4xx_hal_dac.o
LOAD Drivers/STM32F4xx_HAL_Driver/stm32f4xx_hal_dac_ex.o
LOAD Drivers/STM32F4xx_HAL_Driver/stm32f4xx_hal_dfsdm.o
LOAD Drivers/STM32F4xx_HAL_Driver/stm32f4xx_hal_dma.o
LOAD Drivers/STM32F4xx_HAL_Driver/stm32f4xx_hal_dma_ex.o
LOAD Drivers/STM32F4xx_HAL_Driver/stm32f4xx_hal_exti.o
LOAD Drivers/STM32F4xx_HAL_Driver/stm32f4xx_hal_flash.o
LOAD Drivers/STM32F4xx_HAL_Driver/stm32f4xx_hal_flash_ex.o
LOAD Drivers/STM32F4xx_HAL_Driver/stm32f4xx_hal_flash_ramfunc.o
LOAD Drivers/STM32F4xx_HAL_Driver/stm32f4xx_hal_fmpi2c.o
LOAD Drivers/STM32F4xx_HAL_Driver/stm32f4xx_hal_fmpi2c_ex.o
LOAD Drivers/STM32F4xx_HAL_Driver/stm32f4xx_hal_gpio.o
LOAD Drivers/STM32F4xx_HAL_Driver/stm32f4xx_hal_i2s.o
LOAD Drivers/STM32F4xx_HAL_Driver/stm32f4xx_hal_i2s_ex.o
LOAD Drivers/STM32F4xx_HAL_Driver/stm32f4xx_hal_pwr.o
LOAD Drivers/STM32F4xx_HAL_Driver/stm32f4xx_hal_pwr_ex.o
LOAD Drivers/STM32F4xx_HAL_Driver/stm32f4xx_hal_qspi.o
LOAD Drivers/STM32F4xx_HAL_Driver/stm32f4xx_hal_rcc.o
LOAD Drivers/STM32F4xx_HAL_Driver/stm32f4xx_hal_rcc_ex.o
LOAD Drivers/STM32F4xx_HAL_Driver/stm32f4xx_hal_sd.o
LOAD Drivers/STM32F4xx_HAL_Driver/stm32f4xx_hal_sram.o
LOAD Drivers/STM32F4xx_HAL_Driver/stm32f4xx_hal_tim.o
LOAD Drivers/STM32F4xx_HAL_Driver/stm32f4xx_hal_tim_ex.o
LOAD Drivers/STM32F4xx_HAL_Driver/stm32f4xx_hal_uart.o
LOAD Drivers/STM32F4xx_HAL_Driver/stm32f4xx_ll_fsmc.o
LOAD Drivers/STM32F4xx_HAL_Driver/stm32f4xx_ll_sdmmc.o
LOAD FATFS/App/fatfs.o
LOAD FATFS/Target/bsp_driver_sd.o
LOAD FATFS/Target/fatfs_platform.o
LOAD FATFS/Target/sd_diskio.o
LOAD Middlewares/FatFs/ccsbcs.o
LOAD Middlewares/FatFs/diskio.o
LOAD Middlewares/FatFs/ff.o
LOAD Middlewares/FatFs/ff_gen_drv.o
LOAD Middlewares/FatFs/syscall.o
START GROUP
LOAD c:/st/stm32cubeide_1.3.0/stm32cubeide/plugins/com.st.stm32cube.ide.mcu.externaltools.gnu-tools-for-stm32.7-2018-q2-update.win32_1.0.0.201904181610/tools/bin/../lib/gcc/arm-none-eabi/7.3.1/../../../../arm-none-eabi/lib/thumb/v7e-m/fpv4-sp/hard\libc_nano.a
LOAD c:/st/stm32cubeide_1.3.0/stm32cubeide/plugins/com.st.stm32cube.ide.mcu.externaltools.gnu-tools-for-stm32.7-2018-q2-update.win32_1.0.0.201904181610/tools/bin/../lib/gcc/arm-none-eabi/7.3.1/../../../../arm-none-eabi/lib/thumb/v7e-m/fpv4-sp/hard\libm.a
END GROUP
START GROUP
LOAD c:/st/stm32cubeide_1.3.0/stm32cubeide/plugins/com.st.stm32cube.ide.mcu.externaltools.gnu-tools-for-stm32.7-2018-q2-update.win32_1.0.0.201904181610/tools/bin/../lib/gcc/arm-none-eabi/7.3.1/thumb/v7e-m/fpv4-sp/hard\libgcc.a
LOAD c:/st/stm32cubeide_1.3.0/stm32cubeide/plugins/com.st.stm32cube.ide.mcu.externaltools.gnu-tools-for-stm32.7-2018-q2-update.win32_1.0.0.201904181610/tools/bin/../lib/gcc/arm-none-eabi/7.3.1/../../../../arm-none-eabi/lib/thumb/v7e-m/fpv4-sp/hard\libc_nano.a
END GROUP
START GROUP
LOAD c:/st/stm32cubeide_1.3.0/stm32cubeide/plugins/com.st.stm32cube.ide.mcu.externaltools.gnu-tools-for-stm32.7-2018-q2-update.win32_1.0.0.201904181610/tools/bin/../lib/gcc/arm-none-eabi/7.3.1/thumb/v7e-m/fpv4-sp/hard\libgcc.a
LOAD c:/st/stm32cubeide_1.3.0/stm32cubeide/plugins/com.st.stm32cube.ide.mcu.externaltools.gnu-tools-for-stm32.7-2018-q2-update.win32_1.0.0.201904181610/tools/bin/../lib/gcc/arm-none-eabi/7.3.1/../../../../arm-none-eabi/lib/thumb/v7e-m/fpv4-sp/hard\libc_nano.a
LOAD c:/st/stm32cubeide_1.3.0/stm32cubeide/plugins/com.st.stm32cube.ide.mcu.externaltools.gnu-tools-for-stm32.7-2018-q2-update.win32_1.0.0.201904181610/tools/bin/../lib/gcc/arm-none-eabi/7.3.1/../../../../arm-none-eabi/lib/thumb/v7e-m/fpv4-sp/hard\libnosys.a
END GROUP
START GROUP
LOAD c:/st/stm32cubeide_1.3.0/stm32cubeide/plugins/com.st.stm32cube.ide.mcu.externaltools.gnu-tools-for-stm32.7-2018-q2-update.win32_1.0.0.201904181610/tools/bin/../lib/gcc/arm-none-eabi/7.3.1/thumb/v7e-m/fpv4-sp/hard\libgcc.a
LOAD c:/st/stm32cubeide_1.3.0/stm32cubeide/plugins/com.st.stm32cube.ide.mcu.externaltools.gnu-tools-for-stm32.7-2018-q2-update.win32_1.0.0.201904181610/tools/bin/../lib/gcc/arm-none-eabi/7.3.1/../../../../arm-none-eabi/lib/thumb/v7e-m/fpv4-sp/hard\libc_nano.a
LOAD c:/st/stm32cubeide_1.3.0/stm32cubeide/plugins/com.st.stm32cube.ide.mcu.externaltools.gnu-tools-for-stm32.7-2018-q2-update.win32_1.0.0.201904181610/tools/bin/../lib/gcc/arm-none-eabi/7.3.1/../../../../arm-none-eabi/lib/thumb/v7e-m/fpv4-sp/hard\libnosys.a
END GROUP
LOAD c:/st/stm32cubeide_1.3.0/stm32cubeide/plugins/com.st.stm32cube.ide.mcu.externaltools.gnu-tools-for-stm32.7-2018-q2-update.win32_1.0.0.201904181610/tools/bin/../lib/gcc/arm-none-eabi/7.3.1/thumb/v7e-m/fpv4-sp/hard/crtend.o
LOAD c:/st/stm32cubeide_1.3.0/stm32cubeide/plugins/com.st.stm32cube.ide.mcu.externaltools.gnu-tools-for-stm32.7-2018-q2-update.win32_1.0.0.201904181610/tools/bin/../lib/gcc/arm-none-eabi/7.3.1/thumb/v7e-m/fpv4-sp/hard/crtn.o
                0x0000000020050000                _estack = (ORIGIN (RAM) + LENGTH (RAM))
                0x0000000000000200                _Min_Heap_Size = 0x200
                0x0000000000000400                _Min_Stack_Size = 0x400

.isr_vector     0x0000000008000000      0x1d8
                0x0000000008000000                . = ALIGN (0x4)
 *(.isr_vector)
 .isr_vector    0x0000000008000000      0x1d8 Core/Startup/startup_stm32f413zhtx.o
                0x0000000008000000                g_pfnVectors
                0x00000000080001d8                . = ALIGN (0x4)

.text           0x00000000080001e0     0xc0f4
                0x00000000080001e0                . = ALIGN (0x4)
 *(.text)
 .text          0x00000000080001e0       0x40 c:/st/stm32cubeide_1.3.0/stm32cubeide/plugins/com.st.stm32cube.ide.mcu.externaltools.gnu-tools-for-stm32.7-2018-q2-update.win32_1.0.0.201904181610/tools/bin/../lib/gcc/arm-none-eabi/7.3.1/thumb/v7e-m/fpv4-sp/hard/crtbegin.o
 .text          0x0000000008000220       0xa0 c:/st/stm32cubeide_1.3.0/stm32cubeide/plugins/com.st.stm32cube.ide.mcu.externaltools.gnu-tools-for-stm32.7-2018-q2-update.win32_1.0.0.201904181610/tools/bin/../lib/gcc/arm-none-eabi/7.3.1/../../../../arm-none-eabi/lib/thumb/v7e-m/fpv4-sp/hard\libc_nano.a(lib_a-memchr.o)
                0x0000000008000220                memchr
 .text          0x00000000080002c0       0x30 c:/st/stm32cubeide_1.3.0/stm32cubeide/plugins/com.st.stm32cube.ide.mcu.externaltools.gnu-tools-for-stm32.7-2018-q2-update.win32_1.0.0.201904181610/tools/bin/../lib/gcc/arm-none-eabi/7.3.1/thumb/v7e-m/fpv4-sp/hard\libgcc.a(_aeabi_uldivmod.o)
                0x00000000080002c0                __aeabi_uldivmod
 .text          0x00000000080002f0      0x2cc c:/st/stm32cubeide_1.3.0/stm32cubeide/plugins/com.st.stm32cube.ide.mcu.externaltools.gnu-tools-for-stm32.7-2018-q2-update.win32_1.0.0.201904181610/tools/bin/../lib/gcc/arm-none-eabi/7.3.1/thumb/v7e-m/fpv4-sp/hard\libgcc.a(_udivmoddi4.o)
                0x00000000080002f0                __udivmoddi4
 .text          0x00000000080005bc        0x4 c:/st/stm32cubeide_1.3.0/stm32cubeide/plugins/com.st.stm32cube.ide.mcu.externaltools.gnu-tools-for-stm32.7-2018-q2-update.win32_1.0.0.201904181610/tools/bin/../lib/gcc/arm-none-eabi/7.3.1/thumb/v7e-m/fpv4-sp/hard\libgcc.a(_dvmd_tls.o)
                0x00000000080005bc                __aeabi_idiv0
                0x00000000080005bc                __aeabi_ldiv0
 *(.text*)
 .text.main     0x00000000080005c0      0x2fc Core/Src/main.o
                0x00000000080005c0                main
 .text.SystemClock_Config
                0x00000000080008bc      0x134 Core/Src/main.o
                0x00000000080008bc                SystemClock_Config
 .text.MX_ADC1_Init
                0x00000000080009f0       0xa4 Core/Src/main.o
 .text.MX_DAC_Init
                0x0000000008000a94       0x54 Core/Src/main.o
 .text.MX_DFSDM1_Init
                0x0000000008000ae8       0xc8 Core/Src/main.o
 .text.MX_DFSDM2_Init
                0x0000000008000bb0       0xc8 Core/Src/main.o
 .text.MX_FMPI2C1_Init
                0x0000000008000c78       0x6c Core/Src/main.o
 .text.MX_I2S2_Init
                0x0000000008000ce4       0x5c Core/Src/main.o
 .text.MX_QUADSPI_Init
                0x0000000008000d40       0x58 Core/Src/main.o
 .text.MX_SDIO_SD_Init
                0x0000000008000d98       0x40 Core/Src/main.o
 .text.MX_UART10_Init
                0x0000000008000dd8       0x54 Core/Src/main.o
 .text.MX_USART6_UART_Init
                0x0000000008000e2c       0x54 Core/Src/main.o
 .text.MX_DMA_Init
                0x0000000008000e80       0x50 Core/Src/main.o
 .text.MX_GPIO_Init
                0x0000000008000ed0      0x378 Core/Src/main.o
 .text.MX_FSMC_Init
                0x0000000008001248      0x164 Core/Src/main.o
 .text.HAL_DFSDM_FilterRegConvHalfCpltCallback
                0x00000000080013ac       0x20 Core/Src/main.o
                0x00000000080013ac                HAL_DFSDM_FilterRegConvHalfCpltCallback
 .text.HAL_DFSDM_FilterRegConvCpltCallback
                0x00000000080013cc       0x20 Core/Src/main.o
                0x00000000080013cc                HAL_DFSDM_FilterRegConvCpltCallback
 .text.Error_Handler
                0x00000000080013ec        0xe Core/Src/main.o
                0x00000000080013ec                Error_Handler
 *fill*         0x00000000080013fa        0x2 
 .text.HAL_MspInit
                0x00000000080013fc       0x50 Core/Src/stm32f4xx_hal_msp.o
                0x00000000080013fc                HAL_MspInit
 .text.HAL_ADC_MspInit
                0x000000000800144c       0xf8 Core/Src/stm32f4xx_hal_msp.o
                0x000000000800144c                HAL_ADC_MspInit
 .text.HAL_DAC_MspInit
                0x0000000008001544       0x88 Core/Src/stm32f4xx_hal_msp.o
                0x0000000008001544                HAL_DAC_MspInit
 .text.HAL_DFSDM_FilterMspInit
                0x00000000080015cc      0x35c Core/Src/stm32f4xx_hal_msp.o
                0x00000000080015cc                HAL_DFSDM_FilterMspInit
 .text.HAL_DFSDM_ChannelMspInit
                0x0000000008001928      0x254 Core/Src/stm32f4xx_hal_msp.o
                0x0000000008001928                HAL_DFSDM_ChannelMspInit
 .text.HAL_FMPI2C_MspInit
                0x0000000008001b7c       0x90 Core/Src/stm32f4xx_hal_msp.o
                0x0000000008001b7c                HAL_FMPI2C_MspInit
 .text.HAL_I2S_MspInit
                0x0000000008001c0c      0x174 Core/Src/stm32f4xx_hal_msp.o
                0x0000000008001c0c                HAL_I2S_MspInit
 .text.HAL_QSPI_MspInit
                0x0000000008001d80      0x194 Core/Src/stm32f4xx_hal_msp.o
                0x0000000008001d80                HAL_QSPI_MspInit
 .text.HAL_SD_MspInit
                0x0000000008001f14       0xf4 Core/Src/stm32f4xx_hal_msp.o
                0x0000000008001f14                HAL_SD_MspInit
 .text.HAL_UART_MspInit
                0x0000000008002008       0xfc Core/Src/stm32f4xx_hal_msp.o
                0x0000000008002008                HAL_UART_MspInit
 .text.HAL_FSMC_MspInit
                0x0000000008002104       0xe0 Core/Src/stm32f4xx_hal_msp.o
 .text.HAL_SRAM_MspInit
                0x00000000080021e4       0x14 Core/Src/stm32f4xx_hal_msp.o
                0x00000000080021e4                HAL_SRAM_MspInit
 .text.NMI_Handler
                0x00000000080021f8        0xe Core/Src/stm32f4xx_it.o
                0x00000000080021f8                NMI_Handler
 .text.HardFault_Handler
                0x0000000008002206        0x6 Core/Src/stm32f4xx_it.o
                0x0000000008002206                HardFault_Handler
 .text.MemManage_Handler
                0x000000000800220c        0x6 Core/Src/stm32f4xx_it.o
                0x000000000800220c                MemManage_Handler
 .text.BusFault_Handler
                0x0000000008002212        0x6 Core/Src/stm32f4xx_it.o
                0x0000000008002212                BusFault_Handler
 .text.UsageFault_Handler
                0x0000000008002218        0x6 Core/Src/stm32f4xx_it.o
                0x0000000008002218                UsageFault_Handler
 .text.SVC_Handler
                0x000000000800221e        0xe Core/Src/stm32f4xx_it.o
                0x000000000800221e                SVC_Handler
 .text.DebugMon_Handler
                0x000000000800222c        0xe Core/Src/stm32f4xx_it.o
                0x000000000800222c                DebugMon_Handler
 .text.PendSV_Handler
                0x000000000800223a        0xe Core/Src/stm32f4xx_it.o
                0x000000000800223a                PendSV_Handler
 .text.SysTick_Handler
                0x0000000008002248        0xc Core/Src/stm32f4xx_it.o
                0x0000000008002248                SysTick_Handler
 .text.DMA2_Stream0_IRQHandler
                0x0000000008002254       0x14 Core/Src/stm32f4xx_it.o
                0x0000000008002254                DMA2_Stream0_IRQHandler
 .text.DMA2_Stream4_IRQHandler
                0x0000000008002268       0x14 Core/Src/stm32f4xx_it.o
                0x0000000008002268                DMA2_Stream4_IRQHandler
 .text._read    0x000000000800227c       0x3a Core/Src/syscalls.o
                0x000000000800227c                _read
 .text._write   0x00000000080022b6       0x38 Core/Src/syscalls.o
                0x00000000080022b6                _write
 .text._close   0x00000000080022ee       0x18 Core/Src/syscalls.o
                0x00000000080022ee                _close
 .text._fstat   0x0000000008002306       0x20 Core/Src/syscalls.o
                0x0000000008002306                _fstat
 .text._isatty  0x0000000008002326       0x16 Core/Src/syscalls.o
                0x0000000008002326                _isatty
 .text._lseek   0x000000000800233c       0x1a Core/Src/syscalls.o
                0x000000000800233c                _lseek
 *fill*         0x0000000008002356        0x2 
 .text._sbrk    0x0000000008002358       0x58 Core/Src/sysmem.o
                0x0000000008002358                _sbrk
 .text.SystemInit
                0x00000000080023b0       0x2c Core/Src/system_stm32f4xx.o
                0x00000000080023b0                SystemInit
 .text.Reset_Handler
                0x00000000080023dc       0x50 Core/Startup/startup_stm32f413zhtx.o
                0x00000000080023dc                Reset_Handler
 .text.Default_Handler
                0x000000000800242c        0x2 Core/Startup/startup_stm32f413zhtx.o
                0x000000000800242c                RTC_Alarm_IRQHandler
                0x000000000800242c                EXTI2_IRQHandler
                0x000000000800242c                TIM8_CC_IRQHandler
                0x000000000800242c                UART8_IRQHandler
                0x000000000800242c                FMPI2C1_EV_IRQHandler
                0x000000000800242c                SPI4_IRQHandler
                0x000000000800242c                TIM1_CC_IRQHandler
                0x000000000800242c                DMA2_Stream5_IRQHandler
                0x000000000800242c                DMA1_Stream5_IRQHandler
                0x000000000800242c                CAN3_RX1_IRQHandler
                0x000000000800242c                PVD_IRQHandler
                0x000000000800242c                SDIO_IRQHandler
                0x000000000800242c                TAMP_STAMP_IRQHandler
                0x000000000800242c                CAN2_RX1_IRQHandler
                0x000000000800242c                EXTI3_IRQHandler
                0x000000000800242c                TIM8_TRG_COM_TIM14_IRQHandler
                0x000000000800242c                DFSDM1_FLT1_IRQHandler
                0x000000000800242c                TIM1_UP_TIM10_IRQHandler
                0x000000000800242c                TIM8_UP_TIM13_IRQHandler
                0x000000000800242c                I2C3_ER_IRQHandler
                0x000000000800242c                EXTI0_IRQHandler
                0x000000000800242c                I2C2_EV_IRQHandler
                0x000000000800242c                DMA1_Stream2_IRQHandler
                0x000000000800242c                CAN1_RX0_IRQHandler
                0x000000000800242c                FPU_IRQHandler
                0x000000000800242c                CAN3_SCE_IRQHandler
                0x000000000800242c                CAN2_SCE_IRQHandler
                0x000000000800242c                DMA2_Stream2_IRQHandler
                0x000000000800242c                SPI1_IRQHandler
                0x000000000800242c                TIM6_DAC_IRQHandler
                0x000000000800242c                TIM1_BRK_TIM9_IRQHandler
                0x000000000800242c                CAN2_RX0_IRQHandler
                0x000000000800242c                DMA2_Stream3_IRQHandler
                0x000000000800242c                USART6_IRQHandler
                0x000000000800242c                CAN3_RX0_IRQHandler
                0x000000000800242c                USART3_IRQHandler
                0x000000000800242c                DFSDM2_FLT3_IRQHandler
                0x000000000800242c                CAN1_RX1_IRQHandler
                0x000000000800242c                UART5_IRQHandler
                0x000000000800242c                TIM4_IRQHandler
                0x000000000800242c                QUADSPI_IRQHandler
                0x000000000800242c                I2C1_EV_IRQHandler
                0x000000000800242c                DMA1_Stream6_IRQHandler
                0x000000000800242c                DMA1_Stream1_IRQHandler
                0x000000000800242c                UART4_IRQHandler
                0x000000000800242c                TIM3_IRQHandler
                0x000000000800242c                RCC_IRQHandler
                0x000000000800242c                UART9_IRQHandler
                0x000000000800242c                TIM8_BRK_TIM12_IRQHandler
                0x000000000800242c                Default_Handler
                0x000000000800242c                EXTI15_10_IRQHandler
                0x000000000800242c                ADC_IRQHandler
                0x000000000800242c                DMA1_Stream7_IRQHandler
                0x000000000800242c                DFSDM2_FLT0_IRQHandler
                0x000000000800242c                SPI5_IRQHandler
                0x000000000800242c                TIM7_IRQHandler
                0x000000000800242c                CAN2_TX_IRQHandler
                0x000000000800242c                TIM5_IRQHandler
                0x000000000800242c                DMA2_Stream7_IRQHandler
                0x000000000800242c                I2C3_EV_IRQHandler
                0x000000000800242c                DFSDM2_FLT2_IRQHandler
                0x000000000800242c                EXTI9_5_IRQHandler
                0x000000000800242c                RTC_WKUP_IRQHandler
                0x000000000800242c                SPI2_IRQHandler
                0x000000000800242c                DMA1_Stream0_IRQHandler
                0x000000000800242c                CAN1_TX_IRQHandler
                0x000000000800242c                FMPI2C1_ER_IRQHandler
                0x000000000800242c                EXTI4_IRQHandler
                0x000000000800242c                DFSDM2_FLT1_IRQHandler
                0x000000000800242c                RNG_IRQHandler
                0x000000000800242c                FSMC_IRQHandler
                0x000000000800242c                WWDG_IRQHandler
                0x000000000800242c                CAN3_TX_IRQHandler
                0x000000000800242c                TIM2_IRQHandler
                0x000000000800242c                OTG_FS_WKUP_IRQHandler
                0x000000000800242c                TIM1_TRG_COM_TIM11_IRQHandler
                0x000000000800242c                EXTI1_IRQHandler
                0x000000000800242c                UART7_IRQHandler
                0x000000000800242c                USART2_IRQHandler
                0x000000000800242c                DFSDM1_FLT0_IRQHandler
                0x000000000800242c                I2C2_ER_IRQHandler
                0x000000000800242c                DMA2_Stream1_IRQHandler
                0x000000000800242c                CAN1_SCE_IRQHandler
                0x000000000800242c                FLASH_IRQHandler
                0x000000000800242c                USART1_IRQHandler
                0x000000000800242c                OTG_FS_IRQHandler
                0x000000000800242c                SPI3_IRQHandler
                0x000000000800242c                DMA1_Stream4_IRQHandler
                0x000000000800242c                I2C1_ER_IRQHandler
                0x000000000800242c                LPTIM1_IRQHandler
                0x000000000800242c                DMA2_Stream6_IRQHandler
                0x000000000800242c                UART10_IRQHandler
                0x000000000800242c                SAI1_IRQHandler
                0x000000000800242c                DMA1_Stream3_IRQHandler
 *fill*         0x000000000800242e        0x2 
 .text.HAL_Init
                0x0000000008002430       0x44 Drivers/STM32F4xx_HAL_Driver/stm32f4xx_hal.o
                0x0000000008002430                HAL_Init
 .text.HAL_InitTick
                0x0000000008002474       0x60 Drivers/STM32F4xx_HAL_Driver/stm32f4xx_hal.o
                0x0000000008002474                HAL_InitTick
 .text.HAL_IncTick
                0x00000000080024d4       0x28 Drivers/STM32F4xx_HAL_Driver/stm32f4xx_hal.o
                0x00000000080024d4                HAL_IncTick
 .text.HAL_GetTick
                0x00000000080024fc       0x18 Drivers/STM32F4xx_HAL_Driver/stm32f4xx_hal.o
                0x00000000080024fc                HAL_GetTick
 .text.HAL_Delay
                0x0000000008002514       0x44 Drivers/STM32F4xx_HAL_Driver/stm32f4xx_hal.o
                0x0000000008002514                HAL_Delay
 .text.HAL_ADC_Init
                0x0000000008002558       0x86 Drivers/STM32F4xx_HAL_Driver/stm32f4xx_hal_adc.o
                0x0000000008002558                HAL_ADC_Init
 *fill*         0x00000000080025de        0x2 
 .text.HAL_ADC_ConfigChannel
                0x00000000080025e0      0x264 Drivers/STM32F4xx_HAL_Driver/stm32f4xx_hal_adc.o
                0x00000000080025e0                HAL_ADC_ConfigChannel
 .text.ADC_Init
                0x0000000008002844      0x1f8 Drivers/STM32F4xx_HAL_Driver/stm32f4xx_hal_adc.o
 .text.__NVIC_SetPriorityGrouping
                0x0000000008002a3c       0x48 Drivers/STM32F4xx_HAL_Driver/stm32f4xx_hal_cortex.o
 .text.__NVIC_GetPriorityGrouping
                0x0000000008002a84       0x1c Drivers/STM32F4xx_HAL_Driver/stm32f4xx_hal_cortex.o
 .text.__NVIC_EnableIRQ
                0x0000000008002aa0       0x3c Drivers/STM32F4xx_HAL_Driver/stm32f4xx_hal_cortex.o
 .text.__NVIC_SetPriority
                0x0000000008002adc       0x54 Drivers/STM32F4xx_HAL_Driver/stm32f4xx_hal_cortex.o
 .text.NVIC_EncodePriority
                0x0000000008002b30       0x66 Drivers/STM32F4xx_HAL_Driver/stm32f4xx_hal_cortex.o
 *fill*         0x0000000008002b96        0x2 
 .text.SysTick_Config
                0x0000000008002b98       0x44 Drivers/STM32F4xx_HAL_Driver/stm32f4xx_hal_cortex.o
 .text.HAL_NVIC_SetPriorityGrouping
                0x0000000008002bdc       0x16 Drivers/STM32F4xx_HAL_Driver/stm32f4xx_hal_cortex.o
                0x0000000008002bdc                HAL_NVIC_SetPriorityGrouping
 .text.HAL_NVIC_SetPriority
                0x0000000008002bf2       0x38 Drivers/STM32F4xx_HAL_Driver/stm32f4xx_hal_cortex.o
                0x0000000008002bf2                HAL_NVIC_SetPriority
 .text.HAL_NVIC_EnableIRQ
                0x0000000008002c2a       0x1c Drivers/STM32F4xx_HAL_Driver/stm32f4xx_hal_cortex.o
                0x0000000008002c2a                HAL_NVIC_EnableIRQ
 .text.HAL_SYSTICK_Config
                0x0000000008002c46       0x18 Drivers/STM32F4xx_HAL_Driver/stm32f4xx_hal_cortex.o
                0x0000000008002c46                HAL_SYSTICK_Config
 .text.HAL_DAC_Init
                0x0000000008002c5e       0x44 Drivers/STM32F4xx_HAL_Driver/stm32f4xx_hal_dac.o
                0x0000000008002c5e                HAL_DAC_Init
 .text.HAL_DAC_ConfigChannel
                0x0000000008002ca2       0x9a Drivers/STM32F4xx_HAL_Driver/stm32f4xx_hal_dac.o
                0x0000000008002ca2                HAL_DAC_ConfigChannel
 .text.HAL_DFSDM_ChannelInit
                0x0000000008002d3c      0x1e0 Drivers/STM32F4xx_HAL_Driver/stm32f4xx_hal_dfsdm.o
                0x0000000008002d3c                HAL_DFSDM_ChannelInit
 .text.HAL_DFSDM_ChannelGetState
                0x0000000008002f1c       0x1a Drivers/STM32F4xx_HAL_Driver/stm32f4xx_hal_dfsdm.o
                0x0000000008002f1c                HAL_DFSDM_ChannelGetState
 *fill*         0x0000000008002f36        0x2 
 .text.HAL_DFSDM_FilterInit
                0x0000000008002f38      0x1d8 Drivers/STM32F4xx_HAL_Driver/stm32f4xx_hal_dfsdm.o
                0x0000000008002f38                HAL_DFSDM_FilterInit
 .text.HAL_DFSDM_FilterConfigRegChannel
                0x0000000008003110       0x8a Drivers/STM32F4xx_HAL_Driver/stm32f4xx_hal_dfsdm.o
                0x0000000008003110                HAL_DFSDM_FilterConfigRegChannel
 *fill*         0x000000000800319a        0x2 
 .text.HAL_DFSDM_FilterRegularStart_DMA
                0x000000000800319c      0x108 Drivers/STM32F4xx_HAL_Driver/stm32f4xx_hal_dfsdm.o
                0x000000000800319c                HAL_DFSDM_FilterRegularStart_DMA
 .text.HAL_DFSDM_FilterErrorCallback
                0x00000000080032a4       0x14 Drivers/STM32F4xx_HAL_Driver/stm32f4xx_hal_dfsdm.o
                0x00000000080032a4                HAL_DFSDM_FilterErrorCallback
 .text.DFSDM_DMARegularHalfConvCplt
                0x00000000080032b8       0x1c Drivers/STM32F4xx_HAL_Driver/stm32f4xx_hal_dfsdm.o
 .text.DFSDM_DMARegularConvCplt
                0x00000000080032d4       0x1c Drivers/STM32F4xx_HAL_Driver/stm32f4xx_hal_dfsdm.o
 .text.DFSDM_DMAError
                0x00000000080032f0       0x22 Drivers/STM32F4xx_HAL_Driver/stm32f4xx_hal_dfsdm.o
 *fill*         0x0000000008003312        0x2 
 .text.DFSDM_GetChannelFromInstance
                0x0000000008003314       0xc8 Drivers/STM32F4xx_HAL_Driver/stm32f4xx_hal_dfsdm.o
 .text.DFSDM_RegConvStart
                0x00000000080033dc       0xac Drivers/STM32F4xx_HAL_Driver/stm32f4xx_hal_dfsdm.o
 .text.HAL_DMA_Init
                0x0000000008003488      0x15c Drivers/STM32F4xx_HAL_Driver/stm32f4xx_hal_dma.o
                0x0000000008003488                HAL_DMA_Init
 .text.HAL_DMA_Start_IT
                0x00000000080035e4       0xb0 Drivers/STM32F4xx_HAL_Driver/stm32f4xx_hal_dma.o
                0x00000000080035e4                HAL_DMA_Start_IT
 .text.HAL_DMA_IRQHandler
                0x0000000008003694      0x314 Drivers/STM32F4xx_HAL_Driver/stm32f4xx_hal_dma.o
                0x0000000008003694                HAL_DMA_IRQHandler
 .text.DMA_SetConfig
                0x00000000080039a8       0x5c Drivers/STM32F4xx_HAL_Driver/stm32f4xx_hal_dma.o
 .text.DMA_CalcBaseAndBitshift
                0x0000000008003a04       0x6c Drivers/STM32F4xx_HAL_Driver/stm32f4xx_hal_dma.o
 .text.DMA_CheckFifoParam
                0x0000000008003a70       0xf4 Drivers/STM32F4xx_HAL_Driver/stm32f4xx_hal_dma.o
 .text.HAL_FMPI2C_Init
                0x0000000008003b64      0x11e Drivers/STM32F4xx_HAL_Driver/stm32f4xx_hal_fmpi2c.o
                0x0000000008003b64                HAL_FMPI2C_Init
 .text.HAL_FMPI2CEx_ConfigAnalogFilter
                0x0000000008003c82       0x96 Drivers/STM32F4xx_HAL_Driver/stm32f4xx_hal_fmpi2c_ex.o
                0x0000000008003c82                HAL_FMPI2CEx_ConfigAnalogFilter
 .text.HAL_GPIO_Init
                0x0000000008003d18      0x324 Drivers/STM32F4xx_HAL_Driver/stm32f4xx_hal_gpio.o
                0x0000000008003d18                HAL_GPIO_Init
 .text.HAL_GPIO_ReadPin
                0x000000000800403c       0x30 Drivers/STM32F4xx_HAL_Driver/stm32f4xx_hal_gpio.o
                0x000000000800403c                HAL_GPIO_ReadPin
 .text.HAL_GPIO_WritePin
                0x000000000800406c       0x32 Drivers/STM32F4xx_HAL_Driver/stm32f4xx_hal_gpio.o
                0x000000000800406c                HAL_GPIO_WritePin
 *fill*         0x000000000800409e        0x2 
 .text.HAL_I2S_Init
                0x00000000080040a0      0x2c4 Drivers/STM32F4xx_HAL_Driver/stm32f4xx_hal_i2s.o
                0x00000000080040a0                HAL_I2S_Init
 .text.HAL_I2S_TxCpltCallback
                0x0000000008004364       0x14 Drivers/STM32F4xx_HAL_Driver/stm32f4xx_hal_i2s.o
                0x0000000008004364                HAL_I2S_TxCpltCallback
 .text.HAL_I2S_RxCpltCallback
                0x0000000008004378       0x14 Drivers/STM32F4xx_HAL_Driver/stm32f4xx_hal_i2s.o
                0x0000000008004378                HAL_I2S_RxCpltCallback
 .text.HAL_I2S_ErrorCallback
                0x000000000800438c       0x14 Drivers/STM32F4xx_HAL_Driver/stm32f4xx_hal_i2s.o
                0x000000000800438c                HAL_I2S_ErrorCallback
 .text.I2S_Transmit_IT
                0x00000000080043a0       0x5c Drivers/STM32F4xx_HAL_Driver/stm32f4xx_hal_i2s.o
 .text.I2S_Receive_IT
                0x00000000080043fc       0x5e Drivers/STM32F4xx_HAL_Driver/stm32f4xx_hal_i2s.o
 .text.I2S_IRQHandler
                0x000000000800445a      0x114 Drivers/STM32F4xx_HAL_Driver/stm32f4xx_hal_i2s.o
 *fill*         0x000000000800456e        0x2 
 .text.HAL_I2SEx_FullDuplex_IRQHandler
                0x0000000008004570      0x2a8 Drivers/STM32F4xx_HAL_Driver/stm32f4xx_hal_i2s_ex.o
                0x0000000008004570                HAL_I2SEx_FullDuplex_IRQHandler
 .text.HAL_I2SEx_TxRxCpltCallback
                0x0000000008004818       0x14 Drivers/STM32F4xx_HAL_Driver/stm32f4xx_hal_i2s_ex.o
                0x0000000008004818                HAL_I2SEx_TxRxCpltCallback
 .text.I2SEx_TxISR_I2S
                0x000000000800482c       0x62 Drivers/STM32F4xx_HAL_Driver/stm32f4xx_hal_i2s_ex.o
 *fill*         0x000000000800488e        0x2 
 .text.I2SEx_TxISR_I2SExt
                0x0000000008004890       0x98 Drivers/STM32F4xx_HAL_Driver/stm32f4xx_hal_i2s_ex.o
 .text.I2SEx_RxISR_I2S
                0x0000000008004928       0x64 Drivers/STM32F4xx_HAL_Driver/stm32f4xx_hal_i2s_ex.o
 .text.I2SEx_RxISR_I2SExt
                0x000000000800498c       0x98 Drivers/STM32F4xx_HAL_Driver/stm32f4xx_hal_i2s_ex.o
 .text.HAL_QSPI_Init
                0x0000000008004a24       0xf8 Drivers/STM32F4xx_HAL_Driver/stm32f4xx_hal_qspi.o
                0x0000000008004a24                HAL_QSPI_Init
 .text.HAL_QSPI_SetTimeout
                0x0000000008004b1c       0x1c Drivers/STM32F4xx_HAL_Driver/stm32f4xx_hal_qspi.o
                0x0000000008004b1c                HAL_QSPI_SetTimeout
 .text.QSPI_WaitFlagStateUntilTimeout
                0x0000000008004b38       0x6e Drivers/STM32F4xx_HAL_Driver/stm32f4xx_hal_qspi.o
 *fill*         0x0000000008004ba6        0x2 
 .text.HAL_RCC_ClockConfig
                0x0000000008004ba8      0x1cc Drivers/STM32F4xx_HAL_Driver/stm32f4xx_hal_rcc.o
                0x0000000008004ba8                HAL_RCC_ClockConfig
 .text.HAL_RCC_GetSysClockFreq
                0x0000000008004d74      0x164 Drivers/STM32F4xx_HAL_Driver/stm32f4xx_hal_rcc.o
                0x0000000008004d74                HAL_RCC_GetSysClockFreq
 .text.HAL_RCC_GetHCLKFreq
                0x0000000008004ed8       0x18 Drivers/STM32F4xx_HAL_Driver/stm32f4xx_hal_rcc.o
                0x0000000008004ed8                HAL_RCC_GetHCLKFreq
 .text.HAL_RCC_GetPCLK1Freq
                0x0000000008004ef0       0x28 Drivers/STM32F4xx_HAL_Driver/stm32f4xx_hal_rcc.o
                0x0000000008004ef0                HAL_RCC_GetPCLK1Freq
 .text.HAL_RCC_GetPCLK2Freq
                0x0000000008004f18       0x28 Drivers/STM32F4xx_HAL_Driver/stm32f4xx_hal_rcc.o
                0x0000000008004f18                HAL_RCC_GetPCLK2Freq
 .text.HAL_RCCEx_PeriphCLKConfig
                0x0000000008004f40      0x518 Drivers/STM32F4xx_HAL_Driver/stm32f4xx_hal_rcc_ex.o
                0x0000000008004f40                HAL_RCCEx_PeriphCLKConfig
 .text.HAL_RCCEx_GetPeriphCLKFreq
                0x0000000008005458      0x2a0 Drivers/STM32F4xx_HAL_Driver/stm32f4xx_hal_rcc_ex.o
                0x0000000008005458                HAL_RCCEx_GetPeriphCLKFreq
 .text.HAL_RCC_OscConfig
                0x00000000080056f8      0x484 Drivers/STM32F4xx_HAL_Driver/stm32f4xx_hal_rcc_ex.o
                0x00000000080056f8                HAL_RCC_OscConfig
 .text.HAL_SD_Init
                0x0000000008005b7c       0x60 Drivers/STM32F4xx_HAL_Driver/stm32f4xx_hal_sd.o
                0x0000000008005b7c                HAL_SD_Init
 .text.HAL_SD_InitCard
                0x0000000008005bdc       0xc0 Drivers/STM32F4xx_HAL_Driver/stm32f4xx_hal_sd.o
                0x0000000008005bdc                HAL_SD_InitCard
 .text.HAL_SD_ReadBlocks
                0x0000000008005c9c      0x3f0 Drivers/STM32F4xx_HAL_Driver/stm32f4xx_hal_sd.o
                0x0000000008005c9c                HAL_SD_ReadBlocks
 .text.HAL_SD_WriteBlocks
                0x000000000800608c      0x340 Drivers/STM32F4xx_HAL_Driver/stm32f4xx_hal_sd.o
                0x000000000800608c                HAL_SD_WriteBlocks
 .text.HAL_SD_GetCardCSD
                0x00000000080063cc      0x348 Drivers/STM32F4xx_HAL_Driver/stm32f4xx_hal_sd.o
                0x00000000080063cc                HAL_SD_GetCardCSD
 .text.HAL_SD_GetCardInfo
                0x0000000008006714       0x58 Drivers/STM32F4xx_HAL_Driver/stm32f4xx_hal_sd.o
                0x0000000008006714                HAL_SD_GetCardInfo
 .text.HAL_SD_GetCardState
                0x000000000800676c       0x40 Drivers/STM32F4xx_HAL_Driver/stm32f4xx_hal_sd.o
                0x000000000800676c                HAL_SD_GetCardState
 .text.SD_InitCard
                0x00000000080067ac      0x19a Drivers/STM32F4xx_HAL_Driver/stm32f4xx_hal_sd.o
 *fill*         0x0000000008006946        0x2 
 .text.SD_PowerON
                0x0000000008006948      0x11c Drivers/STM32F4xx_HAL_Driver/stm32f4xx_hal_sd.o
 .text.SD_SendStatus
                0x0000000008006a64       0x50 Drivers/STM32F4xx_HAL_Driver/stm32f4xx_hal_sd.o
 .text.HAL_SRAM_Init
                0x0000000008006ab4       0x88 Drivers/STM32F4xx_HAL_Driver/stm32f4xx_hal_sram.o
                0x0000000008006ab4                HAL_SRAM_Init
 .text.HAL_UART_Init
                0x0000000008006b3c       0x9a Drivers/STM32F4xx_HAL_Driver/stm32f4xx_hal_uart.o
                0x0000000008006b3c                HAL_UART_Init
 *fill*         0x0000000008006bd6        0x2 
 .text.UART_SetConfig
                0x0000000008006bd8      0x730 Drivers/STM32F4xx_HAL_Driver/stm32f4xx_hal_uart.o
 .text.FSMC_NORSRAM_Init
                0x0000000008007308       0xe0 Drivers/STM32F4xx_HAL_Driver/stm32f4xx_ll_fsmc.o
                0x0000000008007308                FSMC_NORSRAM_Init
 .text.FSMC_NORSRAM_Timing_Init
                0x00000000080073e8       0xa6 Drivers/STM32F4xx_HAL_Driver/stm32f4xx_ll_fsmc.o
                0x00000000080073e8                FSMC_NORSRAM_Timing_Init
 *fill*         0x000000000800748e        0x2 
 .text.FSMC_NORSRAM_Extended_Timing_Init
                0x0000000008007490       0x80 Drivers/STM32F4xx_HAL_Driver/stm32f4xx_ll_fsmc.o
                0x0000000008007490                FSMC_NORSRAM_Extended_Timing_Init
 .text.SDIO_Init
                0x0000000008007510       0x56 Drivers/STM32F4xx_HAL_Driver/stm32f4xx_ll_sdmmc.o
                0x0000000008007510                SDIO_Init
 .text.SDIO_ReadFIFO
                0x0000000008007566       0x1a Drivers/STM32F4xx_HAL_Driver/stm32f4xx_ll_sdmmc.o
                0x0000000008007566                SDIO_ReadFIFO
 .text.SDIO_WriteFIFO
                0x0000000008007580       0x22 Drivers/STM32F4xx_HAL_Driver/stm32f4xx_ll_sdmmc.o
                0x0000000008007580                SDIO_WriteFIFO
 .text.SDIO_PowerState_ON
                0x00000000080075a2       0x1e Drivers/STM32F4xx_HAL_Driver/stm32f4xx_ll_sdmmc.o
                0x00000000080075a2                SDIO_PowerState_ON
 .text.SDIO_GetPowerState
                0x00000000080075c0       0x1c Drivers/STM32F4xx_HAL_Driver/stm32f4xx_ll_sdmmc.o
                0x00000000080075c0                SDIO_GetPowerState
 .text.SDIO_SendCommand
                0x00000000080075dc       0x54 Drivers/STM32F4xx_HAL_Driver/stm32f4xx_ll_sdmmc.o
                0x00000000080075dc                SDIO_SendCommand
 .text.SDIO_GetCommandResponse
                0x0000000008007630       0x1a Drivers/STM32F4xx_HAL_Driver/stm32f4xx_ll_sdmmc.o
                0x0000000008007630                SDIO_GetCommandResponse
 .text.SDIO_GetResponse
                0x000000000800764a       0x26 Drivers/STM32F4xx_HAL_Driver/stm32f4xx_ll_sdmmc.o
                0x000000000800764a                SDIO_GetResponse
 .text.SDIO_ConfigData
                0x0000000008007670       0x58 Drivers/STM32F4xx_HAL_Driver/stm32f4xx_ll_sdmmc.o
                0x0000000008007670                SDIO_ConfigData
 .text.SDMMC_CmdBlockLength
                0x00000000080076c8       0x44 Drivers/STM32F4xx_HAL_Driver/stm32f4xx_ll_sdmmc.o
                0x00000000080076c8                SDMMC_CmdBlockLength
 .text.SDMMC_CmdReadSingleBlock
                0x000000000800770c       0x44 Drivers/STM32F4xx_HAL_Driver/stm32f4xx_ll_sdmmc.o
                0x000000000800770c                SDMMC_CmdReadSingleBlock
 .text.SDMMC_CmdReadMultiBlock
                0x0000000008007750       0x44 Drivers/STM32F4xx_HAL_Driver/stm32f4xx_ll_sdmmc.o
                0x0000000008007750                SDMMC_CmdReadMultiBlock
 .text.SDMMC_CmdWriteSingleBlock
                0x0000000008007794       0x44 Drivers/STM32F4xx_HAL_Driver/stm32f4xx_ll_sdmmc.o
                0x0000000008007794                SDMMC_CmdWriteSingleBlock
 .text.SDMMC_CmdWriteMultiBlock
                0x00000000080077d8       0x44 Drivers/STM32F4xx_HAL_Driver/stm32f4xx_ll_sdmmc.o
                0x00000000080077d8                SDMMC_CmdWriteMultiBlock
 .text.SDMMC_CmdStopTransfer
                0x000000000800781c       0x44 Drivers/STM32F4xx_HAL_Driver/stm32f4xx_ll_sdmmc.o
                0x000000000800781c                SDMMC_CmdStopTransfer
 .text.SDMMC_CmdSelDesel
                0x0000000008007860       0x46 Drivers/STM32F4xx_HAL_Driver/stm32f4xx_ll_sdmmc.o
                0x0000000008007860                SDMMC_CmdSelDesel
 .text.SDMMC_CmdGoIdleState
                0x00000000080078a6       0x3c Drivers/STM32F4xx_HAL_Driver/stm32f4xx_ll_sdmmc.o
                0x00000000080078a6                SDMMC_CmdGoIdleState
 .text.SDMMC_CmdOperCond
                0x00000000080078e2       0x3e Drivers/STM32F4xx_HAL_Driver/stm32f4xx_ll_sdmmc.o
                0x00000000080078e2                SDMMC_CmdOperCond
 .text.SDMMC_CmdAppCommand
                0x0000000008007920       0x44 Drivers/STM32F4xx_HAL_Driver/stm32f4xx_ll_sdmmc.o
                0x0000000008007920                SDMMC_CmdAppCommand
 .text.SDMMC_CmdAppOperCommand
                0x0000000008007964       0x46 Drivers/STM32F4xx_HAL_Driver/stm32f4xx_ll_sdmmc.o
                0x0000000008007964                SDMMC_CmdAppOperCommand
 .text.SDMMC_CmdSendCID
                0x00000000080079aa       0x3c Drivers/STM32F4xx_HAL_Driver/stm32f4xx_ll_sdmmc.o
                0x00000000080079aa                SDMMC_CmdSendCID
 .text.SDMMC_CmdSendCSD
                0x00000000080079e6       0x3e Drivers/STM32F4xx_HAL_Driver/stm32f4xx_ll_sdmmc.o
                0x00000000080079e6                SDMMC_CmdSendCSD
 .text.SDMMC_CmdSetRelAdd
                0x0000000008007a24       0x42 Drivers/STM32F4xx_HAL_Driver/stm32f4xx_ll_sdmmc.o
                0x0000000008007a24                SDMMC_CmdSetRelAdd
 .text.SDMMC_CmdSendStatus
                0x0000000008007a66       0x44 Drivers/STM32F4xx_HAL_Driver/stm32f4xx_ll_sdmmc.o
                0x0000000008007a66                SDMMC_CmdSendStatus
 *fill*         0x0000000008007aaa        0x2 
 .text.SDMMC_GetCmdError
                0x0000000008007aac       0x50 Drivers/STM32F4xx_HAL_Driver/stm32f4xx_ll_sdmmc.o
 .text.SDMMC_GetCmdResp1
                0x0000000008007afc      0x1d8 Drivers/STM32F4xx_HAL_Driver/stm32f4xx_ll_sdmmc.o
 .text.SDMMC_GetCmdResp2
                0x0000000008007cd4       0x8c Drivers/STM32F4xx_HAL_Driver/stm32f4xx_ll_sdmmc.o
 .text.SDMMC_GetCmdResp3
                0x0000000008007d60       0x74 Drivers/STM32F4xx_HAL_Driver/stm32f4xx_ll_sdmmc.o
 .text.SDMMC_GetCmdResp6
                0x0000000008007dd4       0xe8 Drivers/STM32F4xx_HAL_Driver/stm32f4xx_ll_sdmmc.o
 .text.SDMMC_GetCmdResp7
                0x0000000008007ebc       0x98 Drivers/STM32F4xx_HAL_Driver/stm32f4xx_ll_sdmmc.o
 .text.MX_FATFS_Init
                0x0000000008007f54       0x24 FATFS/App/fatfs.o
                0x0000000008007f54                MX_FATFS_Init
 .text.get_fattime
                0x0000000008007f78       0x10 FATFS/App/fatfs.o
                0x0000000008007f78                get_fattime
 .text.BSP_SD_Init
                0x0000000008007f88       0x30 FATFS/Target/bsp_driver_sd.o
                0x0000000008007f88                BSP_SD_Init
 .text.BSP_SD_ReadBlocks
                0x0000000008007fb8       0x3c FATFS/Target/bsp_driver_sd.o
                0x0000000008007fb8                BSP_SD_ReadBlocks
 .text.BSP_SD_WriteBlocks
                0x0000000008007ff4       0x3c FATFS/Target/bsp_driver_sd.o
                0x0000000008007ff4                BSP_SD_WriteBlocks
 .text.BSP_SD_GetCardState
                0x0000000008008030       0x20 FATFS/Target/bsp_driver_sd.o
                0x0000000008008030                BSP_SD_GetCardState
 .text.BSP_SD_GetCardInfo
                0x0000000008008050       0x1c FATFS/Target/bsp_driver_sd.o
                0x0000000008008050                BSP_SD_GetCardInfo
 .text.BSP_SD_IsDetected
                0x000000000800806c       0x24 FATFS/Target/bsp_driver_sd.o
                0x000000000800806c                BSP_SD_IsDetected
 .text.BSP_PlatformIsDetected
                0x0000000008008090       0x2c FATFS/Target/fatfs_platform.o
                0x0000000008008090                BSP_PlatformIsDetected
 .text.SD_CheckStatus
                0x00000000080080bc       0x3c FATFS/Target/sd_diskio.o
 .text.SD_initialize
                0x00000000080080f8       0x3c FATFS/Target/sd_diskio.o
                0x00000000080080f8                SD_initialize
 .text.SD_status
                0x0000000008008134       0x1c FATFS/Target/sd_diskio.o
                0x0000000008008134                SD_status
 .text.SD_read  0x0000000008008150       0x42 FATFS/Target/sd_diskio.o
                0x0000000008008150                SD_read
 .text.SD_write
                0x0000000008008192       0x42 FATFS/Target/sd_diskio.o
                0x0000000008008192                SD_write
 .text.SD_ioctl
                0x00000000080081d4       0xb0 FATFS/Target/sd_diskio.o
                0x00000000080081d4                SD_ioctl
 .text.ff_convert
                0x0000000008008284       0x78 Middlewares/FatFs/ccsbcs.o
                0x0000000008008284                ff_convert
 .text.ff_wtoupper
                0x00000000080082fc      0x114 Middlewares/FatFs/ccsbcs.o
                0x00000000080082fc                ff_wtoupper
 .text.disk_status
                0x0000000008008410       0x34 Middlewares/FatFs/diskio.o
                0x0000000008008410                disk_status
 .text.disk_initialize
                0x0000000008008444       0x4c Middlewares/FatFs/diskio.o
                0x0000000008008444                disk_initialize
 .text.disk_read
                0x0000000008008490       0x40 Middlewares/FatFs/diskio.o
                0x0000000008008490                disk_read
 .text.disk_write
                0x00000000080084d0       0x40 Middlewares/FatFs/diskio.o
                0x00000000080084d0                disk_write
 .text.disk_ioctl
                0x0000000008008510       0x3c Middlewares/FatFs/diskio.o
                0x0000000008008510                disk_ioctl
 .text.ld_word  0x000000000800854c       0x30 Middlewares/FatFs/ff.o
 .text.ld_dword
                0x000000000800857c       0x46 Middlewares/FatFs/ff.o
 .text.st_word  0x00000000080085c2       0x36 Middlewares/FatFs/ff.o
 .text.st_dword
                0x00000000080085f8       0x58 Middlewares/FatFs/ff.o
 .text.mem_cpy  0x0000000008008650       0x42 Middlewares/FatFs/ff.o
 .text.mem_set  0x0000000008008692       0x34 Middlewares/FatFs/ff.o
 .text.mem_cmp  0x00000000080086c6       0x4e Middlewares/FatFs/ff.o
 .text.chk_chr  0x0000000008008714       0x36 Middlewares/FatFs/ff.o
 *fill*         0x000000000800874a        0x2 
 .text.chk_lock
                0x000000000800874c       0xb8 Middlewares/FatFs/ff.o
 .text.enq_lock
                0x0000000008008804       0x44 Middlewares/FatFs/ff.o
 .text.inc_lock
                0x0000000008008848      0x11c Middlewares/FatFs/ff.o
 .text.dec_lock
                0x0000000008008964       0x78 Middlewares/FatFs/ff.o
 .text.clear_lock
                0x00000000080089dc       0x48 Middlewares/FatFs/ff.o
 .text.sync_window
                0x0000000008008a24       0x88 Middlewares/FatFs/ff.o
 .text.move_window
                0x0000000008008aac       0x5a Middlewares/FatFs/ff.o
 *fill*         0x0000000008008b06        0x2 
 .text.sync_fs  0x0000000008008b08       0xe0 Middlewares/FatFs/ff.o
 .text.clust2sect
                0x0000000008008be8       0x3e Middlewares/FatFs/ff.o
 .text.get_fat  0x0000000008008c26      0x1a0 Middlewares/FatFs/ff.o
 .text.put_fat  0x0000000008008dc6      0x22e Middlewares/FatFs/ff.o
 .text.remove_chain
                0x0000000008008ff4       0xca Middlewares/FatFs/ff.o
 .text.create_chain
                0x00000000080090be      0x130 Middlewares/FatFs/ff.o
 .text.clmt_clust
                0x00000000080091ee       0x70 Middlewares/FatFs/ff.o
 .text.dir_sdi  0x000000000800925e      0x112 Middlewares/FatFs/ff.o
 .text.dir_next
                0x0000000008009370      0x1ac Middlewares/FatFs/ff.o
 .text.dir_alloc
                0x000000000800951c       0x8e Middlewares/FatFs/ff.o
 .text.ld_clust
                0x00000000080095aa       0x3e Middlewares/FatFs/ff.o
 .text.st_clust
                0x00000000080095e8       0x40 Middlewares/FatFs/ff.o
 .text.cmp_lfn  0x0000000008009628       0xe0 Middlewares/FatFs/ff.o
 .text.put_lfn  0x0000000008009708       0xd0 Middlewares/FatFs/ff.o
 .text.gen_numname
                0x00000000080097d8      0x11e Middlewares/FatFs/ff.o
 .text.sum_sfn  0x00000000080098f6       0x42 Middlewares/FatFs/ff.o
 .text.dir_find
                0x0000000008009938      0x180 Middlewares/FatFs/ff.o
 .text.dir_register
                0x0000000008009ab8      0x1f0 Middlewares/FatFs/ff.o
 .text.create_name
                0x0000000008009ca8      0x370 Middlewares/FatFs/ff.o
 .text.follow_path
                0x000000000800a018       0xec Middlewares/FatFs/ff.o
 .text.get_ldnumber
                0x000000000800a104       0x88 Middlewares/FatFs/ff.o
 .text.check_fs
                0x000000000800a18c       0xac Middlewares/FatFs/ff.o
 .text.find_volume
                0x000000000800a238      0x510 Middlewares/FatFs/ff.o
 .text.validate
                0x000000000800a748       0x6a Middlewares/FatFs/ff.o
 *fill*         0x000000000800a7b2        0x2 
 .text.f_mount  0x000000000800a7b4       0x8c Middlewares/FatFs/ff.o
                0x000000000800a7b4                f_mount
 .text.f_open   0x000000000800a840      0x398 Middlewares/FatFs/ff.o
                0x000000000800a840                f_open
 .text.f_read   0x000000000800abd8      0x2be Middlewares/FatFs/ff.o
                0x000000000800abd8                f_read
 .text.f_write  0x000000000800ae96      0x328 Middlewares/FatFs/ff.o
                0x000000000800ae96                f_write
 .text.f_sync   0x000000000800b1be       0xfc Middlewares/FatFs/ff.o
                0x000000000800b1be                f_sync
 .text.f_close  0x000000000800b2ba       0x54 Middlewares/FatFs/ff.o
                0x000000000800b2ba                f_close
 *fill*         0x000000000800b30e        0x2 
 .text.FATFS_LinkDriverEx
                0x000000000800b310       0x98 Middlewares/FatFs/ff_gen_drv.o
                0x000000000800b310                FATFS_LinkDriverEx
 .text.FATFS_LinkDriver
                0x000000000800b3a8       0x1e Middlewares/FatFs/ff_gen_drv.o
                0x000000000800b3a8                FATFS_LinkDriver
 *fill*         0x000000000800b3c6        0x2 
 .text.__errno  0x000000000800b3c8        0xc c:/st/stm32cubeide_1.3.0/stm32cubeide/plugins/com.st.stm32cube.ide.mcu.externaltools.gnu-tools-for-stm32.7-2018-q2-update.win32_1.0.0.201904181610/tools/bin/../lib/gcc/arm-none-eabi/7.3.1/../../../../arm-none-eabi/lib/thumb/v7e-m/fpv4-sp/hard\libc_nano.a(lib_a-errno.o)
                0x000000000800b3c8                __errno
 .text.__libc_init_array
                0x000000000800b3d4       0x48 c:/st/stm32cubeide_1.3.0/stm32cubeide/plugins/com.st.stm32cube.ide.mcu.externaltools.gnu-tools-for-stm32.7-2018-q2-update.win32_1.0.0.201904181610/tools/bin/../lib/gcc/arm-none-eabi/7.3.1/../../../../arm-none-eabi/lib/thumb/v7e-m/fpv4-sp/hard\libc_nano.a(lib_a-init.o)
                0x000000000800b3d4                __libc_init_array
 .text.memset   0x000000000800b41c       0x10 c:/st/stm32cubeide_1.3.0/stm32cubeide/plugins/com.st.stm32cube.ide.mcu.externaltools.gnu-tools-for-stm32.7-2018-q2-update.win32_1.0.0.201904181610/tools/bin/../lib/gcc/arm-none-eabi/7.3.1/../../../../arm-none-eabi/lib/thumb/v7e-m/fpv4-sp/hard\libc_nano.a(lib_a-memset.o)
                0x000000000800b41c                memset
 .text._free_r  0x000000000800b42c       0x9c c:/st/stm32cubeide_1.3.0/stm32cubeide/plugins/com.st.stm32cube.ide.mcu.externaltools.gnu-tools-for-stm32.7-2018-q2-update.win32_1.0.0.201904181610/tools/bin/../lib/gcc/arm-none-eabi/7.3.1/../../../../arm-none-eabi/lib/thumb/v7e-m/fpv4-sp/hard\libc_nano.a(lib_a-nano-freer.o)
                0x000000000800b42c                _free_r
 .text._malloc_r
                0x000000000800b4c8       0xb4 c:/st/stm32cubeide_1.3.0/stm32cubeide/plugins/com.st.stm32cube.ide.mcu.externaltools.gnu-tools-for-stm32.7-2018-q2-update.win32_1.0.0.201904181610/tools/bin/../lib/gcc/arm-none-eabi/7.3.1/../../../../arm-none-eabi/lib/thumb/v7e-m/fpv4-sp/hard\libc_nano.a(lib_a-nano-mallocr.o)
                0x000000000800b4c8                _malloc_r
 .text.printf   0x000000000800b57c       0x30 c:/st/stm32cubeide_1.3.0/stm32cubeide/plugins/com.st.stm32cube.ide.mcu.externaltools.gnu-tools-for-stm32.7-2018-q2-update.win32_1.0.0.201904181610/tools/bin/../lib/gcc/arm-none-eabi/7.3.1/../../../../arm-none-eabi/lib/thumb/v7e-m/fpv4-sp/hard\libc_nano.a(lib_a-printf.o)
                0x000000000800b57c                iprintf
                0x000000000800b57c                printf
 .text._puts_r  0x000000000800b5ac       0xb8 c:/st/stm32cubeide_1.3.0/stm32cubeide/plugins/com.st.stm32cube.ide.mcu.externaltools.gnu-tools-for-stm32.7-2018-q2-update.win32_1.0.0.201904181610/tools/bin/../lib/gcc/arm-none-eabi/7.3.1/../../../../arm-none-eabi/lib/thumb/v7e-m/fpv4-sp/hard\libc_nano.a(lib_a-puts.o)
                0x000000000800b5ac                _puts_r
 .text.puts     0x000000000800b664       0x10 c:/st/stm32cubeide_1.3.0/stm32cubeide/plugins/com.st.stm32cube.ide.mcu.externaltools.gnu-tools-for-stm32.7-2018-q2-update.win32_1.0.0.201904181610/tools/bin/../lib/gcc/arm-none-eabi/7.3.1/../../../../arm-none-eabi/lib/thumb/v7e-m/fpv4-sp/hard\libc_nano.a(lib_a-puts.o)
                0x000000000800b664                puts
 .text._sbrk_r  0x000000000800b674       0x20 c:/st/stm32cubeide_1.3.0/stm32cubeide/plugins/com.st.stm32cube.ide.mcu.externaltools.gnu-tools-for-stm32.7-2018-q2-update.win32_1.0.0.201904181610/tools/bin/../lib/gcc/arm-none-eabi/7.3.1/../../../../arm-none-eabi/lib/thumb/v7e-m/fpv4-sp/hard\libc_nano.a(lib_a-sbrkr.o)
                0x000000000800b674                _sbrk_r
 .text.__swbuf_r
                0x000000000800b694       0xa4 c:/st/stm32cubeide_1.3.0/stm32cubeide/plugins/com.st.stm32cube.ide.mcu.externaltools.gnu-tools-for-stm32.7-2018-q2-update.win32_1.0.0.201904181610/tools/bin/../lib/gcc/arm-none-eabi/7.3.1/../../../../arm-none-eabi/lib/thumb/v7e-m/fpv4-sp/hard\libc_nano.a(lib_a-wbuf.o)
                0x000000000800b694                __swbuf_r
 .text.__swsetup_r
                0x000000000800b738       0xdc c:/st/stm32cubeide_1.3.0/stm32cubeide/plugins/com.st.stm32cube.ide.mcu.externaltools.gnu-tools-for-stm32.7-2018-q2-update.win32_1.0.0.201904181610/tools/bin/../lib/gcc/arm-none-eabi/7.3.1/../../../../arm-none-eabi/lib/thumb/v7e-m/fpv4-sp/hard\libc_nano.a(lib_a-wsetup.o)
                0x000000000800b738                __swsetup_r
 .text.__sflush_r
                0x000000000800b814      0x10c c:/st/stm32cubeide_1.3.0/stm32cubeide/plugins/com.st.stm32cube.ide.mcu.externaltools.gnu-tools-for-stm32.7-2018-q2-update.win32_1.0.0.201904181610/tools/bin/../lib/gcc/arm-none-eabi/7.3.1/../../../../arm-none-eabi/lib/thumb/v7e-m/fpv4-sp/hard\libc_nano.a(lib_a-fflush.o)
                0x000000000800b814                __sflush_r
 .text._fflush_r
                0x000000000800b920       0x54 c:/st/stm32cubeide_1.3.0/stm32cubeide/plugins/com.st.stm32cube.ide.mcu.externaltools.gnu-tools-for-stm32.7-2018-q2-update.win32_1.0.0.201904181610/tools/bin/../lib/gcc/arm-none-eabi/7.3.1/../../../../arm-none-eabi/lib/thumb/v7e-m/fpv4-sp/hard\libc_nano.a(lib_a-fflush.o)
                0x000000000800b920                _fflush_r
 .text.std      0x000000000800b974       0x48 c:/st/stm32cubeide_1.3.0/stm32cubeide/plugins/com.st.stm32cube.ide.mcu.externaltools.gnu-tools-for-stm32.7-2018-q2-update.win32_1.0.0.201904181610/tools/bin/../lib/gcc/arm-none-eabi/7.3.1/../../../../arm-none-eabi/lib/thumb/v7e-m/fpv4-sp/hard\libc_nano.a(lib_a-findfp.o)
 .text._cleanup_r
                0x000000000800b9bc        0xc c:/st/stm32cubeide_1.3.0/stm32cubeide/plugins/com.st.stm32cube.ide.mcu.externaltools.gnu-tools-for-stm32.7-2018-q2-update.win32_1.0.0.201904181610/tools/bin/../lib/gcc/arm-none-eabi/7.3.1/../../../../arm-none-eabi/lib/thumb/v7e-m/fpv4-sp/hard\libc_nano.a(lib_a-findfp.o)
                0x000000000800b9bc                _cleanup_r
 .text.__sfmoreglue
                0x000000000800b9c8       0x2c c:/st/stm32cubeide_1.3.0/stm32cubeide/plugins/com.st.stm32cube.ide.mcu.externaltools.gnu-tools-for-stm32.7-2018-q2-update.win32_1.0.0.201904181610/tools/bin/../lib/gcc/arm-none-eabi/7.3.1/../../../../arm-none-eabi/lib/thumb/v7e-m/fpv4-sp/hard\libc_nano.a(lib_a-findfp.o)
                0x000000000800b9c8                __sfmoreglue
 .text.__sinit  0x000000000800b9f4       0x60 c:/st/stm32cubeide_1.3.0/stm32cubeide/plugins/com.st.stm32cube.ide.mcu.externaltools.gnu-tools-for-stm32.7-2018-q2-update.win32_1.0.0.201904181610/tools/bin/../lib/gcc/arm-none-eabi/7.3.1/../../../../arm-none-eabi/lib/thumb/v7e-m/fpv4-sp/hard\libc_nano.a(lib_a-findfp.o)
                0x000000000800b9f4                __sinit
 .text.__sfp    0x000000000800ba54       0x78 c:/st/stm32cubeide_1.3.0/stm32cubeide/plugins/com.st.stm32cube.ide.mcu.externaltools.gnu-tools-for-stm32.7-2018-q2-update.win32_1.0.0.201904181610/tools/bin/../lib/gcc/arm-none-eabi/7.3.1/../../../../arm-none-eabi/lib/thumb/v7e-m/fpv4-sp/hard\libc_nano.a(lib_a-findfp.o)
                0x000000000800ba54                __sfp
 .text._fwalk_reent
                0x000000000800bacc       0x3c c:/st/stm32cubeide_1.3.0/stm32cubeide/plugins/com.st.stm32cube.ide.mcu.externaltools.gnu-tools-for-stm32.7-2018-q2-update.win32_1.0.0.201904181610/tools/bin/../lib/gcc/arm-none-eabi/7.3.1/../../../../arm-none-eabi/lib/thumb/v7e-m/fpv4-sp/hard\libc_nano.a(lib_a-fwalk.o)
                0x000000000800bacc                _fwalk_reent
 .text.__swhatbuf_r
                0x000000000800bb08       0x48 c:/st/stm32cubeide_1.3.0/stm32cubeide/plugins/com.st.stm32cube.ide.mcu.externaltools.gnu-tools-for-stm32.7-2018-q2-update.win32_1.0.0.201904181610/tools/bin/../lib/gcc/arm-none-eabi/7.3.1/../../../../arm-none-eabi/lib/thumb/v7e-m/fpv4-sp/hard\libc_nano.a(lib_a-makebuf.o)
                0x000000000800bb08                __swhatbuf_r
 .text.__smakebuf_r
                0x000000000800bb50       0x80 c:/st/stm32cubeide_1.3.0/stm32cubeide/plugins/com.st.stm32cube.ide.mcu.externaltools.gnu-tools-for-stm32.7-2018-q2-update.win32_1.0.0.201904181610/tools/bin/../lib/gcc/arm-none-eabi/7.3.1/../../../../arm-none-eabi/lib/thumb/v7e-m/fpv4-sp/hard\libc_nano.a(lib_a-makebuf.o)
                0x000000000800bb50                __smakebuf_r
 .text.__malloc_lock
                0x000000000800bbd0        0x2 c:/st/stm32cubeide_1.3.0/stm32cubeide/plugins/com.st.stm32cube.ide.mcu.externaltools.gnu-tools-for-stm32.7-2018-q2-update.win32_1.0.0.201904181610/tools/bin/../lib/gcc/arm-none-eabi/7.3.1/../../../../arm-none-eabi/lib/thumb/v7e-m/fpv4-sp/hard\libc_nano.a(lib_a-mlock.o)
                0x000000000800bbd0                __malloc_lock
 .text.__malloc_unlock
                0x000000000800bbd2        0x2 c:/st/stm32cubeide_1.3.0/stm32cubeide/plugins/com.st.stm32cube.ide.mcu.externaltools.gnu-tools-for-stm32.7-2018-q2-update.win32_1.0.0.201904181610/tools/bin/../lib/gcc/arm-none-eabi/7.3.1/../../../../arm-none-eabi/lib/thumb/v7e-m/fpv4-sp/hard\libc_nano.a(lib_a-mlock.o)
                0x000000000800bbd2                __malloc_unlock
 .text.__sfputc_r
                0x000000000800bbd4       0x2e c:/st/stm32cubeide_1.3.0/stm32cubeide/plugins/com.st.stm32cube.ide.mcu.externaltools.gnu-tools-for-stm32.7-2018-q2-update.win32_1.0.0.201904181610/tools/bin/../lib/gcc/arm-none-eabi/7.3.1/../../../../arm-none-eabi/lib/thumb/v7e-m/fpv4-sp/hard\libc_nano.a(lib_a-nano-vfprintf.o)
 .text.__sfputs_r
                0x000000000800bc02       0x24 c:/st/stm32cubeide_1.3.0/stm32cubeide/plugins/com.st.stm32cube.ide.mcu.externaltools.gnu-tools-for-stm32.7-2018-q2-update.win32_1.0.0.201904181610/tools/bin/../lib/gcc/arm-none-eabi/7.3.1/../../../../arm-none-eabi/lib/thumb/v7e-m/fpv4-sp/hard\libc_nano.a(lib_a-nano-vfprintf.o)
                0x000000000800bc02                __sfputs_r
 *fill*         0x000000000800bc26        0x2 
 .text._vfprintf_r
                0x000000000800bc28      0x22c c:/st/stm32cubeide_1.3.0/stm32cubeide/plugins/com.st.stm32cube.ide.mcu.externaltools.gnu-tools-for-stm32.7-2018-q2-update.win32_1.0.0.201904181610/tools/bin/../lib/gcc/arm-none-eabi/7.3.1/../../../../arm-none-eabi/lib/thumb/v7e-m/fpv4-sp/hard\libc_nano.a(lib_a-nano-vfprintf.o)
                0x000000000800bc28                _vfprintf_r
                0x000000000800bc28                _vfiprintf_r
 .text._printf_common
                0x000000000800be54       0xea c:/st/stm32cubeide_1.3.0/stm32cubeide/plugins/com.st.stm32cube.ide.mcu.externaltools.gnu-tools-for-stm32.7-2018-q2-update.win32_1.0.0.201904181610/tools/bin/../lib/gcc/arm-none-eabi/7.3.1/../../../../arm-none-eabi/lib/thumb/v7e-m/fpv4-sp/hard\libc_nano.a(lib_a-nano-vfprintf_i.o)
                0x000000000800be54                _printf_common
 *fill*         0x000000000800bf3e        0x2 
 .text._printf_i
                0x000000000800bf40      0x224 c:/st/stm32cubeide_1.3.0/stm32cubeide/plugins/com.st.stm32cube.ide.mcu.externaltools.gnu-tools-for-stm32.7-2018-q2-update.win32_1.0.0.201904181610/tools/bin/../lib/gcc/arm-none-eabi/7.3.1/../../../../arm-none-eabi/lib/thumb/v7e-m/fpv4-sp/hard\libc_nano.a(lib_a-nano-vfprintf_i.o)
                0x000000000800bf40                _printf_i
 .text.__sread  0x000000000800c164       0x22 c:/st/stm32cubeide_1.3.0/stm32cubeide/plugins/com.st.stm32cube.ide.mcu.externaltools.gnu-tools-for-stm32.7-2018-q2-update.win32_1.0.0.201904181610/tools/bin/../lib/gcc/arm-none-eabi/7.3.1/../../../../arm-none-eabi/lib/thumb/v7e-m/fpv4-sp/hard\libc_nano.a(lib_a-stdio.o)
                0x000000000800c164                __sread
 .text.__swrite
                0x000000000800c186       0x38 c:/st/stm32cubeide_1.3.0/stm32cubeide/plugins/com.st.stm32cube.ide.mcu.externaltools.gnu-tools-for-stm32.7-2018-q2-update.win32_1.0.0.201904181610/tools/bin/../lib/gcc/arm-none-eabi/7.3.1/../../../../arm-none-eabi/lib/thumb/v7e-m/fpv4-sp/hard\libc_nano.a(lib_a-stdio.o)
                0x000000000800c186                __swrite
 .text.__sseek  0x000000000800c1be       0x24 c:/st/stm32cubeide_1.3.0/stm32cubeide/plugins/com.st.stm32cube.ide.mcu.externaltools.gnu-tools-for-stm32.7-2018-q2-update.win32_1.0.0.201904181610/tools/bin/../lib/gcc/arm-none-eabi/7.3.1/../../../../arm-none-eabi/lib/thumb/v7e-m/fpv4-sp/hard\libc_nano.a(lib_a-stdio.o)
                0x000000000800c1be                __sseek
 .text.__sclose
                0x000000000800c1e2        0x8 c:/st/stm32cubeide_1.3.0/stm32cubeide/plugins/com.st.stm32cube.ide.mcu.externaltools.gnu-tools-for-stm32.7-2018-q2-update.win32_1.0.0.201904181610/tools/bin/../lib/gcc/arm-none-eabi/7.3.1/../../../../arm-none-eabi/lib/thumb/v7e-m/fpv4-sp/hard\libc_nano.a(lib_a-stdio.o)
                0x000000000800c1e2                __sclose
 *fill*         0x000000000800c1ea        0x2 
 .text._write_r
                0x000000000800c1ec       0x24 c:/st/stm32cubeide_1.3.0/stm32cubeide/plugins/com.st.stm32cube.ide.mcu.externaltools.gnu-tools-for-stm32.7-2018-q2-update.win32_1.0.0.201904181610/tools/bin/../lib/gcc/arm-none-eabi/7.3.1/../../../../arm-none-eabi/lib/thumb/v7e-m/fpv4-sp/hard\libc_nano.a(lib_a-writer.o)
                0x000000000800c1ec                _write_r
 .text._close_r
                0x000000000800c210       0x20 c:/st/stm32cubeide_1.3.0/stm32cubeide/plugins/com.st.stm32cube.ide.mcu.externaltools.gnu-tools-for-stm32.7-2018-q2-update.win32_1.0.0.201904181610/tools/bin/../lib/gcc/arm-none-eabi/7.3.1/../../../../arm-none-eabi/lib/thumb/v7e-m/fpv4-sp/hard\libc_nano.a(lib_a-closer.o)
                0x000000000800c210                _close_r
 .text._fstat_r
                0x000000000800c230       0x24 c:/st/stm32cubeide_1.3.0/stm32cubeide/plugins/com.st.stm32cube.ide.mcu.externaltools.gnu-tools-for-stm32.7-2018-q2-update.win32_1.0.0.201904181610/tools/bin/../lib/gcc/arm-none-eabi/7.3.1/../../../../arm-none-eabi/lib/thumb/v7e-m/fpv4-sp/hard\libc_nano.a(lib_a-fstatr.o)
                0x000000000800c230                _fstat_r
 .text._isatty_r
                0x000000000800c254       0x20 c:/st/stm32cubeide_1.3.0/stm32cubeide/plugins/com.st.stm32cube.ide.mcu.externaltools.gnu-tools-for-stm32.7-2018-q2-update.win32_1.0.0.201904181610/tools/bin/../lib/gcc/arm-none-eabi/7.3.1/../../../../arm-none-eabi/lib/thumb/v7e-m/fpv4-sp/hard\libc_nano.a(lib_a-isattyr.o)
                0x000000000800c254                _isatty_r
 .text._lseek_r
                0x000000000800c274       0x24 c:/st/stm32cubeide_1.3.0/stm32cubeide/plugins/com.st.stm32cube.ide.mcu.externaltools.gnu-tools-for-stm32.7-2018-q2-update.win32_1.0.0.201904181610/tools/bin/../lib/gcc/arm-none-eabi/7.3.1/../../../../arm-none-eabi/lib/thumb/v7e-m/fpv4-sp/hard\libc_nano.a(lib_a-lseekr.o)
                0x000000000800c274                _lseek_r
 .text._read_r  0x000000000800c298       0x24 c:/st/stm32cubeide_1.3.0/stm32cubeide/plugins/com.st.stm32cube.ide.mcu.externaltools.gnu-tools-for-stm32.7-2018-q2-update.win32_1.0.0.201904181610/tools/bin/../lib/gcc/arm-none-eabi/7.3.1/../../../../arm-none-eabi/lib/thumb/v7e-m/fpv4-sp/hard\libc_nano.a(lib_a-readr.o)
                0x000000000800c298                _read_r
 *(.glue_7)
 .glue_7        0x000000000800c2bc        0x0 linker stubs
 *(.glue_7t)
 .glue_7t       0x000000000800c2bc        0x0 linker stubs
 *(.eh_frame)
 .eh_frame      0x000000000800c2bc        0x0 c:/st/stm32cubeide_1.3.0/stm32cubeide/plugins/com.st.stm32cube.ide.mcu.externaltools.gnu-tools-for-stm32.7-2018-q2-update.win32_1.0.0.201904181610/tools/bin/../lib/gcc/arm-none-eabi/7.3.1/thumb/v7e-m/fpv4-sp/hard/crtbegin.o
 *(.init)
 .init          0x000000000800c2bc        0x4 c:/st/stm32cubeide_1.3.0/stm32cubeide/plugins/com.st.stm32cube.ide.mcu.externaltools.gnu-tools-for-stm32.7-2018-q2-update.win32_1.0.0.201904181610/tools/bin/../lib/gcc/arm-none-eabi/7.3.1/thumb/v7e-m/fpv4-sp/hard/crti.o
                0x000000000800c2bc                _init
 .init          0x000000000800c2c0        0x8 c:/st/stm32cubeide_1.3.0/stm32cubeide/plugins/com.st.stm32cube.ide.mcu.externaltools.gnu-tools-for-stm32.7-2018-q2-update.win32_1.0.0.201904181610/tools/bin/../lib/gcc/arm-none-eabi/7.3.1/thumb/v7e-m/fpv4-sp/hard/crtn.o
 *(.fini)
 .fini          0x000000000800c2c8        0x4 c:/st/stm32cubeide_1.3.0/stm32cubeide/plugins/com.st.stm32cube.ide.mcu.externaltools.gnu-tools-for-stm32.7-2018-q2-update.win32_1.0.0.201904181610/tools/bin/../lib/gcc/arm-none-eabi/7.3.1/thumb/v7e-m/fpv4-sp/hard/crti.o
                0x000000000800c2c8                _fini
 .fini          0x000000000800c2cc        0x8 c:/st/stm32cubeide_1.3.0/stm32cubeide/plugins/com.st.stm32cube.ide.mcu.externaltools.gnu-tools-for-stm32.7-2018-q2-update.win32_1.0.0.201904181610/tools/bin/../lib/gcc/arm-none-eabi/7.3.1/thumb/v7e-m/fpv4-sp/hard/crtn.o
                0x000000000800c2d4                . = ALIGN (0x4)
                0x000000000800c2d4                _etext = .

.vfp11_veneer   0x000000000800c2d4        0x0
 .vfp11_veneer  0x000000000800c2d4        0x0 linker stubs

.v4_bx          0x000000000800c2d4        0x0
 .v4_bx         0x000000000800c2d4        0x0 linker stubs

.iplt           0x000000000800c2d4        0x0
 .iplt          0x000000000800c2d4        0x0 c:/st/stm32cubeide_1.3.0/stm32cubeide/plugins/com.st.stm32cube.ide.mcu.externaltools.gnu-tools-for-stm32.7-2018-q2-update.win32_1.0.0.201904181610/tools/bin/../lib/gcc/arm-none-eabi/7.3.1/thumb/v7e-m/fpv4-sp/hard/crtbegin.o

.rodata         0x000000000800c2d4      0x5e8
                0x000000000800c2d4                . = ALIGN (0x4)
 *(.rodata)
 .rodata        0x000000000800c2d4       0x92 Core/Src/main.o
 *fill*         0x000000000800c366        0x2 
 .rodata        0x000000000800c368       0x48 Middlewares/FatFs/ff.o
 *(.rodata*)
 .rodata.AHBPrescTable
                0x000000000800c3b0       0x10 Core/Src/system_stm32f4xx.o
                0x000000000800c3b0                AHBPrescTable
 .rodata.APBPrescTable
                0x000000000800c3c0        0x8 Core/Src/system_stm32f4xx.o
                0x000000000800c3c0                APBPrescTable
 .rodata.flagBitshiftOffset.9124
                0x000000000800c3c8        0x8 Drivers/STM32F4xx_HAL_Driver/stm32f4xx_hal_dma.o
 .rodata.SD_Driver
                0x000000000800c3d0       0x14 FATFS/Target/sd_diskio.o
                0x000000000800c3d0                SD_Driver
 .rodata.Tbl    0x000000000800c3e4      0x100 Middlewares/FatFs/ccsbcs.o
 .rodata.cvt1.9877
                0x000000000800c4e4      0x1f2 Middlewares/FatFs/ccsbcs.o
 *fill*         0x000000000800c6d6        0x2 
 .rodata.cvt2.9878
                0x000000000800c6d8       0xbc Middlewares/FatFs/ccsbcs.o
 .rodata.ExCvt  0x000000000800c794       0x80 Middlewares/FatFs/ff.o
 .rodata.LfnOfs
                0x000000000800c814        0xd Middlewares/FatFs/ff.o
 *fill*         0x000000000800c821        0x3 
 .rodata._global_impure_ptr
                0x000000000800c824        0x4 c:/st/stm32cubeide_1.3.0/stm32cubeide/plugins/com.st.stm32cube.ide.mcu.externaltools.gnu-tools-for-stm32.7-2018-q2-update.win32_1.0.0.201904181610/tools/bin/../lib/gcc/arm-none-eabi/7.3.1/../../../../arm-none-eabi/lib/thumb/v7e-m/fpv4-sp/hard\libc_nano.a(lib_a-impure.o)
                0x000000000800c824                _global_impure_ptr
 .rodata.__sf_fake_stderr
                0x000000000800c828       0x20 c:/st/stm32cubeide_1.3.0/stm32cubeide/plugins/com.st.stm32cube.ide.mcu.externaltools.gnu-tools-for-stm32.7-2018-q2-update.win32_1.0.0.201904181610/tools/bin/../lib/gcc/arm-none-eabi/7.3.1/../../../../arm-none-eabi/lib/thumb/v7e-m/fpv4-sp/hard\libc_nano.a(lib_a-findfp.o)
                0x000000000800c828                __sf_fake_stderr
 .rodata.__sf_fake_stdin
                0x000000000800c848       0x20 c:/st/stm32cubeide_1.3.0/stm32cubeide/plugins/com.st.stm32cube.ide.mcu.externaltools.gnu-tools-for-stm32.7-2018-q2-update.win32_1.0.0.201904181610/tools/bin/../lib/gcc/arm-none-eabi/7.3.1/../../../../arm-none-eabi/lib/thumb/v7e-m/fpv4-sp/hard\libc_nano.a(lib_a-findfp.o)
                0x000000000800c848                __sf_fake_stdin
 .rodata.__sf_fake_stdout
                0x000000000800c868       0x20 c:/st/stm32cubeide_1.3.0/stm32cubeide/plugins/com.st.stm32cube.ide.mcu.externaltools.gnu-tools-for-stm32.7-2018-q2-update.win32_1.0.0.201904181610/tools/bin/../lib/gcc/arm-none-eabi/7.3.1/../../../../arm-none-eabi/lib/thumb/v7e-m/fpv4-sp/hard\libc_nano.a(lib_a-findfp.o)
                0x000000000800c868                __sf_fake_stdout
 .rodata._vfprintf_r.str1.1
                0x000000000800c888       0x11 c:/st/stm32cubeide_1.3.0/stm32cubeide/plugins/com.st.stm32cube.ide.mcu.externaltools.gnu-tools-for-stm32.7-2018-q2-update.win32_1.0.0.201904181610/tools/bin/../lib/gcc/arm-none-eabi/7.3.1/../../../../arm-none-eabi/lib/thumb/v7e-m/fpv4-sp/hard\libc_nano.a(lib_a-nano-vfprintf.o)
 .rodata._printf_i.str1.1
                0x000000000800c899       0x22 c:/st/stm32cubeide_1.3.0/stm32cubeide/plugins/com.st.stm32cube.ide.mcu.externaltools.gnu-tools-for-stm32.7-2018-q2-update.win32_1.0.0.201904181610/tools/bin/../lib/gcc/arm-none-eabi/7.3.1/../../../../arm-none-eabi/lib/thumb/v7e-m/fpv4-sp/hard\libc_nano.a(lib_a-nano-vfprintf_i.o)
                0x000000000800c8bc                . = ALIGN (0x4)
 *fill*         0x000000000800c8bb        0x1 

.ARM.extab      0x000000000800c8bc        0x0
                0x000000000800c8bc                . = ALIGN (0x4)
 *(.ARM.extab* .gnu.linkonce.armextab.*)
                0x000000000800c8bc                . = ALIGN (0x4)

.ARM            0x000000000800c8bc        0x8
                0x000000000800c8bc                . = ALIGN (0x4)
                0x000000000800c8bc                __exidx_start = .
 *(.ARM.exidx*)
 .ARM.exidx     0x000000000800c8bc        0x8 c:/st/stm32cubeide_1.3.0/stm32cubeide/plugins/com.st.stm32cube.ide.mcu.externaltools.gnu-tools-for-stm32.7-2018-q2-update.win32_1.0.0.201904181610/tools/bin/../lib/gcc/arm-none-eabi/7.3.1/thumb/v7e-m/fpv4-sp/hard\libgcc.a(_udivmoddi4.o)
                0x000000000800c8c4                __exidx_end = .
                0x000000000800c8c4                . = ALIGN (0x4)

.rel.dyn        0x000000000800c8c4        0x0
 .rel.iplt      0x000000000800c8c4        0x0 c:/st/stm32cubeide_1.3.0/stm32cubeide/plugins/com.st.stm32cube.ide.mcu.externaltools.gnu-tools-for-stm32.7-2018-q2-update.win32_1.0.0.201904181610/tools/bin/../lib/gcc/arm-none-eabi/7.3.1/thumb/v7e-m/fpv4-sp/hard/crtbegin.o

.preinit_array  0x000000000800c8c4        0x0
                0x000000000800c8c4                . = ALIGN (0x4)
                0x000000000800c8c4                PROVIDE (__preinit_array_start = .)
 *(.preinit_array*)
                0x000000000800c8c4                PROVIDE (__preinit_array_end = .)
                0x000000000800c8c4                . = ALIGN (0x4)

.init_array     0x000000000800c8c4        0x4
                0x000000000800c8c4                . = ALIGN (0x4)
                0x000000000800c8c4                PROVIDE (__init_array_start = .)
 *(SORT_BY_NAME(.init_array.*))
 *(.init_array*)
 .init_array    0x000000000800c8c4        0x4 c:/st/stm32cubeide_1.3.0/stm32cubeide/plugins/com.st.stm32cube.ide.mcu.externaltools.gnu-tools-for-stm32.7-2018-q2-update.win32_1.0.0.201904181610/tools/bin/../lib/gcc/arm-none-eabi/7.3.1/thumb/v7e-m/fpv4-sp/hard/crtbegin.o
                0x000000000800c8c8                PROVIDE (__init_array_end = .)
                0x000000000800c8c8                . = ALIGN (0x4)

.fini_array     0x000000000800c8c8        0x4
                0x000000000800c8c8                . = ALIGN (0x4)
                [!provide]                        PROVIDE (__fini_array_start = .)
 *(SORT_BY_NAME(.fini_array.*))
 *(.fini_array*)
 .fini_array    0x000000000800c8c8        0x4 c:/st/stm32cubeide_1.3.0/stm32cubeide/plugins/com.st.stm32cube.ide.mcu.externaltools.gnu-tools-for-stm32.7-2018-q2-update.win32_1.0.0.201904181610/tools/bin/../lib/gcc/arm-none-eabi/7.3.1/thumb/v7e-m/fpv4-sp/hard/crtbegin.o
                [!provide]                        PROVIDE (__fini_array_end = .)
                0x000000000800c8cc                . = ALIGN (0x4)
                0x000000000800c8cc                _sidata = LOADADDR (.data)

.data           0x0000000020000000       0x70 load address 0x000000000800c8cc
                0x0000000020000000                . = ALIGN (0x4)
                0x0000000020000000                _sdata = .
 *(.data)
 *(.data*)
 .data.SystemCoreClock
                0x0000000020000000        0x4 Core/Src/system_stm32f4xx.o
                0x0000000020000000                SystemCoreClock
 .data.uwTickPrio
                0x0000000020000004        0x4 Drivers/STM32F4xx_HAL_Driver/stm32f4xx_hal.o
                0x0000000020000004                uwTickPrio
 .data.uwTickFreq
                0x0000000020000008        0x1 Drivers/STM32F4xx_HAL_Driver/stm32f4xx_hal.o
                0x0000000020000008                uwTickFreq
 .data.Stat     0x0000000020000009        0x1 FATFS/Target/sd_diskio.o
 *fill*         0x000000002000000a        0x2 
 .data._impure_ptr
                0x000000002000000c        0x4 c:/st/stm32cubeide_1.3.0/stm32cubeide/plugins/com.st.stm32cube.ide.mcu.externaltools.gnu-tools-for-stm32.7-2018-q2-update.win32_1.0.0.201904181610/tools/bin/../lib/gcc/arm-none-eabi/7.3.1/../../../../arm-none-eabi/lib/thumb/v7e-m/fpv4-sp/hard\libc_nano.a(lib_a-impure.o)
                0x000000002000000c                _impure_ptr
 .data.impure_data
                0x0000000020000010       0x60 c:/st/stm32cubeide_1.3.0/stm32cubeide/plugins/com.st.stm32cube.ide.mcu.externaltools.gnu-tools-for-stm32.7-2018-q2-update.win32_1.0.0.201904181610/tools/bin/../lib/gcc/arm-none-eabi/7.3.1/../../../../arm-none-eabi/lib/thumb/v7e-m/fpv4-sp/hard\libc_nano.a(lib_a-impure.o)
                0x0000000020000070                . = ALIGN (0x4)
                0x0000000020000070                _edata = .

.igot.plt       0x0000000020000070        0x0 load address 0x000000000800c93c
 .igot.plt      0x0000000020000070        0x0 c:/st/stm32cubeide_1.3.0/stm32cubeide/plugins/com.st.stm32cube.ide.mcu.externaltools.gnu-tools-for-stm32.7-2018-q2-update.win32_1.0.0.201904181610/tools/bin/../lib/gcc/arm-none-eabi/7.3.1/thumb/v7e-m/fpv4-sp/hard/crtbegin.o
                0x0000000020000070                . = ALIGN (0x4)

.bss            0x0000000020000070     0x67dc load address 0x000000000800c93c
                0x0000000020000070                _sbss = .
                0x0000000020000070                __bss_start__ = _sbss
 *(.bss)
 .bss           0x0000000020000070       0x1c c:/st/stm32cubeide_1.3.0/stm32cubeide/plugins/com.st.stm32cube.ide.mcu.externaltools.gnu-tools-for-stm32.7-2018-q2-update.win32_1.0.0.201904181610/tools/bin/../lib/gcc/arm-none-eabi/7.3.1/thumb/v7e-m/fpv4-sp/hard/crtbegin.o
 *(.bss*)
 .bss.DmaRecHalfBuffCplt
                0x000000002000008c        0x1 Core/Src/main.o
                0x000000002000008c                DmaRecHalfBuffCplt
 .bss.DmaRecBuffCplt
                0x000000002000008d        0x1 Core/Src/main.o
                0x000000002000008d                DmaRecBuffCplt
 *fill*         0x000000002000008e        0x2 
 .bss.HAL_RCC_DFSDM1_CLK_ENABLED
                0x0000000020000090        0x4 Core/Src/stm32f4xx_hal_msp.o
 .bss.HAL_RCC_DFSDM2_CLK_ENABLED
                0x0000000020000094        0x4 Core/Src/stm32f4xx_hal_msp.o
 .bss.DFSDM1_Init
                0x0000000020000098        0x4 Core/Src/stm32f4xx_hal_msp.o
 .bss.DFSDM2_Init
                0x000000002000009c        0x4 Core/Src/stm32f4xx_hal_msp.o
 .bss.FSMC_Initialized
                0x00000000200000a0        0x4 Core/Src/stm32f4xx_hal_msp.o
 .bss.heap_end.6424
                0x00000000200000a4        0x4 Core/Src/sysmem.o
 .bss.v_dfsdm1ChannelCounter
                0x00000000200000a8        0x4 Drivers/STM32F4xx_HAL_Driver/stm32f4xx_hal_dfsdm.o
                0x00000000200000a8                v_dfsdm1ChannelCounter
 .bss.a_dfsdm1ChannelHandle
                0x00000000200000ac       0x10 Drivers/STM32F4xx_HAL_Driver/stm32f4xx_hal_dfsdm.o
                0x00000000200000ac                a_dfsdm1ChannelHandle
 .bss.v_dfsdm2ChannelCounter
                0x00000000200000bc        0x4 Drivers/STM32F4xx_HAL_Driver/stm32f4xx_hal_dfsdm.o
                0x00000000200000bc                v_dfsdm2ChannelCounter
 .bss.a_dfsdm2ChannelHandle
                0x00000000200000c0       0x20 Drivers/STM32F4xx_HAL_Driver/stm32f4xx_hal_dfsdm.o
                0x00000000200000c0                a_dfsdm2ChannelHandle
 .bss.FatFs     0x00000000200000e0        0x4 Middlewares/FatFs/ff.o
 .bss.Fsid      0x00000000200000e4        0x2 Middlewares/FatFs/ff.o
 *fill*         0x00000000200000e6        0x2 
 .bss.Files     0x00000000200000e8       0x20 Middlewares/FatFs/ff.o
 .bss.LfnBuf    0x0000000020000108      0x200 Middlewares/FatFs/ff.o
 .bss.disk      0x0000000020000308        0xc Middlewares/FatFs/ff_gen_drv.o
                0x0000000020000308                disk
 .bss.__malloc_free_list
                0x0000000020000314        0x4 c:/st/stm32cubeide_1.3.0/stm32cubeide/plugins/com.st.stm32cube.ide.mcu.externaltools.gnu-tools-for-stm32.7-2018-q2-update.win32_1.0.0.201904181610/tools/bin/../lib/gcc/arm-none-eabi/7.3.1/../../../../arm-none-eabi/lib/thumb/v7e-m/fpv4-sp/hard\libc_nano.a(lib_a-nano-mallocr.o)
                0x0000000020000314                __malloc_free_list
 .bss.__malloc_sbrk_start
                0x0000000020000318        0x4 c:/st/stm32cubeide_1.3.0/stm32cubeide/plugins/com.st.stm32cube.ide.mcu.externaltools.gnu-tools-for-stm32.7-2018-q2-update.win32_1.0.0.201904181610/tools/bin/../lib/gcc/arm-none-eabi/7.3.1/../../../../arm-none-eabi/lib/thumb/v7e-m/fpv4-sp/hard\libc_nano.a(lib_a-nano-mallocr.o)
                0x0000000020000318                __malloc_sbrk_start
 *(COMMON)
 COMMON         0x000000002000031c     0x44b8 Core/Src/main.o
                0x000000002000031c                Value1Buf
                0x000000002000131c                hdfsdm1_channel1
                0x0000000020001354                Rec2Buf
                0x0000000020002354                Rec1Buf
                0x0000000020003354                hdfsdm1_filter0
                0x00000000200033a8                huart10
                0x00000000200033e8                hsram1
                0x0000000020003438                hdfsdm2_channel1
                0x0000000020003470                hadc1
                0x00000000200034b8                hdma_dfsdm1_flt0
                0x0000000020003518                hdac
                0x000000002000352c                hfmpi2c1
                0x0000000020003578                hdfsdm2_filter0
                0x00000000200035cc                hdma_dfsdm2_flt0
                0x000000002000362c                hsram2
                0x000000002000367c                hsd
                0x0000000020003700                huart6
                0x0000000020003740                Value2Buf
                0x0000000020004740                hi2s2
                0x0000000020004788                hqspi
 COMMON         0x00000000200047d4        0x4 Drivers/STM32F4xx_HAL_Driver/stm32f4xx_hal.o
                0x00000000200047d4                uwTick
 COMMON         0x00000000200047d8     0x2070 FATFS/App/fatfs.o
                0x00000000200047d8                retSD
                0x00000000200047dc                SDPath
                0x00000000200047e0                SDFile
                0x0000000020005810                SDFatFS
 COMMON         0x0000000020006848        0x4 c:/st/stm32cubeide_1.3.0/stm32cubeide/plugins/com.st.stm32cube.ide.mcu.externaltools.gnu-tools-for-stm32.7-2018-q2-update.win32_1.0.0.201904181610/tools/bin/../lib/gcc/arm-none-eabi/7.3.1/../../../../arm-none-eabi/lib/thumb/v7e-m/fpv4-sp/hard\libc_nano.a(lib_a-reent.o)
                0x0000000020006848                errno
                0x000000002000684c                . = ALIGN (0x4)
                0x000000002000684c                _ebss = .
                0x000000002000684c                __bss_end__ = _ebss

._user_heap_stack
                0x000000002000684c      0x604 load address 0x000000000800c93c
                0x0000000020006850                . = ALIGN (0x8)
 *fill*         0x000000002000684c        0x4 
                0x0000000020006850                PROVIDE (end = .)
                [!provide]                        PROVIDE (_end = .)
                0x0000000020006a50                . = (. + _Min_Heap_Size)
 *fill*         0x0000000020006850      0x200 
                0x0000000020006e50                . = (. + _Min_Stack_Size)
 *fill*         0x0000000020006a50      0x400 
                0x0000000020006e50                . = ALIGN (0x8)

/DISCARD/
 libc.a(*)
 libm.a(*)
 libgcc.a(*)

.ARM.attributes
                0x0000000000000000       0x30
 *(.ARM.attributes)
 .ARM.attributes
                0x0000000000000000       0x22 c:/st/stm32cubeide_1.3.0/stm32cubeide/plugins/com.st.stm32cube.ide.mcu.externaltools.gnu-tools-for-stm32.7-2018-q2-update.win32_1.0.0.201904181610/tools/bin/../lib/gcc/arm-none-eabi/7.3.1/thumb/v7e-m/fpv4-sp/hard/crti.o
 .ARM.attributes
                0x0000000000000022       0x34 c:/st/stm32cubeide_1.3.0/stm32cubeide/plugins/com.st.stm32cube.ide.mcu.externaltools.gnu-tools-for-stm32.7-2018-q2-update.win32_1.0.0.201904181610/tools/bin/../lib/gcc/arm-none-eabi/7.3.1/thumb/v7e-m/fpv4-sp/hard/crtbegin.o
 .ARM.attributes
                0x0000000000000056       0x39 Core/Src/main.o
 .ARM.attributes
                0x000000000000008f       0x39 Core/Src/stm32f4xx_hal_msp.o
 .ARM.attributes
                0x00000000000000c8       0x39 Core/Src/stm32f4xx_it.o
 .ARM.attributes
                0x0000000000000101       0x39 Core/Src/syscalls.o
 .ARM.attributes
                0x000000000000013a       0x39 Core/Src/sysmem.o
 .ARM.attributes
                0x0000000000000173       0x39 Core/Src/system_stm32f4xx.o
 .ARM.attributes
                0x00000000000001ac       0x21 Core/Startup/startup_stm32f413zhtx.o
 .ARM.attributes
                0x00000000000001cd       0x39 Drivers/STM32F4xx_HAL_Driver/stm32f4xx_hal.o
 .ARM.attributes
                0x0000000000000206       0x39 Drivers/STM32F4xx_HAL_Driver/stm32f4xx_hal_adc.o
 .ARM.attributes
                0x000000000000023f       0x39 Drivers/STM32F4xx_HAL_Driver/stm32f4xx_hal_cortex.o
 .ARM.attributes
                0x0000000000000278       0x39 Drivers/STM32F4xx_HAL_Driver/stm32f4xx_hal_dac.o
 .ARM.attributes
                0x00000000000002b1       0x39 Drivers/STM32F4xx_HAL_Driver/stm32f4xx_hal_dfsdm.o
 .ARM.attributes
                0x00000000000002ea       0x39 Drivers/STM32F4xx_HAL_Driver/stm32f4xx_hal_dma.o
 .ARM.attributes
                0x0000000000000323       0x39 Drivers/STM32F4xx_HAL_Driver/stm32f4xx_hal_fmpi2c.o
 .ARM.attributes
                0x000000000000035c       0x39 Drivers/STM32F4xx_HAL_Driver/stm32f4xx_hal_fmpi2c_ex.o
 .ARM.attributes
                0x0000000000000395       0x39 Drivers/STM32F4xx_HAL_Driver/stm32f4xx_hal_gpio.o
 .ARM.attributes
                0x00000000000003ce       0x39 Drivers/STM32F4xx_HAL_Driver/stm32f4xx_hal_i2s.o
 .ARM.attributes
                0x0000000000000407       0x39 Drivers/STM32F4xx_HAL_Driver/stm32f4xx_hal_i2s_ex.o
 .ARM.attributes
                0x0000000000000440       0x39 Drivers/STM32F4xx_HAL_Driver/stm32f4xx_hal_qspi.o
 .ARM.attributes
                0x0000000000000479       0x39 Drivers/STM32F4xx_HAL_Driver/stm32f4xx_hal_rcc.o
 .ARM.attributes
                0x00000000000004b2       0x39 Drivers/STM32F4xx_HAL_Driver/stm32f4xx_hal_rcc_ex.o
 .ARM.attributes
                0x00000000000004eb       0x39 Drivers/STM32F4xx_HAL_Driver/stm32f4xx_hal_sd.o
 .ARM.attributes
                0x0000000000000524       0x39 Drivers/STM32F4xx_HAL_Driver/stm32f4xx_hal_sram.o
 .ARM.attributes
                0x000000000000055d       0x39 Drivers/STM32F4xx_HAL_Driver/stm32f4xx_hal_uart.o
 .ARM.attributes
                0x0000000000000596       0x39 Drivers/STM32F4xx_HAL_Driver/stm32f4xx_ll_fsmc.o
 .ARM.attributes
                0x00000000000005cf       0x39 Drivers/STM32F4xx_HAL_Driver/stm32f4xx_ll_sdmmc.o
 .ARM.attributes
                0x0000000000000608       0x39 FATFS/App/fatfs.o
 .ARM.attributes
                0x0000000000000641       0x39 FATFS/Target/bsp_driver_sd.o
 .ARM.attributes
                0x000000000000067a       0x39 FATFS/Target/fatfs_platform.o
 .ARM.attributes
                0x00000000000006b3       0x39 FATFS/Target/sd_diskio.o
 .ARM.attributes
                0x00000000000006ec       0x39 Middlewares/FatFs/ccsbcs.o
 .ARM.attributes
                0x0000000000000725       0x39 Middlewares/FatFs/diskio.o
 .ARM.attributes
                0x000000000000075e       0x39 Middlewares/FatFs/ff.o
 .ARM.attributes
                0x0000000000000797       0x39 Middlewares/FatFs/ff_gen_drv.o
 .ARM.attributes
                0x00000000000007d0       0x34 c:/st/stm32cubeide_1.3.0/stm32cubeide/plugins/com.st.stm32cube.ide.mcu.externaltools.gnu-tools-for-stm32.7-2018-q2-update.win32_1.0.0.201904181610/tools/bin/../lib/gcc/arm-none-eabi/7.3.1/../../../../arm-none-eabi/lib/thumb/v7e-m/fpv4-sp/hard\libc_nano.a(lib_a-errno.o)
 .ARM.attributes
                0x0000000000000804       0x34 c:/st/stm32cubeide_1.3.0/stm32cubeide/plugins/com.st.stm32cube.ide.mcu.externaltools.gnu-tools-for-stm32.7-2018-q2-update.win32_1.0.0.201904181610/tools/bin/../lib/gcc/arm-none-eabi/7.3.1/../../../../arm-none-eabi/lib/thumb/v7e-m/fpv4-sp/hard\libc_nano.a(lib_a-impure.o)
 .ARM.attributes
                0x0000000000000838       0x34 c:/st/stm32cubeide_1.3.0/stm32cubeide/plugins/com.st.stm32cube.ide.mcu.externaltools.gnu-tools-for-stm32.7-2018-q2-update.win32_1.0.0.201904181610/tools/bin/../lib/gcc/arm-none-eabi/7.3.1/../../../../arm-none-eabi/lib/thumb/v7e-m/fpv4-sp/hard\libc_nano.a(lib_a-init.o)
 .ARM.attributes
                0x000000000000086c       0x34 c:/st/stm32cubeide_1.3.0/stm32cubeide/plugins/com.st.stm32cube.ide.mcu.externaltools.gnu-tools-for-stm32.7-2018-q2-update.win32_1.0.0.201904181610/tools/bin/../lib/gcc/arm-none-eabi/7.3.1/../../../../arm-none-eabi/lib/thumb/v7e-m/fpv4-sp/hard\libc_nano.a(lib_a-memset.o)
 .ARM.attributes
                0x00000000000008a0       0x34 c:/st/stm32cubeide_1.3.0/stm32cubeide/plugins/com.st.stm32cube.ide.mcu.externaltools.gnu-tools-for-stm32.7-2018-q2-update.win32_1.0.0.201904181610/tools/bin/../lib/gcc/arm-none-eabi/7.3.1/../../../../arm-none-eabi/lib/thumb/v7e-m/fpv4-sp/hard\libc_nano.a(lib_a-nano-freer.o)
 .ARM.attributes
                0x00000000000008d4       0x34 c:/st/stm32cubeide_1.3.0/stm32cubeide/plugins/com.st.stm32cube.ide.mcu.externaltools.gnu-tools-for-stm32.7-2018-q2-update.win32_1.0.0.201904181610/tools/bin/../lib/gcc/arm-none-eabi/7.3.1/../../../../arm-none-eabi/lib/thumb/v7e-m/fpv4-sp/hard\libc_nano.a(lib_a-nano-mallocr.o)
 .ARM.attributes
                0x0000000000000908       0x34 c:/st/stm32cubeide_1.3.0/stm32cubeide/plugins/com.st.stm32cube.ide.mcu.externaltools.gnu-tools-for-stm32.7-2018-q2-update.win32_1.0.0.201904181610/tools/bin/../lib/gcc/arm-none-eabi/7.3.1/../../../../arm-none-eabi/lib/thumb/v7e-m/fpv4-sp/hard\libc_nano.a(lib_a-printf.o)
 .ARM.attributes
                0x000000000000093c       0x34 c:/st/stm32cubeide_1.3.0/stm32cubeide/plugins/com.st.stm32cube.ide.mcu.externaltools.gnu-tools-for-stm32.7-2018-q2-update.win32_1.0.0.201904181610/tools/bin/../lib/gcc/arm-none-eabi/7.3.1/../../../../arm-none-eabi/lib/thumb/v7e-m/fpv4-sp/hard\libc_nano.a(lib_a-puts.o)
 .ARM.attributes
                0x0000000000000970       0x34 c:/st/stm32cubeide_1.3.0/stm32cubeide/plugins/com.st.stm32cube.ide.mcu.externaltools.gnu-tools-for-stm32.7-2018-q2-update.win32_1.0.0.201904181610/tools/bin/../lib/gcc/arm-none-eabi/7.3.1/../../../../arm-none-eabi/lib/thumb/v7e-m/fpv4-sp/hard\libc_nano.a(lib_a-sbrkr.o)
 .ARM.attributes
                0x00000000000009a4       0x34 c:/st/stm32cubeide_1.3.0/stm32cubeide/plugins/com.st.stm32cube.ide.mcu.externaltools.gnu-tools-for-stm32.7-2018-q2-update.win32_1.0.0.201904181610/tools/bin/../lib/gcc/arm-none-eabi/7.3.1/../../../../arm-none-eabi/lib/thumb/v7e-m/fpv4-sp/hard\libc_nano.a(lib_a-wbuf.o)
 .ARM.attributes
                0x00000000000009d8       0x34 c:/st/stm32cubeide_1.3.0/stm32cubeide/plugins/com.st.stm32cube.ide.mcu.externaltools.gnu-tools-for-stm32.7-2018-q2-update.win32_1.0.0.201904181610/tools/bin/../lib/gcc/arm-none-eabi/7.3.1/../../../../arm-none-eabi/lib/thumb/v7e-m/fpv4-sp/hard\libc_nano.a(lib_a-wsetup.o)
 .ARM.attributes
                0x0000000000000a0c       0x34 c:/st/stm32cubeide_1.3.0/stm32cubeide/plugins/com.st.stm32cube.ide.mcu.externaltools.gnu-tools-for-stm32.7-2018-q2-update.win32_1.0.0.201904181610/tools/bin/../lib/gcc/arm-none-eabi/7.3.1/../../../../arm-none-eabi/lib/thumb/v7e-m/fpv4-sp/hard\libc_nano.a(lib_a-fflush.o)
 .ARM.attributes
                0x0000000000000a40       0x34 c:/st/stm32cubeide_1.3.0/stm32cubeide/plugins/com.st.stm32cube.ide.mcu.externaltools.gnu-tools-for-stm32.7-2018-q2-update.win32_1.0.0.201904181610/tools/bin/../lib/gcc/arm-none-eabi/7.3.1/../../../../arm-none-eabi/lib/thumb/v7e-m/fpv4-sp/hard\libc_nano.a(lib_a-findfp.o)
 .ARM.attributes
                0x0000000000000a74       0x34 c:/st/stm32cubeide_1.3.0/stm32cubeide/plugins/com.st.stm32cube.ide.mcu.externaltools.gnu-tools-for-stm32.7-2018-q2-update.win32_1.0.0.201904181610/tools/bin/../lib/gcc/arm-none-eabi/7.3.1/../../../../arm-none-eabi/lib/thumb/v7e-m/fpv4-sp/hard\libc_nano.a(lib_a-fwalk.o)
 .ARM.attributes
                0x0000000000000aa8       0x34 c:/st/stm32cubeide_1.3.0/stm32cubeide/plugins/com.st.stm32cube.ide.mcu.externaltools.gnu-tools-for-stm32.7-2018-q2-update.win32_1.0.0.201904181610/tools/bin/../lib/gcc/arm-none-eabi/7.3.1/../../../../arm-none-eabi/lib/thumb/v7e-m/fpv4-sp/hard\libc_nano.a(lib_a-makebuf.o)
 .ARM.attributes
                0x0000000000000adc       0x34 c:/st/stm32cubeide_1.3.0/stm32cubeide/plugins/com.st.stm32cube.ide.mcu.externaltools.gnu-tools-for-stm32.7-2018-q2-update.win32_1.0.0.201904181610/tools/bin/../lib/gcc/arm-none-eabi/7.3.1/../../../../arm-none-eabi/lib/thumb/v7e-m/fpv4-sp/hard\libc_nano.a(lib_a-mlock.o)
 .ARM.attributes
                0x0000000000000b10       0x34 c:/st/stm32cubeide_1.3.0/stm32cubeide/plugins/com.st.stm32cube.ide.mcu.externaltools.gnu-tools-for-stm32.7-2018-q2-update.win32_1.0.0.201904181610/tools/bin/../lib/gcc/arm-none-eabi/7.3.1/../../../../arm-none-eabi/lib/thumb/v7e-m/fpv4-sp/hard\libc_nano.a(lib_a-nano-vfprintf.o)
 .ARM.attributes
                0x0000000000000b44       0x34 c:/st/stm32cubeide_1.3.0/stm32cubeide/plugins/com.st.stm32cube.ide.mcu.externaltools.gnu-tools-for-stm32.7-2018-q2-update.win32_1.0.0.201904181610/tools/bin/../lib/gcc/arm-none-eabi/7.3.1/../../../../arm-none-eabi/lib/thumb/v7e-m/fpv4-sp/hard\libc_nano.a(lib_a-nano-vfprintf_i.o)
 .ARM.attributes
                0x0000000000000b78       0x34 c:/st/stm32cubeide_1.3.0/stm32cubeide/plugins/com.st.stm32cube.ide.mcu.externaltools.gnu-tools-for-stm32.7-2018-q2-update.win32_1.0.0.201904181610/tools/bin/../lib/gcc/arm-none-eabi/7.3.1/../../../../arm-none-eabi/lib/thumb/v7e-m/fpv4-sp/hard\libc_nano.a(lib_a-reent.o)
 .ARM.attributes
                0x0000000000000bac       0x34 c:/st/stm32cubeide_1.3.0/stm32cubeide/plugins/com.st.stm32cube.ide.mcu.externaltools.gnu-tools-for-stm32.7-2018-q2-update.win32_1.0.0.201904181610/tools/bin/../lib/gcc/arm-none-eabi/7.3.1/../../../../arm-none-eabi/lib/thumb/v7e-m/fpv4-sp/hard\libc_nano.a(lib_a-stdio.o)
 .ARM.attributes
                0x0000000000000be0       0x34 c:/st/stm32cubeide_1.3.0/stm32cubeide/plugins/com.st.stm32cube.ide.mcu.externaltools.gnu-tools-for-stm32.7-2018-q2-update.win32_1.0.0.201904181610/tools/bin/../lib/gcc/arm-none-eabi/7.3.1/../../../../arm-none-eabi/lib/thumb/v7e-m/fpv4-sp/hard\libc_nano.a(lib_a-writer.o)
 .ARM.attributes
                0x0000000000000c14       0x34 c:/st/stm32cubeide_1.3.0/stm32cubeide/plugins/com.st.stm32cube.ide.mcu.externaltools.gnu-tools-for-stm32.7-2018-q2-update.win32_1.0.0.201904181610/tools/bin/../lib/gcc/arm-none-eabi/7.3.1/../../../../arm-none-eabi/lib/thumb/v7e-m/fpv4-sp/hard\libc_nano.a(lib_a-closer.o)
 .ARM.attributes
                0x0000000000000c48       0x34 c:/st/stm32cubeide_1.3.0/stm32cubeide/plugins/com.st.stm32cube.ide.mcu.externaltools.gnu-tools-for-stm32.7-2018-q2-update.win32_1.0.0.201904181610/tools/bin/../lib/gcc/arm-none-eabi/7.3.1/../../../../arm-none-eabi/lib/thumb/v7e-m/fpv4-sp/hard\libc_nano.a(lib_a-fstatr.o)
 .ARM.attributes
                0x0000000000000c7c       0x34 c:/st/stm32cubeide_1.3.0/stm32cubeide/plugins/com.st.stm32cube.ide.mcu.externaltools.gnu-tools-for-stm32.7-2018-q2-update.win32_1.0.0.201904181610/tools/bin/../lib/gcc/arm-none-eabi/7.3.1/../../../../arm-none-eabi/lib/thumb/v7e-m/fpv4-sp/hard\libc_nano.a(lib_a-isattyr.o)
 .ARM.attributes