Archive member included to satisfy reference by file (symbol)

c:/st/stm32cubeide_1.5.0/stm32cubeide/plugins/com.st.stm32cube.ide.mcu.externaltools.gnu-tools-for-stm32.7-2018-q2-update.win32_1.5.0.202011040924/tools/bin/../lib/gcc/arm-none-eabi/7.3.1/../../../../arm-none-eabi/lib/thumb/v7e-m/fpv4-sp/hard\libc_nano.a(lib_a-errno.o)
                              Core/Src/syscalls.o (__errno)
c:/st/stm32cubeide_1.5.0/stm32cubeide/plugins/com.st.stm32cube.ide.mcu.externaltools.gnu-tools-for-stm32.7-2018-q2-update.win32_1.5.0.202011040924/tools/bin/../lib/gcc/arm-none-eabi/7.3.1/../../../../arm-none-eabi/lib/thumb/v7e-m/fpv4-sp/hard\libc_nano.a(lib_a-exit.o)
                              c:/st/stm32cubeide_1.5.0/stm32cubeide/plugins/com.st.stm32cube.ide.mcu.externaltools.gnu-tools-for-stm32.7-2018-q2-update.win32_1.5.0.202011040924/tools/bin/../lib/gcc/arm-none-eabi/7.3.1/../../../../arm-none-eabi/lib/thumb/v7e-m/fpv4-sp/hard/crt0.o (exit)
c:/st/stm32cubeide_1.5.0/stm32cubeide/plugins/com.st.stm32cube.ide.mcu.externaltools.gnu-tools-for-stm32.7-2018-q2-update.win32_1.5.0.202011040924/tools/bin/../lib/gcc/arm-none-eabi/7.3.1/../../../../arm-none-eabi/lib/thumb/v7e-m/fpv4-sp/hard\libc_nano.a(lib_a-fwrite.o)
                              Core/Src/audio_test.o (fwrite)
c:/st/stm32cubeide_1.5.0/stm32cubeide/plugins/com.st.stm32cube.ide.mcu.externaltools.gnu-tools-for-stm32.7-2018-q2-update.win32_1.5.0.202011040924/tools/bin/../lib/gcc/arm-none-eabi/7.3.1/../../../../arm-none-eabi/lib/thumb/v7e-m/fpv4-sp/hard\libc_nano.a(lib_a-impure.o)
                              c:/st/stm32cubeide_1.5.0/stm32cubeide/plugins/com.st.stm32cube.ide.mcu.externaltools.gnu-tools-for-stm32.7-2018-q2-update.win32_1.5.0.202011040924/tools/bin/../lib/gcc/arm-none-eabi/7.3.1/../../../../arm-none-eabi/lib/thumb/v7e-m/fpv4-sp/hard\libc_nano.a(lib_a-exit.o) (_global_impure_ptr)
c:/st/stm32cubeide_1.5.0/stm32cubeide/plugins/com.st.stm32cube.ide.mcu.externaltools.gnu-tools-for-stm32.7-2018-q2-update.win32_1.5.0.202011040924/tools/bin/../lib/gcc/arm-none-eabi/7.3.1/../../../../arm-none-eabi/lib/thumb/v7e-m/fpv4-sp/hard\libc_nano.a(lib_a-init.o)
                              c:/st/stm32cubeide_1.5.0/stm32cubeide/plugins/com.st.stm32cube.ide.mcu.externaltools.gnu-tools-for-stm32.7-2018-q2-update.win32_1.5.0.202011040924/tools/bin/../lib/gcc/arm-none-eabi/7.3.1/../../../../arm-none-eabi/lib/thumb/v7e-m/fpv4-sp/hard/crt0.o (__libc_init_array)
c:/st/stm32cubeide_1.5.0/stm32cubeide/plugins/com.st.stm32cube.ide.mcu.externaltools.gnu-tools-for-stm32.7-2018-q2-update.win32_1.5.0.202011040924/tools/bin/../lib/gcc/arm-none-eabi/7.3.1/../../../../arm-none-eabi/lib/thumb/v7e-m/fpv4-sp/hard\libc_nano.a(lib_a-malloc.o)
                              Core/Src/audio_test.o (malloc)
c:/st/stm32cubeide_1.5.0/stm32cubeide/plugins/com.st.stm32cube.ide.mcu.externaltools.gnu-tools-for-stm32.7-2018-q2-update.win32_1.5.0.202011040924/tools/bin/../lib/gcc/arm-none-eabi/7.3.1/../../../../arm-none-eabi/lib/thumb/v7e-m/fpv4-sp/hard\libc_nano.a(lib_a-memcpy-stub.o)
                              Core/Src/wifi_helpers.o (memcpy)
c:/st/stm32cubeide_1.5.0/stm32cubeide/plugins/com.st.stm32cube.ide.mcu.externaltools.gnu-tools-for-stm32.7-2018-q2-update.win32_1.5.0.202011040924/tools/bin/../lib/gcc/arm-none-eabi/7.3.1/../../../../arm-none-eabi/lib/thumb/v7e-m/fpv4-sp/hard\libc_nano.a(lib_a-memset.o)
                              c:/st/stm32cubeide_1.5.0/stm32cubeide/plugins/com.st.stm32cube.ide.mcu.externaltools.gnu-tools-for-stm32.7-2018-q2-update.win32_1.5.0.202011040924/tools/bin/../lib/gcc/arm-none-eabi/7.3.1/../../../../arm-none-eabi/lib/thumb/v7e-m/fpv4-sp/hard/crt0.o (memset)
c:/st/stm32cubeide_1.5.0/stm32cubeide/plugins/com.st.stm32cube.ide.mcu.externaltools.gnu-tools-for-stm32.7-2018-q2-update.win32_1.5.0.202011040924/tools/bin/../lib/gcc/arm-none-eabi/7.3.1/../../../../arm-none-eabi/lib/thumb/v7e-m/fpv4-sp/hard\libc_nano.a(lib_a-nano-freer.o)
                              c:/st/stm32cubeide_1.5.0/stm32cubeide/plugins/com.st.stm32cube.ide.mcu.externaltools.gnu-tools-for-stm32.7-2018-q2-update.win32_1.5.0.202011040924/tools/bin/../lib/gcc/arm-none-eabi/7.3.1/../../../../arm-none-eabi/lib/thumb/v7e-m/fpv4-sp/hard\libc_nano.a(lib_a-malloc.o) (_free_r)
c:/st/stm32cubeide_1.5.0/stm32cubeide/plugins/com.st.stm32cube.ide.mcu.externaltools.gnu-tools-for-stm32.7-2018-q2-update.win32_1.5.0.202011040924/tools/bin/../lib/gcc/arm-none-eabi/7.3.1/../../../../arm-none-eabi/lib/thumb/v7e-m/fpv4-sp/hard\libc_nano.a(lib_a-nano-mallocr.o)
                              c:/st/stm32cubeide_1.5.0/stm32cubeide/plugins/com.st.stm32cube.ide.mcu.externaltools.gnu-tools-for-stm32.7-2018-q2-update.win32_1.5.0.202011040924/tools/bin/../lib/gcc/arm-none-eabi/7.3.1/../../../../arm-none-eabi/lib/thumb/v7e-m/fpv4-sp/hard\libc_nano.a(lib_a-malloc.o) (_malloc_r)
[...]
Memory Configuration

Name             Origin             Length             Attributes
RAM              0x0000000020000000 0x0000000000050000 xrw
FLASH            0x0000000008000000 0x0000000000180000 xr
*default*        0x0000000000000000 0xffffffffffffffff

Linker script and memory map

LOAD c:/st/stm32cubeide_1.5.0/stm32cubeide/plugins/com.st.stm32cube.ide.mcu.externaltools.gnu-tools-for-stm32.7-2018-q2-update.win32_1.5.0.202011040924/tools/bin/../lib/gcc/arm-none-eabi/7.3.1/thumb/v7e-m/fpv4-sp/hard/crti.o
LOAD c:/st/stm32cubeide_1.5.0/stm32cubeide/plugins/com.st.stm32cube.ide.mcu.externaltools.gnu-tools-for-stm32.7-2018-q2-update.win32_1.5.0.202011040924/tools/bin/../lib/gcc/arm-none-eabi/7.3.1/thumb/v7e-m/fpv4-sp/hard/crtbegin.o
LOAD c:/st/stm32cubeide_1.5.0/stm32cubeide/plugins/com.st.stm32cube.ide.mcu.externaltools.gnu-tools-for-stm32.7-2018-q2-update.win32_1.5.0.202011040924/tools/bin/../lib/gcc/arm-none-eabi/7.3.1/../../../../arm-none-eabi/lib/thumb/v7e-m/fpv4-sp/hard/crt0.o
LOAD Core/Src/audio_test.o
LOAD Core/Src/inventek_43362.o
LOAD Core/Src/main.o
LOAD Core/Src/stm32f4xx_hal_msp.o
LOAD Core/Src/stm32f4xx_it.o
LOAD Core/Src/syscalls.o
LOAD Core/Src/sysmem.o
LOAD Core/Src/system_stm32f4xx.o
LOAD Core/Src/wifi_helpers.o
LOAD Core/Startup/startup_stm32f413zhtx.o
LOAD Drivers/STM32F4xx_HAL_Driver/stm32f4xx_hal.o
LOAD Drivers/STM32F4xx_HAL_Driver/stm32f4xx_hal_adc.o
LOAD Drivers/STM32F4xx_HAL_Driver/stm32f4xx_hal_adc_ex.o
LOAD Drivers/STM32F4xx_HAL_Driver/stm32f4xx_hal_cortex.o
LOAD Drivers/STM32F4xx_HAL_Driver/stm32f4xx_hal_dac.o
LOAD Drivers/STM32F4xx_HAL_Driver/stm32f4xx_hal_dac_ex.o
LOAD Drivers/STM32F4xx_HAL_Driver/stm32f4xx_hal_dfsdm.o
LOAD Drivers/STM32F4xx_HAL_Driver/stm32f4xx_hal_dma.o
LOAD Drivers/STM32F4xx_HAL_Driver/stm32f4xx_hal_dma_ex.o
LOAD Drivers/STM32F4xx_HAL_Driver/stm32f4xx_hal_exti.o
LOAD Drivers/STM32F4xx_HAL_Driver/stm32f4xx_hal_flash.o
LOAD Drivers/STM32F4xx_HAL_Driver/stm32f4xx_hal_flash_ex.o
LOAD Drivers/STM32F4xx_HAL_Driver/stm32f4xx_hal_flash_ramfunc.o
LOAD Drivers/STM32F4xx_HAL_Driver/stm32f4xx_hal_fmpi2c.o
LOAD Drivers/STM32F4xx_HAL_Driver/stm32f4xx_hal_fmpi2c_ex.o
LOAD Drivers/STM32F4xx_HAL_Driver/stm32f4xx_hal_gpio.o
LOAD Drivers/STM32F4xx_HAL_Driver/stm32f4xx_hal_pwr.o
LOAD Drivers/STM32F4xx_HAL_Driver/stm32f4xx_hal_pwr_ex.o
LOAD Drivers/STM32F4xx_HAL_Driver/stm32f4xx_hal_qspi.o
LOAD Drivers/STM32F4xx_HAL_Driver/stm32f4xx_hal_rcc.o
LOAD Drivers/STM32F4xx_HAL_Driver/stm32f4xx_hal_rcc_ex.o
LOAD Drivers/STM32F4xx_HAL_Driver/stm32f4xx_hal_sd.o
LOAD Drivers/STM32F4xx_HAL_Driver/stm32f4xx_hal_spi.o
LOAD Drivers/STM32F4xx_HAL_Driver/stm32f4xx_hal_sram.o
LOAD Drivers/STM32F4xx_HAL_Driver/stm32f4xx_hal_tim.o
LOAD Drivers/STM32F4xx_HAL_Driver/stm32f4xx_hal_tim_ex.o
LOAD Drivers/STM32F4xx_HAL_Driver/stm32f4xx_hal_uart.o
LOAD Drivers/STM32F4xx_HAL_Driver/stm32f4xx_ll_fsmc.o
LOAD Drivers/STM32F4xx_HAL_Driver/stm32f4xx_ll_sdmmc.o
LOAD FATFS/App/fatfs.o
LOAD FATFS/Target/bsp_driver_sd.o
LOAD FATFS/Target/fatfs_platform.o
LOAD FATFS/Target/sd_diskio.o
LOAD Middlewares/FatFs/ccsbcs.o
LOAD Middlewares/FatFs/diskio.o
LOAD Middlewares/FatFs/ff.o
LOAD Middlewares/FatFs/ff_gen_drv.o
LOAD Middlewares/FatFs/syscall.o
START GROUP
LOAD c:/st/stm32cubeide_1.5.0/stm32cubeide/plugins/com.st.stm32cube.ide.mcu.externaltools.gnu-tools-for-stm32.7-2018-q2-update.win32_1.5.0.202011040924/tools/bin/../lib/gcc/arm-none-eabi/7.3.1/../../../../arm-none-eabi/lib/thumb/v7e-m/fpv4-sp/hard\libc_nano.a
LOAD c:/st/stm32cubeide_1.5.0/stm32cubeide/plugins/com.st.stm32cube.ide.mcu.externaltools.gnu-tools-for-stm32.7-2018-q2-update.win32_1.5.0.202011040924/tools/bin/../lib/gcc/arm-none-eabi/7.3.1/../../../../arm-none-eabi/lib/thumb/v7e-m/fpv4-sp/hard\libm.a
END GROUP
START GROUP
LOAD c:/st/stm32cubeide_1.5.0/stm32cubeide/plugins/com.st.stm32cube.ide.mcu.externaltools.gnu-tools-for-stm32.7-2018-q2-update.win32_1.5.0.202011040924/tools/bin/../lib/gcc/arm-none-eabi/7.3.1/thumb/v7e-m/fpv4-sp/hard\libgcc.a
LOAD c:/st/stm32cubeide_1.5.0/stm32cubeide/plugins/com.st.stm32cube.ide.mcu.externaltools.gnu-tools-for-stm32.7-2018-q2-update.win32_1.5.0.202011040924/tools/bin/../lib/gcc/arm-none-eabi/7.3.1/../../../../arm-none-eabi/lib/thumb/v7e-m/fpv4-sp/hard\libc_nano.a
END GROUP
START GROUP
LOAD c:/st/stm32cubeide_1.5.0/stm32cubeide/plugins/com.st.stm32cube.ide.mcu.externaltools.gnu-tools-for-stm32.7-2018-q2-update.win32_1.5.0.202011040924/tools/bin/../lib/gcc/arm-none-eabi/7.3.1/thumb/v7e-m/fpv4-sp/hard\libgcc.a
LOAD c:/st/stm32cubeide_1.5.0/stm32cubeide/plugins/com.st.stm32cube.ide.mcu.externaltools.gnu-tools-for-stm32.7-2018-q2-update.win32_1.5.0.202011040924/tools/bin/../lib/gcc/arm-none-eabi/7.3.1/../../../../arm-none-eabi/lib/thumb/v7e-m/fpv4-sp/hard\libc_nano.a
LOAD c:/st/stm32cubeide_1.5.0/stm32cubeide/plugins/com.st.stm32cube.ide.mcu.externaltools.gnu-tools-for-stm32.7-2018-q2-update.win32_1.5.0.202011040924/tools/bin/../lib/gcc/arm-none-eabi/7.3.1/../../../../arm-none-eabi/lib/thumb/v7e-m/fpv4-sp/hard\libnosys.a
END GROUP
START GROUP
LOAD c:/st/stm32cubeide_1.5.0/stm32cubeide/plugins/com.st.stm32cube.ide.mcu.externaltools.gnu-tools-for-stm32.7-2018-q2-update.win32_1.5.0.202011040924/tools/bin/../lib/gcc/arm-none-eabi/7.3.1/thumb/v7e-m/fpv4-sp/hard\libgcc.a
LOAD c:/st/stm32cubeide_1.5.0/stm32cubeide/plugins/com.st.stm32cube.ide.mcu.externaltools.gnu-tools-for-stm32.7-2018-q2-update.win32_1.5.0.202011040924/tools/bin/../lib/gcc/arm-none-eabi/7.3.1/../../../../arm-none-eabi/lib/thumb/v7e-m/fpv4-sp/hard\libc_nano.a
LOAD c:/st/stm32cubeide_1.5.0/stm32cubeide/plugins/com.st.stm32cube.ide.mcu.externaltools.gnu-tools-for-stm32.7-2018-q2-update.win32_1.5.0.202011040924/tools/bin/../lib/gcc/arm-none-eabi/7.3.1/../../../../arm-none-eabi/lib/thumb/v7e-m/fpv4-sp/hard\libnosys.a
END GROUP
LOAD c:/st/stm32cubeide_1.5.0/stm32cubeide/plugins/com.st.stm32cube.ide.mcu.externaltools.gnu-tools-for-stm32.7-2018-q2-update.win32_1.5.0.202011040924/tools/bin/../lib/gcc/arm-none-eabi/7.3.1/thumb/v7e-m/fpv4-sp/hard/crtend.o
LOAD c:/st/stm32cubeide_1.5.0/stm32cubeide/plugins/com.st.stm32cube.ide.mcu.externaltools.gnu-tools-for-stm32.7-2018-q2-update.win32_1.5.0.202011040924/tools/bin/../lib/gcc/arm-none-eabi/7.3.1/thumb/v7e-m/fpv4-sp/hard/crtn.o
                0x0000000020050000                _estack = (ORIGIN (RAM) + LENGTH (RAM))
                0x0000000000000200                _Min_Heap_Size = 0x200
                0x0000000000000400                _Min_Stack_Size = 0x400

.isr_vector     0x0000000008000000      0x1d8
                0x0000000008000000                . = ALIGN (0x4)
 *(.isr_vector)
 .isr_vector    0x0000000008000000      0x1d8 Core/Startup/startup_stm32f413zhtx.o
                0x0000000008000000                g_pfnVectors
                0x00000000080001d8                . = ALIGN (0x4)

.text           0x00000000080001e0     0xb960
                0x00000000080001e0                . = ALIGN (0x4)
 *(.text)
 .text          0x00000000080001e0       0x40 c:/st/stm32cubeide_1.5.0/stm32cubeide/plugins/com.st.stm32cube.ide.mcu.externaltools.gnu-tools-for-stm32.7-2018-q2-update.win32_1.5.0.202011040924/tools/bin/../lib/gcc/arm-none-eabi/7.3.1/thumb/v7e-m/fpv4-sp/hard/crtbegin.o
 .text          0x0000000008000220       0xa0 c:/st/stm32cubeide_1.5.0/stm32cubeide/plugins/com.st.stm32cube.ide.mcu.externaltools.gnu-tools-for-stm32.7-2018-q2-update.win32_1.5.0.202011040924/tools/bin/../lib/gcc/arm-none-eabi/7.3.1/../../../../arm-none-eabi/lib/thumb/v7e-m/fpv4-sp/hard\libc_nano.a(lib_a-memchr.o)
                0x0000000008000220                memchr
 .text          0x00000000080002c0       0x30 c:/st/stm32cubeide_1.5.0/stm32cubeide/plugins/com.st.stm32cube.ide.mcu.externaltools.gnu-tools-for-stm32.7-2018-q2-update.win32_1.5.0.202011040924/tools/bin/../lib/gcc/arm-none-eabi/7.3.1/thumb/v7e-m/fpv4-sp/hard\libgcc.a(_aeabi_uldivmod.o)
                0x00000000080002c0                __aeabi_uldivmod
 .text          0x00000000080002f0      0x2cc c:/st/stm32cubeide_1.5.0/stm32cubeide/plugins/com.st.stm32cube.ide.mcu.externaltools.gnu-tools-for-stm32.7-2018-q2-update.win32_1.5.0.202011040924/tools/bin/../lib/gcc/arm-none-eabi/7.3.1/thumb/v7e-m/fpv4-sp/hard\libgcc.a(_udivmoddi4.o)
                0x00000000080002f0                __udivmoddi4
 .text          0x00000000080005bc        0x4 c:/st/stm32cubeide_1.5.0/stm32cubeide/plugins/com.st.stm32cube.ide.mcu.externaltools.gnu-tools-for-stm32.7-2018-q2-update.win32_1.5.0.202011040924/tools/bin/../lib/gcc/arm-none-eabi/7.3.1/thumb/v7e-m/fpv4-sp/hard\libgcc.a(_dvmd_tls.o)
                0x00000000080005bc                __aeabi_idiv0
                0x00000000080005bc                __aeabi_ldiv0
 *(.text*)
 .text.write_PCM16_stereo_header
                0x00000000080005c0       0xd4 Core/Src/audio_test.o
                0x00000000080005c0                write_PCM16_stereo_header
 .text.main     0x0000000008000694       0xf8 Core/Src/main.o
                0x0000000008000694                main
 .text.SystemClock_Config
                0x000000000800078c      0x120 Core/Src/main.o
                0x000000000800078c                SystemClock_Config
 .text.MX_ADC1_Init
                0x00000000080008ac       0xa4 Core/Src/main.o
 .text.MX_DAC_Init
                0x0000000008000950       0x54 Core/Src/main.o
 .text.MX_DFSDM1_Init
                0x00000000080009a4       0xcc Core/Src/main.o
 .text.MX_FMPI2C1_Init
                0x0000000008000a70       0x6c Core/Src/main.o
 .text.MX_QUADSPI_Init
                0x0000000008000adc       0x58 Core/Src/main.o
 .text.MX_SDIO_SD_Init
                0x0000000008000b34       0x40 Core/Src/main.o
 .text.MX_SPI3_Init
                0x0000000008000b74       0x70 Core/Src/main.o
 .text.MX_USART6_UART_Init
                0x0000000008000be4       0x54 Core/Src/main.o
 .text.MX_DMA_Init
                0x0000000008000c38       0x40 Core/Src/main.o
 .text.MX_GPIO_Init
                0x0000000008000c78      0x458 Core/Src/main.o
 .text.MX_FSMC_Init
                0x00000000080010d0      0x164 Core/Src/main.o
 .text.HAL_DFSDM_FilterRegConvHalfCpltCallback
                0x0000000008001234      0x1bc Core/Src/main.o
                0x0000000008001234                HAL_DFSDM_FilterRegConvHalfCpltCallback
 .text.HAL_DFSDM_FilterRegConvCpltCallback
                0x00000000080013f0      0x1ac Core/Src/main.o
                0x00000000080013f0                HAL_DFSDM_FilterRegConvCpltCallback
 .text.Error_Handler
                0x000000000800159c        0xe Core/Src/main.o
                0x000000000800159c                Error_Handler
 *fill*         0x00000000080015aa        0x2 
 .text.HAL_MspInit
                0x00000000080015ac       0x50 Core/Src/stm32f4xx_hal_msp.o
                0x00000000080015ac                HAL_MspInit
 .text.HAL_ADC_MspInit
                0x00000000080015fc       0xf8 Core/Src/stm32f4xx_hal_msp.o
                0x00000000080015fc                HAL_ADC_MspInit
 .text.HAL_DAC_MspInit
                0x00000000080016f4       0x88 Core/Src/stm32f4xx_hal_msp.o
                0x00000000080016f4                HAL_DAC_MspInit
 .text.HAL_DFSDM_FilterMspInit
                0x000000000800177c      0x18c Core/Src/stm32f4xx_hal_msp.o
                0x000000000800177c                HAL_DFSDM_FilterMspInit
 .text.HAL_DFSDM_ChannelMspInit
                0x0000000008001908      0x128 Core/Src/stm32f4xx_hal_msp.o
                0x0000000008001908                HAL_DFSDM_ChannelMspInit
 .text.HAL_FMPI2C_MspInit
                0x0000000008001a30       0x90 Core/Src/stm32f4xx_hal_msp.o
                0x0000000008001a30                HAL_FMPI2C_MspInit
 .text.HAL_QSPI_MspInit
                0x0000000008001ac0      0x194 Core/Src/stm32f4xx_hal_msp.o
                0x0000000008001ac0                HAL_QSPI_MspInit
 .text.HAL_SD_MspInit
                0x0000000008001c54       0xf4 Core/Src/stm32f4xx_hal_msp.o
                0x0000000008001c54                HAL_SD_MspInit
 .text.HAL_SPI_MspInit
                0x0000000008001d48       0xb0 Core/Src/stm32f4xx_hal_msp.o
                0x0000000008001d48                HAL_SPI_MspInit
 .text.HAL_UART_MspInit
                0x0000000008001df8       0x90 Core/Src/stm32f4xx_hal_msp.o
                0x0000000008001df8                HAL_UART_MspInit
 .text.HAL_FSMC_MspInit
                0x0000000008001e88       0xe0 Core/Src/stm32f4xx_hal_msp.o
 .text.HAL_SRAM_MspInit
                0x0000000008001f68       0x14 Core/Src/stm32f4xx_hal_msp.o
                0x0000000008001f68                HAL_SRAM_MspInit
 .text.NMI_Handler
                0x0000000008001f7c        0xe Core/Src/stm32f4xx_it.o
                0x0000000008001f7c                NMI_Handler
 .text.HardFault_Handler
                0x0000000008001f8a        0x6 Core/Src/stm32f4xx_it.o
                0x0000000008001f8a                HardFault_Handler
 .text.MemManage_Handler
                0x0000000008001f90        0x6 Core/Src/stm32f4xx_it.o
                0x0000000008001f90                MemManage_Handler
 .text.BusFault_Handler
                0x0000000008001f96        0x6 Core/Src/stm32f4xx_it.o
                0x0000000008001f96                BusFault_Handler
 .text.UsageFault_Handler
                0x0000000008001f9c        0x6 Core/Src/stm32f4xx_it.o
                0x0000000008001f9c                UsageFault_Handler
 .text.SVC_Handler
                0x0000000008001fa2        0xe Core/Src/stm32f4xx_it.o
                0x0000000008001fa2                SVC_Handler
 .text.DebugMon_Handler
                0x0000000008001fb0        0xe Core/Src/stm32f4xx_it.o
                0x0000000008001fb0                DebugMon_Handler
 .text.PendSV_Handler
                0x0000000008001fbe        0xe Core/Src/stm32f4xx_it.o
                0x0000000008001fbe                PendSV_Handler
 .text.SysTick_Handler
                0x0000000008001fcc        0xc Core/Src/stm32f4xx_it.o
                0x0000000008001fcc                SysTick_Handler
 .text.DMA2_Stream0_IRQHandler
                0x0000000008001fd8       0x14 Core/Src/stm32f4xx_it.o
                0x0000000008001fd8                DMA2_Stream0_IRQHandler
 .text.ITM_SendChar
                0x0000000008001fec       0x4e Core/Src/syscalls.o
 .text._read    0x000000000800203a       0x3a Core/Src/syscalls.o
                0x000000000800203a                _read
 .text._write   0x0000000008002074       0x38 Core/Src/syscalls.o
                0x0000000008002074                _write
 .text._close   0x00000000080020ac       0x18 Core/Src/syscalls.o
                0x00000000080020ac                _close
 .text._fstat   0x00000000080020c4       0x20 Core/Src/syscalls.o
                0x00000000080020c4                _fstat
 .text._isatty  0x00000000080020e4       0x16 Core/Src/syscalls.o
                0x00000000080020e4                _isatty
 .text._lseek   0x00000000080020fa       0x1a Core/Src/syscalls.o
                0x00000000080020fa                _lseek
 .text._sbrk    0x0000000008002114       0x58 Core/Src/sysmem.o
                0x0000000008002114                _sbrk
 .text.SystemInit
                0x000000000800216c       0x2c Core/Src/system_stm32f4xx.o
                0x000000000800216c                SystemInit
 .text.ConnectWifi
                0x0000000008002198       0x24 Core/Src/wifi_helpers.o
                0x0000000008002198                ConnectWifi
 .text.Wifi_ChipDeselect
                0x00000000080021bc       0x18 Core/Src/wifi_helpers.o
                0x00000000080021bc                Wifi_ChipDeselect
 .text.Wifi_ChipSelect
                0x00000000080021d4       0x18 Core/Src/wifi_helpers.o
                0x00000000080021d4                Wifi_ChipSelect
 .text.GetCmdDataReady
                0x00000000080021ec       0x18 Core/Src/wifi_helpers.o
                0x00000000080021ec                GetCmdDataReady
 .text.IsCommandPhaseReady
                0x0000000008002204       0x18 Core/Src/wifi_helpers.o
                0x0000000008002204                IsCommandPhaseReady
 .text.IsDataPhaseReady
                0x000000000800221c       0x18 Core/Src/wifi_helpers.o
                0x000000000800221c                IsDataPhaseReady
 .text.WifiStartup
                0x0000000008002234       0x5c Core/Src/wifi_helpers.o
                0x0000000008002234                WifiStartup
 .text.SetSSID  0x0000000008002290      0x33c Core/Src/wifi_helpers.o
                0x0000000008002290                SetSSID
 .text.Reset_Handler
                0x00000000080025cc       0x50 Core/Startup/startup_stm32f413zhtx.o
                0x00000000080025cc                Reset_Handler
 .text.Default_Handler
                0x000000000800261c        0x2 Core/Startup/startup_stm32f413zhtx.o
                0x000000000800261c                RTC_Alarm_IRQHandler
                0x000000000800261c                EXTI2_IRQHandler
                0x000000000800261c                TIM8_CC_IRQHandler
                0x000000000800261c                UART8_IRQHandler
                0x000000000800261c                FMPI2C1_EV_IRQHandler
                0x000000000800261c                SPI4_IRQHandler
                0x000000000800261c                TIM1_CC_IRQHandler
                0x000000000800261c                DMA2_Stream5_IRQHandler
                0x000000000800261c                DMA1_Stream5_IRQHandler
                0x000000000800261c                CAN3_RX1_IRQHandler
                0x000000000800261c                PVD_IRQHandler
                0x000000000800261c                SDIO_IRQHandler
                0x000000000800261c                TAMP_STAMP_IRQHandler
                0x000000000800261c                CAN2_RX1_IRQHandler
                0x000000000800261c                EXTI3_IRQHandler
                0x000000000800261c                TIM8_TRG_COM_TIM14_IRQHandler
                0x000000000800261c                DFSDM1_FLT1_IRQHandler
                0x000000000800261c                TIM1_UP_TIM10_IRQHandler
                0x000000000800261c                TIM8_UP_TIM13_IRQHandler
                0x000000000800261c                I2C3_ER_IRQHandler
                0x000000000800261c                EXTI0_IRQHandler
                0x000000000800261c                I2C2_EV_IRQHandler
                0x000000000800261c                DMA1_Stream2_IRQHandler
                0x000000000800261c                CAN1_RX0_IRQHandler
                0x000000000800261c                FPU_IRQHandler
                0x000000000800261c                CAN3_SCE_IRQHandler
                0x000000000800261c                CAN2_SCE_IRQHandler
                0x000000000800261c                DMA2_Stream2_IRQHandler
                0x000000000800261c                SPI1_IRQHandler
                0x000000000800261c                TIM6_DAC_IRQHandler
                0x000000000800261c                TIM1_BRK_TIM9_IRQHandler
                0x000000000800261c                CAN2_RX0_IRQHandler
                0x000000000800261c                DMA2_Stream3_IRQHandler
                0x000000000800261c                USART6_IRQHandler
                0x000000000800261c                CAN3_RX0_IRQHandler
                0x000000000800261c                USART3_IRQHandler
                0x000000000800261c                DFSDM2_FLT3_IRQHandler
                0x000000000800261c                CAN1_RX1_IRQHandler
                0x000000000800261c                UART5_IRQHandler
                0x000000000800261c                TIM4_IRQHandler
                0x000000000800261c                QUADSPI_IRQHandler
                0x000000000800261c                I2C1_EV_IRQHandler
                0x000000000800261c                DMA1_Stream6_IRQHandler
                0x000000000800261c                DMA1_Stream1_IRQHandler
                0x000000000800261c                UART4_IRQHandler
                0x000000000800261c                TIM3_IRQHandler
                0x000000000800261c                RCC_IRQHandler
                0x000000000800261c                UART9_IRQHandler
                0x000000000800261c                TIM8_BRK_TIM12_IRQHandler
                0x000000000800261c                Default_Handler
                0x000000000800261c                EXTI15_10_IRQHandler
                0x000000000800261c                ADC_IRQHandler
                0x000000000800261c                DMA1_Stream7_IRQHandler
                0x000000000800261c                DFSDM2_FLT0_IRQHandler
                0x000000000800261c                SPI5_IRQHandler
                0x000000000800261c                TIM7_IRQHandler
                0x000000000800261c                CAN2_TX_IRQHandler
                0x000000000800261c                TIM5_IRQHandler
                0x000000000800261c                DMA2_Stream7_IRQHandler
                0x000000000800261c                I2C3_EV_IRQHandler
                0x000000000800261c                DFSDM2_FLT2_IRQHandler
                0x000000000800261c                EXTI9_5_IRQHandler
                0x000000000800261c                RTC_WKUP_IRQHandler
                0x000000000800261c                SPI2_IRQHandler
                0x000000000800261c                DMA1_Stream0_IRQHandler
                0x000000000800261c                CAN1_TX_IRQHandler
                0x000000000800261c                FMPI2C1_ER_IRQHandler
                0x000000000800261c                EXTI4_IRQHandler
                0x000000000800261c                DFSDM2_FLT1_IRQHandler
                0x000000000800261c                RNG_IRQHandler
                0x000000000800261c                FSMC_IRQHandler
                0x000000000800261c                WWDG_IRQHandler
                0x000000000800261c                CAN3_TX_IRQHandler
                0x000000000800261c                TIM2_IRQHandler
                0x000000000800261c                OTG_FS_WKUP_IRQHandler
                0x000000000800261c                TIM1_TRG_COM_TIM11_IRQHandler
                0x000000000800261c                EXTI1_IRQHandler
                0x000000000800261c                UART7_IRQHandler
                0x000000000800261c                USART2_IRQHandler
                0x000000000800261c                DFSDM1_FLT0_IRQHandler
                0x000000000800261c                I2C2_ER_IRQHandler
                0x000000000800261c                DMA2_Stream1_IRQHandler
                0x000000000800261c                CAN1_SCE_IRQHandler
                0x000000000800261c                FLASH_IRQHandler
                0x000000000800261c                DMA2_Stream4_IRQHandler
                0x000000000800261c                USART1_IRQHandler
                0x000000000800261c                OTG_FS_IRQHandler
                0x000000000800261c                SPI3_IRQHandler
                0x000000000800261c                DMA1_Stream4_IRQHandler
                0x000000000800261c                I2C1_ER_IRQHandler
                0x000000000800261c                LPTIM1_IRQHandler
                0x000000000800261c                DMA2_Stream6_IRQHandler
                0x000000000800261c                UART10_IRQHandler
                0x000000000800261c                SAI1_IRQHandler
                0x000000000800261c                DMA1_Stream3_IRQHandler
 *fill*         0x000000000800261e        0x2 
 .text.HAL_Init
                0x0000000008002620       0x44 Drivers/STM32F4xx_HAL_Driver/stm32f4xx_hal.o
                0x0000000008002620                HAL_Init
 .text.HAL_InitTick
                0x0000000008002664       0x60 Drivers/STM32F4xx_HAL_Driver/stm32f4xx_hal.o
                0x0000000008002664                HAL_InitTick
 .text.HAL_IncTick
                0x00000000080026c4       0x28 Drivers/STM32F4xx_HAL_Driver/stm32f4xx_hal.o
                0x00000000080026c4                HAL_IncTick
 .text.HAL_GetTick
                0x00000000080026ec       0x18 Drivers/STM32F4xx_HAL_Driver/stm32f4xx_hal.o
                0x00000000080026ec                HAL_GetTick
 .text.HAL_Delay
                0x0000000008002704       0x44 Drivers/STM32F4xx_HAL_Driver/stm32f4xx_hal.o
                0x0000000008002704                HAL_Delay
 .text.HAL_ADC_Init
                0x0000000008002748       0x86 Drivers/STM32F4xx_HAL_Driver/stm32f4xx_hal_adc.o
                0x0000000008002748                HAL_ADC_Init
 *fill*         0x00000000080027ce        0x2 
 .text.HAL_ADC_ConfigChannel
                0x00000000080027d0      0x264 Drivers/STM32F4xx_HAL_Driver/stm32f4xx_hal_adc.o
                0x00000000080027d0                HAL_ADC_ConfigChannel
 .text.ADC_Init
                0x0000000008002a34      0x1f8 Drivers/STM32F4xx_HAL_Driver/stm32f4xx_hal_adc.o
 .text.__NVIC_SetPriorityGrouping
                0x0000000008002c2c       0x48 Drivers/STM32F4xx_HAL_Driver/stm32f4xx_hal_cortex.o
 .text.__NVIC_GetPriorityGrouping
                0x0000000008002c74       0x1c Drivers/STM32F4xx_HAL_Driver/stm32f4xx_hal_cortex.o
 .text.__NVIC_EnableIRQ
                0x0000000008002c90       0x3c Drivers/STM32F4xx_HAL_Driver/stm32f4xx_hal_cortex.o
 .text.__NVIC_SetPriority
                0x0000000008002ccc       0x54 Drivers/STM32F4xx_HAL_Driver/stm32f4xx_hal_cortex.o
 .text.NVIC_EncodePriority
                0x0000000008002d20       0x66 Drivers/STM32F4xx_HAL_Driver/stm32f4xx_hal_cortex.o
 *fill*         0x0000000008002d86        0x2 
 .text.SysTick_Config
                0x0000000008002d88       0x44 Drivers/STM32F4xx_HAL_Driver/stm32f4xx_hal_cortex.o
 .text.HAL_NVIC_SetPriorityGrouping
                0x0000000008002dcc       0x16 Drivers/STM32F4xx_HAL_Driver/stm32f4xx_hal_cortex.o
                0x0000000008002dcc                HAL_NVIC_SetPriorityGrouping
 .text.HAL_NVIC_SetPriority
                0x0000000008002de2       0x38 Drivers/STM32F4xx_HAL_Driver/stm32f4xx_hal_cortex.o
                0x0000000008002de2                HAL_NVIC_SetPriority
 .text.HAL_NVIC_EnableIRQ
                0x0000000008002e1a       0x1c Drivers/STM32F4xx_HAL_Driver/stm32f4xx_hal_cortex.o
                0x0000000008002e1a                HAL_NVIC_EnableIRQ
 .text.HAL_SYSTICK_Config
                0x0000000008002e36       0x18 Drivers/STM32F4xx_HAL_Driver/stm32f4xx_hal_cortex.o
                0x0000000008002e36                HAL_SYSTICK_Config
 .text.HAL_DAC_Init
                0x0000000008002e4e       0x44 Drivers/STM32F4xx_HAL_Driver/stm32f4xx_hal_dac.o
                0x0000000008002e4e                HAL_DAC_Init
 .text.HAL_DAC_ConfigChannel
                0x0000000008002e92       0x9a Drivers/STM32F4xx_HAL_Driver/stm32f4xx_hal_dac.o
                0x0000000008002e92                HAL_DAC_ConfigChannel
 .text.HAL_DFSDM_ChannelInit
                0x0000000008002f2c      0x1e0 Drivers/STM32F4xx_HAL_Driver/stm32f4xx_hal_dfsdm.o
                0x0000000008002f2c                HAL_DFSDM_ChannelInit
 .text.HAL_DFSDM_FilterInit
                0x000000000800310c      0x1d8 Drivers/STM32F4xx_HAL_Driver/stm32f4xx_hal_dfsdm.o
                0x000000000800310c                HAL_DFSDM_FilterInit
 .text.HAL_DFSDM_FilterConfigRegChannel
                0x00000000080032e4       0x8a Drivers/STM32F4xx_HAL_Driver/stm32f4xx_hal_dfsdm.o
                0x00000000080032e4                HAL_DFSDM_FilterConfigRegChannel
 *fill*         0x000000000800336e        0x2 
 .text.HAL_DFSDM_FilterRegularStart_DMA
                0x0000000008003370      0x108 Drivers/STM32F4xx_HAL_Driver/stm32f4xx_hal_dfsdm.o
                0x0000000008003370                HAL_DFSDM_FilterRegularStart_DMA
 .text.HAL_DFSDM_FilterErrorCallback
                0x0000000008003478       0x14 Drivers/STM32F4xx_HAL_Driver/stm32f4xx_hal_dfsdm.o
                0x0000000008003478                HAL_DFSDM_FilterErrorCallback
 .text.DFSDM_DMARegularHalfConvCplt
                0x000000000800348c       0x1c Drivers/STM32F4xx_HAL_Driver/stm32f4xx_hal_dfsdm.o
 .text.DFSDM_DMARegularConvCplt
                0x00000000080034a8       0x1c Drivers/STM32F4xx_HAL_Driver/stm32f4xx_hal_dfsdm.o
 .text.DFSDM_DMAError
                0x00000000080034c4       0x22 Drivers/STM32F4xx_HAL_Driver/stm32f4xx_hal_dfsdm.o
 *fill*         0x00000000080034e6        0x2 
 .text.DFSDM_GetChannelFromInstance
                0x00000000080034e8       0xc8 Drivers/STM32F4xx_HAL_Driver/stm32f4xx_hal_dfsdm.o
 .text.DFSDM_RegConvStart
                0x00000000080035b0       0xac Drivers/STM32F4xx_HAL_Driver/stm32f4xx_hal_dfsdm.o
 .text.HAL_DMA_Init
                0x000000000800365c      0x15c Drivers/STM32F4xx_HAL_Driver/stm32f4xx_hal_dma.o
                0x000000000800365c                HAL_DMA_Init
 .text.HAL_DMA_Start_IT
                0x00000000080037b8       0xb0 Drivers/STM32F4xx_HAL_Driver/stm32f4xx_hal_dma.o
                0x00000000080037b8                HAL_DMA_Start_IT
 .text.HAL_DMA_IRQHandler
                0x0000000008003868      0x314 Drivers/STM32F4xx_HAL_Driver/stm32f4xx_hal_dma.o
                0x0000000008003868                HAL_DMA_IRQHandler
 .text.DMA_SetConfig
                0x0000000008003b7c       0x5c Drivers/STM32F4xx_HAL_Driver/stm32f4xx_hal_dma.o
 .text.DMA_CalcBaseAndBitshift
                0x0000000008003bd8       0x6c Drivers/STM32F4xx_HAL_Driver/stm32f4xx_hal_dma.o
 .text.DMA_CheckFifoParam
                0x0000000008003c44       0xf4 Drivers/STM32F4xx_HAL_Driver/stm32f4xx_hal_dma.o
 .text.HAL_FMPI2C_Init
                0x0000000008003d38      0x11e Drivers/STM32F4xx_HAL_Driver/stm32f4xx_hal_fmpi2c.o
                0x0000000008003d38                HAL_FMPI2C_Init
 .text.HAL_FMPI2CEx_ConfigAnalogFilter
                0x0000000008003e56       0x96 Drivers/STM32F4xx_HAL_Driver/stm32f4xx_hal_fmpi2c_ex.o
                0x0000000008003e56                HAL_FMPI2CEx_ConfigAnalogFilter
 .text.HAL_GPIO_Init
                0x0000000008003eec      0x324 Drivers/STM32F4xx_HAL_Driver/stm32f4xx_hal_gpio.o
                0x0000000008003eec                HAL_GPIO_Init
 .text.HAL_GPIO_ReadPin
                0x0000000008004210       0x30 Drivers/STM32F4xx_HAL_Driver/stm32f4xx_hal_gpio.o
                0x0000000008004210                HAL_GPIO_ReadPin
 .text.HAL_GPIO_WritePin
                0x0000000008004240       0x32 Drivers/STM32F4xx_HAL_Driver/stm32f4xx_hal_gpio.o
                0x0000000008004240                HAL_GPIO_WritePin
 *fill*         0x0000000008004272        0x2 
 .text.HAL_QSPI_Init
                0x0000000008004274       0xf8 Drivers/STM32F4xx_HAL_Driver/stm32f4xx_hal_qspi.o
                0x0000000008004274                HAL_QSPI_Init
 .text.HAL_QSPI_SetTimeout
                0x000000000800436c       0x1c Drivers/STM32F4xx_HAL_Driver/stm32f4xx_hal_qspi.o
                0x000000000800436c                HAL_QSPI_SetTimeout
 .text.QSPI_WaitFlagStateUntilTimeout
                0x0000000008004388       0x6e Drivers/STM32F4xx_HAL_Driver/stm32f4xx_hal_qspi.o
 *fill*         0x00000000080043f6        0x2 
 .text.HAL_RCC_ClockConfig
                0x00000000080043f8      0x1cc Drivers/STM32F4xx_HAL_Driver/stm32f4xx_hal_rcc.o
                0x00000000080043f8                HAL_RCC_ClockConfig
 .text.HAL_RCC_GetSysClockFreq
                0x00000000080045c4      0x164 Drivers/STM32F4xx_HAL_Driver/stm32f4xx_hal_rcc.o
                0x00000000080045c4                HAL_RCC_GetSysClockFreq
 .text.HAL_RCC_GetHCLKFreq
                0x0000000008004728       0x18 Drivers/STM32F4xx_HAL_Driver/stm32f4xx_hal_rcc.o
                0x0000000008004728                HAL_RCC_GetHCLKFreq
 .text.HAL_RCC_GetPCLK1Freq
                0x0000000008004740       0x28 Drivers/STM32F4xx_HAL_Driver/stm32f4xx_hal_rcc.o
                0x0000000008004740                HAL_RCC_GetPCLK1Freq
 .text.HAL_RCC_GetPCLK2Freq
                0x0000000008004768       0x28 Drivers/STM32F4xx_HAL_Driver/stm32f4xx_hal_rcc.o
                0x0000000008004768                HAL_RCC_GetPCLK2Freq
 .text.HAL_RCCEx_PeriphCLKConfig
                0x0000000008004790      0x518 Drivers/STM32F4xx_HAL_Driver/stm32f4xx_hal_rcc_ex.o
                0x0000000008004790                HAL_RCCEx_PeriphCLKConfig
 .text.HAL_RCC_OscConfig
                0x0000000008004ca8      0x484 Drivers/STM32F4xx_HAL_Driver/stm32f4xx_hal_rcc_ex.o
                0x0000000008004ca8                HAL_RCC_OscConfig
 .text.HAL_SD_Init
                0x000000000800512c       0x60 Drivers/STM32F4xx_HAL_Driver/stm32f4xx_hal_sd.o
                0x000000000800512c                HAL_SD_Init
 .text.HAL_SD_InitCard
                0x000000000800518c       0xc0 Drivers/STM32F4xx_HAL_Driver/stm32f4xx_hal_sd.o
                0x000000000800518c                HAL_SD_InitCard
 .text.HAL_SD_ReadBlocks
                0x000000000800524c      0x3f0 Drivers/STM32F4xx_HAL_Driver/stm32f4xx_hal_sd.o
                0x000000000800524c                HAL_SD_ReadBlocks
 .text.HAL_SD_WriteBlocks
                0x000000000800563c      0x340 Drivers/STM32F4xx_HAL_Driver/stm32f4xx_hal_sd.o
                0x000000000800563c                HAL_SD_WriteBlocks
 .text.HAL_SD_GetCardCSD
                0x000000000800597c      0x348 Drivers/STM32F4xx_HAL_Driver/stm32f4xx_hal_sd.o
                0x000000000800597c                HAL_SD_GetCardCSD
 .text.HAL_SD_GetCardInfo
                0x0000000008005cc4       0x58 Drivers/STM32F4xx_HAL_Driver/stm32f4xx_hal_sd.o
                0x0000000008005cc4                HAL_SD_GetCardInfo
 .text.HAL_SD_GetCardState
                0x0000000008005d1c       0x40 Drivers/STM32F4xx_HAL_Driver/stm32f4xx_hal_sd.o
                0x0000000008005d1c                HAL_SD_GetCardState
 .text.SD_InitCard
                0x0000000008005d5c      0x19a Drivers/STM32F4xx_HAL_Driver/stm32f4xx_hal_sd.o
 *fill*         0x0000000008005ef6        0x2 
 .text.SD_PowerON
                0x0000000008005ef8      0x11c Drivers/STM32F4xx_HAL_Driver/stm32f4xx_hal_sd.o
 .text.SD_SendStatus
                0x0000000008006014       0x50 Drivers/STM32F4xx_HAL_Driver/stm32f4xx_hal_sd.o
 .text.HAL_SPI_Init
                0x0000000008006064       0xc8 Drivers/STM32F4xx_HAL_Driver/stm32f4xx_hal_spi.o
                0x0000000008006064                HAL_SPI_Init
 .text.HAL_SPI_TransmitReceive
                0x000000000800612c      0x344 Drivers/STM32F4xx_HAL_Driver/stm32f4xx_hal_spi.o
                0x000000000800612c                HAL_SPI_TransmitReceive
 .text.SPI_WaitFlagStateUntilTimeout
                0x0000000008006470       0xd4 Drivers/STM32F4xx_HAL_Driver/stm32f4xx_hal_spi.o
 .text.SPI_EndRxTxTransaction
                0x0000000008006544       0x84 Drivers/STM32F4xx_HAL_Driver/stm32f4xx_hal_spi.o
 .text.HAL_SRAM_Init
                0x00000000080065c8       0x88 Drivers/STM32F4xx_HAL_Driver/stm32f4xx_hal_sram.o
                0x00000000080065c8                HAL_SRAM_Init
 .text.HAL_UART_Init
                0x0000000008006650       0x9a Drivers/STM32F4xx_HAL_Driver/stm32f4xx_hal_uart.o
                0x0000000008006650                HAL_UART_Init
 *fill*         0x00000000080066ea        0x2 
 .text.UART_SetConfig
                0x00000000080066ec      0x730 Drivers/STM32F4xx_HAL_Driver/stm32f4xx_hal_uart.o
 .text.FSMC_NORSRAM_Init
                0x0000000008006e1c       0xe0 Drivers/STM32F4xx_HAL_Driver/stm32f4xx_ll_fsmc.o
                0x0000000008006e1c                FSMC_NORSRAM_Init
 .text.FSMC_NORSRAM_Timing_Init
                0x0000000008006efc       0xa6 Drivers/STM32F4xx_HAL_Driver/stm32f4xx_ll_fsmc.o
                0x0000000008006efc                FSMC_NORSRAM_Timing_Init
 *fill*         0x0000000008006fa2        0x2 
 .text.FSMC_NORSRAM_Extended_Timing_Init
                0x0000000008006fa4       0x80 Drivers/STM32F4xx_HAL_Driver/stm32f4xx_ll_fsmc.o
                0x0000000008006fa4                FSMC_NORSRAM_Extended_Timing_Init
 .text.SDIO_Init
                0x0000000008007024       0x56 Drivers/STM32F4xx_HAL_Driver/stm32f4xx_ll_sdmmc.o
                0x0000000008007024                SDIO_Init
 .text.SDIO_ReadFIFO
                0x000000000800707a       0x1a Drivers/STM32F4xx_HAL_Driver/stm32f4xx_ll_sdmmc.o
                0x000000000800707a                SDIO_ReadFIFO
 .text.SDIO_WriteFIFO
                0x0000000008007094       0x22 Drivers/STM32F4xx_HAL_Driver/stm32f4xx_ll_sdmmc.o
                0x0000000008007094                SDIO_WriteFIFO
 .text.SDIO_PowerState_ON
                0x00000000080070b6       0x1e Drivers/STM32F4xx_HAL_Driver/stm32f4xx_ll_sdmmc.o
                0x00000000080070b6                SDIO_PowerState_ON
 .text.SDIO_GetPowerState
                0x00000000080070d4       0x1c Drivers/STM32F4xx_HAL_Driver/stm32f4xx_ll_sdmmc.o
                0x00000000080070d4                SDIO_GetPowerState
 .text.SDIO_SendCommand
                0x00000000080070f0       0x54 Drivers/STM32F4xx_HAL_Driver/stm32f4xx_ll_sdmmc.o
                0x00000000080070f0                SDIO_SendCommand
 .text.SDIO_GetCommandResponse
                0x0000000008007144       0x1a Drivers/STM32F4xx_HAL_Driver/stm32f4xx_ll_sdmmc.o
                0x0000000008007144                SDIO_GetCommandResponse
 .text.SDIO_GetResponse
                0x000000000800715e       0x26 Drivers/STM32F4xx_HAL_Driver/stm32f4xx_ll_sdmmc.o
                0x000000000800715e                SDIO_GetResponse
 .text.SDIO_ConfigData
                0x0000000008007184       0x58 Drivers/STM32F4xx_HAL_Driver/stm32f4xx_ll_sdmmc.o
                0x0000000008007184                SDIO_ConfigData
 .text.SDMMC_CmdBlockLength
                0x00000000080071dc       0x44 Drivers/STM32F4xx_HAL_Driver/stm32f4xx_ll_sdmmc.o
                0x00000000080071dc                SDMMC_CmdBlockLength
 .text.SDMMC_CmdReadSingleBlock
                0x0000000008007220       0x44 Drivers/STM32F4xx_HAL_Driver/stm32f4xx_ll_sdmmc.o
                0x0000000008007220                SDMMC_CmdReadSingleBlock
 .text.SDMMC_CmdReadMultiBlock
                0x0000000008007264       0x44 Drivers/STM32F4xx_HAL_Driver/stm32f4xx_ll_sdmmc.o
                0x0000000008007264                SDMMC_CmdReadMultiBlock
 .text.SDMMC_CmdWriteSingleBlock
                0x00000000080072a8       0x44 Drivers/STM32F4xx_HAL_Driver/stm32f4xx_ll_sdmmc.o
                0x00000000080072a8                SDMMC_CmdWriteSingleBlock
 .text.SDMMC_CmdWriteMultiBlock
                0x00000000080072ec       0x44 Drivers/STM32F4xx_HAL_Driver/stm32f4xx_ll_sdmmc.o
                0x00000000080072ec                SDMMC_CmdWriteMultiBlock
 .text.SDMMC_CmdStopTransfer
                0x0000000008007330       0x44 Drivers/STM32F4xx_HAL_Driver/stm32f4xx_ll_sdmmc.o
                0x0000000008007330                SDMMC_CmdStopTransfer
 .text.SDMMC_CmdSelDesel
                0x0000000008007374       0x46 Drivers/STM32F4xx_HAL_Driver/stm32f4xx_ll_sdmmc.o
                0x0000000008007374                SDMMC_CmdSelDesel
 .text.SDMMC_CmdGoIdleState
                0x00000000080073ba       0x3c Drivers/STM32F4xx_HAL_Driver/stm32f4xx_ll_sdmmc.o
                0x00000000080073ba                SDMMC_CmdGoIdleState
 .text.SDMMC_CmdOperCond
                0x00000000080073f6       0x3e Drivers/STM32F4xx_HAL_Driver/stm32f4xx_ll_sdmmc.o
                0x00000000080073f6                SDMMC_CmdOperCond
 .text.SDMMC_CmdAppCommand
                0x0000000008007434       0x44 Drivers/STM32F4xx_HAL_Driver/stm32f4xx_ll_sdmmc.o
                0x0000000008007434                SDMMC_CmdAppCommand
 .text.SDMMC_CmdAppOperCommand
                0x0000000008007478       0x46 Drivers/STM32F4xx_HAL_Driver/stm32f4xx_ll_sdmmc.o
                0x0000000008007478                SDMMC_CmdAppOperCommand
 .text.SDMMC_CmdSendCID
                0x00000000080074be       0x3c Drivers/STM32F4xx_HAL_Driver/stm32f4xx_ll_sdmmc.o
                0x00000000080074be                SDMMC_CmdSendCID
 .text.SDMMC_CmdSendCSD
                0x00000000080074fa       0x3e Drivers/STM32F4xx_HAL_Driver/stm32f4xx_ll_sdmmc.o
                0x00000000080074fa                SDMMC_CmdSendCSD
 .text.SDMMC_CmdSetRelAdd
                0x0000000008007538       0x42 Drivers/STM32F4xx_HAL_Driver/stm32f4xx_ll_sdmmc.o
                0x0000000008007538                SDMMC_CmdSetRelAdd
 .text.SDMMC_CmdSendStatus
                0x000000000800757a       0x44 Drivers/STM32F4xx_HAL_Driver/stm32f4xx_ll_sdmmc.o
                0x000000000800757a                SDMMC_CmdSendStatus
 *fill*         0x00000000080075be        0x2 
 .text.SDMMC_GetCmdError
                0x00000000080075c0       0x50 Drivers/STM32F4xx_HAL_Driver/stm32f4xx_ll_sdmmc.o
 .text.SDMMC_GetCmdResp1
                0x0000000008007610      0x1d8 Drivers/STM32F4xx_HAL_Driver/stm32f4xx_ll_sdmmc.o
 .text.SDMMC_GetCmdResp2
                0x00000000080077e8       0x8c Drivers/STM32F4xx_HAL_Driver/stm32f4xx_ll_sdmmc.o
 .text.SDMMC_GetCmdResp3
                0x0000000008007874       0x74 Drivers/STM32F4xx_HAL_Driver/stm32f4xx_ll_sdmmc.o
 .text.SDMMC_GetCmdResp6
                0x00000000080078e8       0xe8 Drivers/STM32F4xx_HAL_Driver/stm32f4xx_ll_sdmmc.o
 .text.SDMMC_GetCmdResp7
                0x00000000080079d0       0x98 Drivers/STM32F4xx_HAL_Driver/stm32f4xx_ll_sdmmc.o
 .text.MX_FATFS_Init
                0x0000000008007a68       0x24 FATFS/App/fatfs.o
                0x0000000008007a68                MX_FATFS_Init
 .text.get_fattime
                0x0000000008007a8c       0x10 FATFS/App/fatfs.o
                0x0000000008007a8c                get_fattime
 .text.BSP_SD_Init
                0x0000000008007a9c       0x30 FATFS/Target/bsp_driver_sd.o
                0x0000000008007a9c                BSP_SD_Init
 .text.BSP_SD_ReadBlocks
                0x0000000008007acc       0x3c FATFS/Target/bsp_driver_sd.o
                0x0000000008007acc                BSP_SD_ReadBlocks
 .text.BSP_SD_WriteBlocks
                0x0000000008007b08       0x3c FATFS/Target/bsp_driver_sd.o
                0x0000000008007b08                BSP_SD_WriteBlocks
 .text.BSP_SD_GetCardState
                0x0000000008007b44       0x20 FATFS/Target/bsp_driver_sd.o
                0x0000000008007b44                BSP_SD_GetCardState
 .text.BSP_SD_GetCardInfo
                0x0000000008007b64       0x1c FATFS/Target/bsp_driver_sd.o
                0x0000000008007b64                BSP_SD_GetCardInfo
 .text.BSP_SD_IsDetected
                0x0000000008007b80       0x24 FATFS/Target/bsp_driver_sd.o
                0x0000000008007b80                BSP_SD_IsDetected
 .text.BSP_PlatformIsDetected
                0x0000000008007ba4       0x2c FATFS/Target/fatfs_platform.o
                0x0000000008007ba4                BSP_PlatformIsDetected
 .text.SD_CheckStatus
                0x0000000008007bd0       0x3c FATFS/Target/sd_diskio.o
 .text.SD_initialize
                0x0000000008007c0c       0x3c FATFS/Target/sd_diskio.o
                0x0000000008007c0c                SD_initialize
 .text.SD_status
                0x0000000008007c48       0x1c FATFS/Target/sd_diskio.o
                0x0000000008007c48                SD_status
 .text.SD_read  0x0000000008007c64       0x42 FATFS/Target/sd_diskio.o
                0x0000000008007c64                SD_read
 .text.SD_write
                0x0000000008007ca6       0x42 FATFS/Target/sd_diskio.o
                0x0000000008007ca6                SD_write
 .text.SD_ioctl
                0x0000000008007ce8       0xb0 FATFS/Target/sd_diskio.o
                0x0000000008007ce8                SD_ioctl
 .text.ff_convert
                0x0000000008007d98       0x78 Middlewares/FatFs/ccsbcs.o
                0x0000000008007d98                ff_convert
 .text.ff_wtoupper
                0x0000000008007e10      0x114 Middlewares/FatFs/ccsbcs.o
                0x0000000008007e10                ff_wtoupper
 .text.disk_status
                0x0000000008007f24       0x34 Middlewares/FatFs/diskio.o
                0x0000000008007f24                disk_status
 .text.disk_initialize
                0x0000000008007f58       0x4c Middlewares/FatFs/diskio.o
                0x0000000008007f58                disk_initialize
 .text.disk_read
                0x0000000008007fa4       0x40 Middlewares/FatFs/diskio.o
                0x0000000008007fa4                disk_read
 .text.disk_write
                0x0000000008007fe4       0x40 Middlewares/FatFs/diskio.o
                0x0000000008007fe4                disk_write
 .text.disk_ioctl
                0x0000000008008024       0x3c Middlewares/FatFs/diskio.o
                0x0000000008008024                disk_ioctl
 .text.ld_word  0x0000000008008060       0x30 Middlewares/FatFs/ff.o
 .text.ld_dword
                0x0000000008008090       0x46 Middlewares/FatFs/ff.o
 .text.st_word  0x00000000080080d6       0x36 Middlewares/FatFs/ff.o
 .text.st_dword
                0x000000000800810c       0x58 Middlewares/FatFs/ff.o
 .text.mem_cpy  0x0000000008008164       0x42 Middlewares/FatFs/ff.o
 .text.mem_set  0x00000000080081a6       0x34 Middlewares/FatFs/ff.o
 .text.mem_cmp  0x00000000080081da       0x4e Middlewares/FatFs/ff.o
 .text.chk_chr  0x0000000008008228       0x36 Middlewares/FatFs/ff.o
 *fill*         0x000000000800825e        0x2 
 .text.chk_lock
                0x0000000008008260       0xb8 Middlewares/FatFs/ff.o
 .text.enq_lock
                0x0000000008008318       0x44 Middlewares/FatFs/ff.o
 .text.inc_lock
                0x000000000800835c      0x11c Middlewares/FatFs/ff.o
 .text.dec_lock
                0x0000000008008478       0x78 Middlewares/FatFs/ff.o
 .text.clear_lock
                0x00000000080084f0       0x48 Middlewares/FatFs/ff.o
 .text.sync_window
                0x0000000008008538       0x88 Middlewares/FatFs/ff.o
 .text.move_window
                0x00000000080085c0       0x5a Middlewares/FatFs/ff.o
 *fill*         0x000000000800861a        0x2 
 .text.sync_fs  0x000000000800861c       0xe0 Middlewares/FatFs/ff.o
 .text.clust2sect
                0x00000000080086fc       0x3e Middlewares/FatFs/ff.o
 .text.get_fat  0x000000000800873a      0x1a0 Middlewares/FatFs/ff.o
 .text.put_fat  0x00000000080088da      0x22e Middlewares/FatFs/ff.o
 .text.remove_chain
                0x0000000008008b08       0xca Middlewares/FatFs/ff.o
 .text.create_chain
                0x0000000008008bd2      0x130 Middlewares/FatFs/ff.o
 .text.clmt_clust
                0x0000000008008d02       0x70 Middlewares/FatFs/ff.o
 .text.dir_sdi  0x0000000008008d72      0x112 Middlewares/FatFs/ff.o
 .text.dir_next
                0x0000000008008e84      0x1ac Middlewares/FatFs/ff.o
 .text.dir_alloc
                0x0000000008009030       0x8e Middlewares/FatFs/ff.o
 .text.ld_clust
                0x00000000080090be       0x3e Middlewares/FatFs/ff.o
 .text.st_clust
                0x00000000080090fc       0x40 Middlewares/FatFs/ff.o
 .text.cmp_lfn  0x000000000800913c       0xe0 Middlewares/FatFs/ff.o
 .text.put_lfn  0x000000000800921c       0xd0 Middlewares/FatFs/ff.o
 .text.gen_numname
                0x00000000080092ec      0x11e Middlewares/FatFs/ff.o
 .text.sum_sfn  0x000000000800940a       0x42 Middlewares/FatFs/ff.o
 .text.dir_find
                0x000000000800944c      0x180 Middlewares/FatFs/ff.o
 .text.dir_register
                0x00000000080095cc      0x1f0 Middlewares/FatFs/ff.o
 .text.create_name
                0x00000000080097bc      0x370 Middlewares/FatFs/ff.o
 .text.follow_path
                0x0000000008009b2c       0xec Middlewares/FatFs/ff.o
 .text.get_ldnumber
                0x0000000008009c18       0x88 Middlewares/FatFs/ff.o
 .text.check_fs
                0x0000000008009ca0       0xac Middlewares/FatFs/ff.o
 .text.find_volume
                0x0000000008009d4c      0x510 Middlewares/FatFs/ff.o
 .text.validate
                0x000000000800a25c       0x6a Middlewares/FatFs/ff.o
 *fill*         0x000000000800a2c6        0x2 
 .text.f_mount  0x000000000800a2c8       0x8c Middlewares/FatFs/ff.o
                0x000000000800a2c8                f_mount
 .text.f_open   0x000000000800a354      0x398 Middlewares/FatFs/ff.o
                0x000000000800a354                f_open
 .text.f_write  0x000000000800a6ec      0x328 Middlewares/FatFs/ff.o
                0x000000000800a6ec                f_write
 .text.f_sync   0x000000000800aa14       0xfc Middlewares/FatFs/ff.o
                0x000000000800aa14                f_sync
 .text.f_close  0x000000000800ab10       0x54 Middlewares/FatFs/ff.o
                0x000000000800ab10                f_close
 .text.FATFS_LinkDriverEx
                0x000000000800ab64       0x98 Middlewares/FatFs/ff_gen_drv.o
                0x000000000800ab64                FATFS_LinkDriverEx
 .text.FATFS_LinkDriver
                0x000000000800abfc       0x1e Middlewares/FatFs/ff_gen_drv.o
                0x000000000800abfc                FATFS_LinkDriver
 *fill*         0x000000000800ac1a        0x2 
 .text.__errno  0x000000000800ac1c        0xc c:/st/stm32cubeide_1.5.0/stm32cubeide/plugins/com.st.stm32cube.ide.mcu.externaltools.gnu-tools-for-stm32.7-2018-q2-update.win32_1.5.0.202011040924/tools/bin/../lib/gcc/arm-none-eabi/7.3.1/../../../../arm-none-eabi/lib/thumb/v7e-m/fpv4-sp/hard\libc_nano.a(lib_a-errno.o)
                0x000000000800ac1c                __errno
 .text.__libc_init_array
                0x000000000800ac28       0x48 c:/st/stm32cubeide_1.5.0/stm32cubeide/plugins/com.st.stm32cube.ide.mcu.externaltools.gnu-tools-for-stm32.7-2018-q2-update.win32_1.5.0.202011040924/tools/bin/../lib/gcc/arm-none-eabi/7.3.1/../../../../arm-none-eabi/lib/thumb/v7e-m/fpv4-sp/hard\libc_nano.a(lib_a-init.o)
                0x000000000800ac28                __libc_init_array
 .text.memcpy   0x000000000800ac70       0x16 c:/st/stm32cubeide_1.5.0/stm32cubeide/plugins/com.st.stm32cube.ide.mcu.externaltools.gnu-tools-for-stm32.7-2018-q2-update.win32_1.5.0.202011040924/tools/bin/../lib/gcc/arm-none-eabi/7.3.1/../../../../arm-none-eabi/lib/thumb/v7e-m/fpv4-sp/hard\libc_nano.a(lib_a-memcpy-stub.o)
                0x000000000800ac70                memcpy
 .text.memset   0x000000000800ac86       0x10 c:/st/stm32cubeide_1.5.0/stm32cubeide/plugins/com.st.stm32cube.ide.mcu.externaltools.gnu-tools-for-stm32.7-2018-q2-update.win32_1.5.0.202011040924/tools/bin/../lib/gcc/arm-none-eabi/7.3.1/../../../../arm-none-eabi/lib/thumb/v7e-m/fpv4-sp/hard\libc_nano.a(lib_a-memset.o)
                0x000000000800ac86                memset
 *fill*         0x000000000800ac96        0x2 
 .text._free_r  0x000000000800ac98       0x9c c:/st/stm32cubeide_1.5.0/stm32cubeide/plugins/com.st.stm32cube.ide.mcu.externaltools.gnu-tools-for-stm32.7-2018-q2-update.win32_1.5.0.202011040924/tools/bin/../lib/gcc/arm-none-eabi/7.3.1/../../../../arm-none-eabi/lib/thumb/v7e-m/fpv4-sp/hard\libc_nano.a(lib_a-nano-freer.o)
                0x000000000800ac98                _free_r
 .text._malloc_r
                0x000000000800ad34       0xb4 c:/st/stm32cubeide_1.5.0/stm32cubeide/plugins/com.st.stm32cube.ide.mcu.externaltools.gnu-tools-for-stm32.7-2018-q2-update.win32_1.5.0.202011040924/tools/bin/../lib/gcc/arm-none-eabi/7.3.1/../../../../arm-none-eabi/lib/thumb/v7e-m/fpv4-sp/hard\libc_nano.a(lib_a-nano-mallocr.o)
                0x000000000800ad34                _malloc_r
 .text.printf   0x000000000800ade8       0x30 c:/st/stm32cubeide_1.5.0/stm32cubeide/plugins/com.st.stm32cube.ide.mcu.externaltools.gnu-tools-for-stm32.7-2018-q2-update.win32_1.5.0.202011040924/tools/bin/../lib/gcc/arm-none-eabi/7.3.1/../../../../arm-none-eabi/lib/thumb/v7e-m/fpv4-sp/hard\libc_nano.a(lib_a-printf.o)
                0x000000000800ade8                iprintf
                0x000000000800ade8                printf
 .text._puts_r  0x000000000800ae18       0xb8 c:/st/stm32cubeide_1.5.0/stm32cubeide/plugins/com.st.stm32cube.ide.mcu.externaltools.gnu-tools-for-stm32.7-2018-q2-update.win32_1.5.0.202011040924/tools/bin/../lib/gcc/arm-none-eabi/7.3.1/../../../../arm-none-eabi/lib/thumb/v7e-m/fpv4-sp/hard\libc_nano.a(lib_a-puts.o)
                0x000000000800ae18                _puts_r
 .text.puts     0x000000000800aed0       0x10 c:/st/stm32cubeide_1.5.0/stm32cubeide/plugins/com.st.stm32cube.ide.mcu.externaltools.gnu-tools-for-stm32.7-2018-q2-update.win32_1.5.0.202011040924/tools/bin/../lib/gcc/arm-none-eabi/7.3.1/../../../../arm-none-eabi/lib/thumb/v7e-m/fpv4-sp/hard\libc_nano.a(lib_a-puts.o)
                0x000000000800aed0                puts
 .text._sbrk_r  0x000000000800aee0       0x20 c:/st/stm32cubeide_1.5.0/stm32cubeide/plugins/com.st.stm32cube.ide.mcu.externaltools.gnu-tools-for-stm32.7-2018-q2-update.win32_1.5.0.202011040924/tools/bin/../lib/gcc/arm-none-eabi/7.3.1/../../../../arm-none-eabi/lib/thumb/v7e-m/fpv4-sp/hard\libc_nano.a(lib_a-sbrkr.o)
                0x000000000800aee0                _sbrk_r
 .text.__swbuf_r
                0x000000000800af00       0xa4 c:/st/stm32cubeide_1.5.0/stm32cubeide/plugins/com.st.stm32cube.ide.mcu.externaltools.gnu-tools-for-stm32.7-2018-q2-update.win32_1.5.0.202011040924/tools/bin/../lib/gcc/arm-none-eabi/7.3.1/../../../../arm-none-eabi/lib/thumb/v7e-m/fpv4-sp/hard\libc_nano.a(lib_a-wbuf.o)
                0x000000000800af00                __swbuf_r
 .text.__swsetup_r
                0x000000000800afa4       0xdc c:/st/stm32cubeide_1.5.0/stm32cubeide/plugins/com.st.stm32cube.ide.mcu.externaltools.gnu-tools-for-stm32.7-2018-q2-update.win32_1.5.0.202011040924/tools/bin/../lib/gcc/arm-none-eabi/7.3.1/../../../../arm-none-eabi/lib/thumb/v7e-m/fpv4-sp/hard\libc_nano.a(lib_a-wsetup.o)
                0x000000000800afa4                __swsetup_r
 .text.__sflush_r
                0x000000000800b080      0x10c c:/st/stm32cubeide_1.5.0/stm32cubeide/plugins/com.st.stm32cube.ide.mcu.externaltools.gnu-tools-for-stm32.7-2018-q2-update.win32_1.5.0.202011040924/tools/bin/../lib/gcc/arm-none-eabi/7.3.1/../../../../arm-none-eabi/lib/thumb/v7e-m/fpv4-sp/hard\libc_nano.a(lib_a-fflush.o)
                0x000000000800b080                __sflush_r
 .text._fflush_r
                0x000000000800b18c       0x54 c:/st/stm32cubeide_1.5.0/stm32cubeide/plugins/com.st.stm32cube.ide.mcu.externaltools.gnu-tools-for-stm32.7-2018-q2-update.win32_1.5.0.202011040924/tools/bin/../lib/gcc/arm-none-eabi/7.3.1/../../../../arm-none-eabi/lib/thumb/v7e-m/fpv4-sp/hard\libc_nano.a(lib_a-fflush.o)
                0x000000000800b18c                _fflush_r
 .text.std      0x000000000800b1e0       0x48 c:/st/stm32cubeide_1.5.0/stm32cubeide/plugins/com.st.stm32cube.ide.mcu.externaltools.gnu-tools-for-stm32.7-2018-q2-update.win32_1.5.0.202011040924/tools/bin/../lib/gcc/arm-none-eabi/7.3.1/../../../../arm-none-eabi/lib/thumb/v7e-m/fpv4-sp/hard\libc_nano.a(lib_a-findfp.o)
 .text._cleanup_r
                0x000000000800b228        0xc c:/st/stm32cubeide_1.5.0/stm32cubeide/plugins/com.st.stm32cube.ide.mcu.externaltools.gnu-tools-for-stm32.7-2018-q2-update.win32_1.5.0.202011040924/tools/bin/../lib/gcc/arm-none-eabi/7.3.1/../../../../arm-none-eabi/lib/thumb/v7e-m/fpv4-sp/hard\libc_nano.a(lib_a-findfp.o)
                0x000000000800b228                _cleanup_r
 .text.__sfmoreglue
                0x000000000800b234       0x2c c:/st/stm32cubeide_1.5.0/stm32cubeide/plugins/com.st.stm32cube.ide.mcu.externaltools.gnu-tools-for-stm32.7-2018-q2-update.win32_1.5.0.202011040924/tools/bin/../lib/gcc/arm-none-eabi/7.3.1/../../../../arm-none-eabi/lib/thumb/v7e-m/fpv4-sp/hard\libc_nano.a(lib_a-findfp.o)
                0x000000000800b234                __sfmoreglue
 .text.__sinit  0x000000000800b260       0x60 c:/st/stm32cubeide_1.5.0/stm32cubeide/plugins/com.st.stm32cube.ide.mcu.externaltools.gnu-tools-for-stm32.7-2018-q2-update.win32_1.5.0.202011040924/tools/bin/../lib/gcc/arm-none-eabi/7.3.1/../../../../arm-none-eabi/lib/thumb/v7e-m/fpv4-sp/hard\libc_nano.a(lib_a-findfp.o)
                0x000000000800b260                __sinit
 .text.__sfp    0x000000000800b2c0       0x78 c:/st/stm32cubeide_1.5.0/stm32cubeide/plugins/com.st.stm32cube.ide.mcu.externaltools.gnu-tools-for-stm32.7-2018-q2-update.win32_1.5.0.202011040924/tools/bin/../lib/gcc/arm-none-eabi/7.3.1/../../../../arm-none-eabi/lib/thumb/v7e-m/fpv4-sp/hard\libc_nano.a(lib_a-findfp.o)
                0x000000000800b2c0                __sfp
 .text._fwalk_reent
                0x000000000800b338       0x3c c:/st/stm32cubeide_1.5.0/stm32cubeide/plugins/com.st.stm32cube.ide.mcu.externaltools.gnu-tools-for-stm32.7-2018-q2-update.win32_1.5.0.202011040924/tools/bin/../lib/gcc/arm-none-eabi/7.3.1/../../../../arm-none-eabi/lib/thumb/v7e-m/fpv4-sp/hard\libc_nano.a(lib_a-fwalk.o)
                0x000000000800b338                _fwalk_reent
 .text.__swhatbuf_r
                0x000000000800b374       0x48 c:/st/stm32cubeide_1.5.0/stm32cubeide/plugins/com.st.stm32cube.ide.mcu.externaltools.gnu-tools-for-stm32.7-2018-q2-update.win32_1.5.0.202011040924/tools/bin/../lib/gcc/arm-none-eabi/7.3.1/../../../../arm-none-eabi/lib/thumb/v7e-m/fpv4-sp/hard\libc_nano.a(lib_a-makebuf.o)
                0x000000000800b374                __swhatbuf_r
 .text.__smakebuf_r
                0x000000000800b3bc       0x80 c:/st/stm32cubeide_1.5.0/stm32cubeide/plugins/com.st.stm32cube.ide.mcu.externaltools.gnu-tools-for-stm32.7-2018-q2-update.win32_1.5.0.202011040924/tools/bin/../lib/gcc/arm-none-eabi/7.3.1/../../../../arm-none-eabi/lib/thumb/v7e-m/fpv4-sp/hard\libc_nano.a(lib_a-makebuf.o)
                0x000000000800b3bc                __smakebuf_r
 .text.__malloc_lock
                0x000000000800b43c        0x2 c:/st/stm32cubeide_1.5.0/stm32cubeide/plugins/com.st.stm32cube.ide.mcu.externaltools.gnu-tools-for-stm32.7-2018-q2-update.win32_1.5.0.202011040924/tools/bin/../lib/gcc/arm-none-eabi/7.3.1/../../../../arm-none-eabi/lib/thumb/v7e-m/fpv4-sp/hard\libc_nano.a(lib_a-mlock.o)
                0x000000000800b43c                __malloc_lock
 .text.__malloc_unlock
                0x000000000800b43e        0x2 c:/st/stm32cubeide_1.5.0/stm32cubeide/plugins/com.st.stm32cube.ide.mcu.externaltools.gnu-tools-for-stm32.7-2018-q2-update.win32_1.5.0.202011040924/tools/bin/../lib/gcc/arm-none-eabi/7.3.1/../../../../arm-none-eabi/lib/thumb/v7e-m/fpv4-sp/hard\libc_nano.a(lib_a-mlock.o)
                0x000000000800b43e                __malloc_unlock
 .text.__sfputc_r
                0x000000000800b440       0x2e c:/st/stm32cubeide_1.5.0/stm32cubeide/plugins/com.st.stm32cube.ide.mcu.externaltools.gnu-tools-for-stm32.7-2018-q2-update.win32_1.5.0.202011040924/tools/bin/../lib/gcc/arm-none-eabi/7.3.1/../../../../arm-none-eabi/lib/thumb/v7e-m/fpv4-sp/hard\libc_nano.a(lib_a-nano-vfprintf.o)
 .text.__sfputs_r
                0x000000000800b46e       0x24 c:/st/stm32cubeide_1.5.0/stm32cubeide/plugins/com.st.stm32cube.ide.mcu.externaltools.gnu-tools-for-stm32.7-2018-q2-update.win32_1.5.0.202011040924/tools/bin/../lib/gcc/arm-none-eabi/7.3.1/../../../../arm-none-eabi/lib/thumb/v7e-m/fpv4-sp/hard\libc_nano.a(lib_a-nano-vfprintf.o)
                0x000000000800b46e                __sfputs_r
 *fill*         0x000000000800b492        0x2 
 .text._vfprintf_r
                0x000000000800b494      0x22c c:/st/stm32cubeide_1.5.0/stm32cubeide/plugins/com.st.stm32cube.ide.mcu.externaltools.gnu-tools-for-stm32.7-2018-q2-update.win32_1.5.0.202011040924/tools/bin/../lib/gcc/arm-none-eabi/7.3.1/../../../../arm-none-eabi/lib/thumb/v7e-m/fpv4-sp/hard\libc_nano.a(lib_a-nano-vfprintf.o)
                0x000000000800b494                _vfprintf_r
                0x000000000800b494                _vfiprintf_r
 .text._printf_common
                0x000000000800b6c0       0xea c:/st/stm32cubeide_1.5.0/stm32cubeide/plugins/com.st.stm32cube.ide.mcu.externaltools.gnu-tools-for-stm32.7-2018-q2-update.win32_1.5.0.202011040924/tools/bin/../lib/gcc/arm-none-eabi/7.3.1/../../../../arm-none-eabi/lib/thumb/v7e-m/fpv4-sp/hard\libc_nano.a(lib_a-nano-vfprintf_i.o)
                0x000000000800b6c0                _printf_common
 *fill*         0x000000000800b7aa        0x2 
 .text._printf_i
                0x000000000800b7ac      0x224 c:/st/stm32cubeide_1.5.0/stm32cubeide/plugins/com.st.stm32cube.ide.mcu.externaltools.gnu-tools-for-stm32.7-2018-q2-update.win32_1.5.0.202011040924/tools/bin/../lib/gcc/arm-none-eabi/7.3.1/../../../../arm-none-eabi/lib/thumb/v7e-m/fpv4-sp/hard\libc_nano.a(lib_a-nano-vfprintf_i.o)
                0x000000000800b7ac                _printf_i
 .text.__sread  0x000000000800b9d0       0x22 c:/st/stm32cubeide_1.5.0/stm32cubeide/plugins/com.st.stm32cube.ide.mcu.externaltools.gnu-tools-for-stm32.7-2018-q2-update.win32_1.5.0.202011040924/tools/bin/../lib/gcc/arm-none-eabi/7.3.1/../../../../arm-none-eabi/lib/thumb/v7e-m/fpv4-sp/hard\libc_nano.a(lib_a-stdio.o)
                0x000000000800b9d0                __sread
 .text.__swrite
                0x000000000800b9f2       0x38 c:/st/stm32cubeide_1.5.0/stm32cubeide/plugins/com.st.stm32cube.ide.mcu.externaltools.gnu-tools-for-stm32.7-2018-q2-update.win32_1.5.0.202011040924/tools/bin/../lib/gcc/arm-none-eabi/7.3.1/../../../../arm-none-eabi/lib/thumb/v7e-m/fpv4-sp/hard\libc_nano.a(lib_a-stdio.o)
                0x000000000800b9f2                __swrite
 .text.__sseek  0x000000000800ba2a       0x24 c:/st/stm32cubeide_1.5.0/stm32cubeide/plugins/com.st.stm32cube.ide.mcu.externaltools.gnu-tools-for-stm32.7-2018-q2-update.win32_1.5.0.202011040924/tools/bin/../lib/gcc/arm-none-eabi/7.3.1/../../../../arm-none-eabi/lib/thumb/v7e-m/fpv4-sp/hard\libc_nano.a(lib_a-stdio.o)
                0x000000000800ba2a                __sseek
 .text.__sclose
                0x000000000800ba4e        0x8 c:/st/stm32cubeide_1.5.0/stm32cubeide/plugins/com.st.stm32cube.ide.mcu.externaltools.gnu-tools-for-stm32.7-2018-q2-update.win32_1.5.0.202011040924/tools/bin/../lib/gcc/arm-none-eabi/7.3.1/../../../../arm-none-eabi/lib/thumb/v7e-m/fpv4-sp/hard\libc_nano.a(lib_a-stdio.o)
                0x000000000800ba4e                __sclose
 *fill*         0x000000000800ba56        0x2 
 .text._write_r
                0x000000000800ba58       0x24 c:/st/stm32cubeide_1.5.0/stm32cubeide/plugins/com.st.stm32cube.ide.mcu.externaltools.gnu-tools-for-stm32.7-2018-q2-update.win32_1.5.0.202011040924/tools/bin/../lib/gcc/arm-none-eabi/7.3.1/../../../../arm-none-eabi/lib/thumb/v7e-m/fpv4-sp/hard\libc_nano.a(lib_a-writer.o)
                0x000000000800ba58                _write_r
 .text._close_r
                0x000000000800ba7c       0x20 c:/st/stm32cubeide_1.5.0/stm32cubeide/plugins/com.st.stm32cube.ide.mcu.externaltools.gnu-tools-for-stm32.7-2018-q2-update.win32_1.5.0.202011040924/tools/bin/../lib/gcc/arm-none-eabi/7.3.1/../../../../arm-none-eabi/lib/thumb/v7e-m/fpv4-sp/hard\libc_nano.a(lib_a-closer.o)
                0x000000000800ba7c                _close_r
 .text._fstat_r
                0x000000000800ba9c       0x24 c:/st/stm32cubeide_1.5.0/stm32cubeide/plugins/com.st.stm32cube.ide.mcu.externaltools.gnu-tools-for-stm32.7-2018-q2-update.win32_1.5.0.202011040924/tools/bin/../lib/gcc/arm-none-eabi/7.3.1/../../../../arm-none-eabi/lib/thumb/v7e-m/fpv4-sp/hard\libc_nano.a(lib_a-fstatr.o)
                0x000000000800ba9c                _fstat_r
 .text._isatty_r
                0x000000000800bac0       0x20 c:/st/stm32cubeide_1.5.0/stm32cubeide/plugins/com.st.stm32cube.ide.mcu.externaltools.gnu-tools-for-stm32.7-2018-q2-update.win32_1.5.0.202011040924/tools/bin/../lib/gcc/arm-none-eabi/7.3.1/../../../../arm-none-eabi/lib/thumb/v7e-m/fpv4-sp/hard\libc_nano.a(lib_a-isattyr.o)
                0x000000000800bac0                _isatty_r
 .text._lseek_r
                0x000000000800bae0       0x24 c:/st/stm32cubeide_1.5.0/stm32cubeide/plugins/com.st.stm32cube.ide.mcu.externaltools.gnu-tools-for-stm32.7-2018-q2-update.win32_1.5.0.202011040924/tools/bin/../lib/gcc/arm-none-eabi/7.3.1/../../../../arm-none-eabi/lib/thumb/v7e-m/fpv4-sp/hard\libc_nano.a(lib_a-lseekr.o)
                0x000000000800bae0                _lseek_r
 .text._read_r  0x000000000800bb04       0x24 c:/st/stm32cubeide_1.5.0/stm32cubeide/plugins/com.st.stm32cube.ide.mcu.externaltools.gnu-tools-for-stm32.7-2018-q2-update.win32_1.5.0.202011040924/tools/bin/../lib/gcc/arm-none-eabi/7.3.1/../../../../arm-none-eabi/lib/thumb/v7e-m/fpv4-sp/hard\libc_nano.a(lib_a-readr.o)
                0x000000000800bb04                _read_r
 *(.glue_7)
 .glue_7        0x000000000800bb28        0x0 linker stubs
 *(.glue_7t)
 .glue_7t       0x000000000800bb28        0x0 linker stubs
 *(.eh_frame)
 .eh_frame      0x000000000800bb28        0x0 c:/st/stm32cubeide_1.5.0/stm32cubeide/plugins/com.st.stm32cube.ide.mcu.externaltools.gnu-tools-for-stm32.7-2018-q2-update.win32_1.5.0.202011040924/tools/bin/../lib/gcc/arm-none-eabi/7.3.1/thumb/v7e-m/fpv4-sp/hard/crtbegin.o
 *(.init)
 .init          0x000000000800bb28        0x4 c:/st/stm32cubeide_1.5.0/stm32cubeide/plugins/com.st.stm32cube.ide.mcu.externaltools.gnu-tools-for-stm32.7-2018-q2-update.win32_1.5.0.202011040924/tools/bin/../lib/gcc/arm-none-eabi/7.3.1/thumb/v7e-m/fpv4-sp/hard/crti.o
                0x000000000800bb28                _init
 .init          0x000000000800bb2c        0x8 c:/st/stm32cubeide_1.5.0/stm32cubeide/plugins/com.st.stm32cube.ide.mcu.externaltools.gnu-tools-for-stm32.7-2018-q2-update.win32_1.5.0.202011040924/tools/bin/../lib/gcc/arm-none-eabi/7.3.1/thumb/v7e-m/fpv4-sp/hard/crtn.o
 *(.fini)
 .fini          0x000000000800bb34        0x4 c:/st/stm32cubeide_1.5.0/stm32cubeide/plugins/com.st.stm32cube.ide.mcu.externaltools.gnu-tools-for-stm32.7-2018-q2-update.win32_1.5.0.202011040924/tools/bin/../lib/gcc/arm-none-eabi/7.3.1/thumb/v7e-m/fpv4-sp/hard/crti.o
                0x000000000800bb34                _fini
 .fini          0x000000000800bb38        0x8 c:/st/stm32cubeide_1.5.0/stm32cubeide/plugins/com.st.stm32cube.ide.mcu.externaltools.gnu-tools-for-stm32.7-2018-q2-update.win32_1.5.0.202011040924/tools/bin/../lib/gcc/arm-none-eabi/7.3.1/thumb/v7e-m/fpv4-sp/hard/crtn.o
                0x000000000800bb40                . = ALIGN (0x4)
                0x000000000800bb40                _etext = .

.vfp11_veneer   0x000000000800bb40        0x0
 .vfp11_veneer  0x000000000800bb40        0x0 linker stubs

.v4_bx          0x000000000800bb40        0x0
 .v4_bx         0x000000000800bb40        0x0 linker stubs

.iplt           0x000000000800bb40        0x0
 .iplt          0x000000000800bb40        0x0 c:/st/stm32cubeide_1.5.0/stm32cubeide/plugins/com.st.stm32cube.ide.mcu.externaltools.gnu-tools-for-stm32.7-2018-q2-update.win32_1.5.0.202011040924/tools/bin/../lib/gcc/arm-none-eabi/7.3.1/thumb/v7e-m/fpv4-sp/hard/crtbegin.o

.rodata         0x000000000800bb40      0x854
                0x000000000800bb40                . = ALIGN (0x4)
 *(.rodata)
 .rodata        0x000000000800bb40       0x1b Core/Src/audio_test.o
 *fill*         0x000000000800bb5b        0x1 
 .rodata        0x000000000800bb5c       0x83 Core/Src/main.o
 *fill*         0x000000000800bbdf        0x1 
 .rodata        0x000000000800bbe0      0x25d Core/Src/wifi_helpers.o
 *fill*         0x000000000800be3d        0x3 
 .rodata        0x000000000800be40       0x48 Middlewares/FatFs/ff.o
 *(.rodata*)
 .rodata.AHBPrescTable
                0x000000000800be88       0x10 Core/Src/system_stm32f4xx.o
                0x000000000800be88                AHBPrescTable
 .rodata.APBPrescTable
                0x000000000800be98        0x8 Core/Src/system_stm32f4xx.o
                0x000000000800be98                APBPrescTable
 .rodata.flagBitshiftOffset.9133
                0x000000000800bea0        0x8 Drivers/STM32F4xx_HAL_Driver/stm32f4xx_hal_dma.o
 .rodata.SD_Driver
                0x000000000800bea8       0x14 FATFS/Target/sd_diskio.o
                0x000000000800bea8                SD_Driver
 .rodata.Tbl    0x000000000800bebc      0x100 Middlewares/FatFs/ccsbcs.o
 .rodata.cvt1.9886
                0x000000000800bfbc      0x1f2 Middlewares/FatFs/ccsbcs.o
 *fill*         0x000000000800c1ae        0x2 
 .rodata.cvt2.9887
                0x000000000800c1b0       0xbc Middlewares/FatFs/ccsbcs.o
 .rodata.ExCvt  0x000000000800c26c       0x80 Middlewares/FatFs/ff.o
 .rodata.LfnOfs
                0x000000000800c2ec        0xd Middlewares/FatFs/ff.o
 *fill*         0x000000000800c2f9        0x3 
 .rodata._global_impure_ptr
                0x000000000800c2fc        0x4 c:/st/stm32cubeide_1.5.0/stm32cubeide/plugins/com.st.stm32cube.ide.mcu.externaltools.gnu-tools-for-stm32.7-2018-q2-update.win32_1.5.0.202011040924/tools/bin/../lib/gcc/arm-none-eabi/7.3.1/../../../../arm-none-eabi/lib/thumb/v7e-m/fpv4-sp/hard\libc_nano.a(lib_a-impure.o)
                0x000000000800c2fc                _global_impure_ptr
 .rodata.__sf_fake_stderr
                0x000000000800c300       0x20 c:/st/stm32cubeide_1.5.0/stm32cubeide/plugins/com.st.stm32cube.ide.mcu.externaltools.gnu-tools-for-stm32.7-2018-q2-update.win32_1.5.0.202011040924/tools/bin/../lib/gcc/arm-none-eabi/7.3.1/../../../../arm-none-eabi/lib/thumb/v7e-m/fpv4-sp/hard\libc_nano.a(lib_a-findfp.o)
                0x000000000800c300                __sf_fake_stderr
 .rodata.__sf_fake_stdin
                0x000000000800c320       0x20 c:/st/stm32cubeide_1.5.0/stm32cubeide/plugins/com.st.stm32cube.ide.mcu.externaltools.gnu-tools-for-stm32.7-2018-q2-update.win32_1.5.0.202011040924/tools/bin/../lib/gcc/arm-none-eabi/7.3.1/../../../../arm-none-eabi/lib/thumb/v7e-m/fpv4-sp/hard\libc_nano.a(lib_a-findfp.o)
                0x000000000800c320                __sf_fake_stdin
 .rodata.__sf_fake_stdout
                0x000000000800c340       0x20 c:/st/stm32cubeide_1.5.0/stm32cubeide/plugins/com.st.stm32cube.ide.mcu.externaltools.gnu-tools-for-stm32.7-2018-q2-update.win32_1.5.0.202011040924/tools/bin/../lib/gcc/arm-none-eabi/7.3.1/../../../../arm-none-eabi/lib/thumb/v7e-m/fpv4-sp/hard\libc_nano.a(lib_a-findfp.o)
                0x000000000800c340                __sf_fake_stdout
 .rodata._vfprintf_r.str1.1
                0x000000000800c360       0x11 c:/st/stm32cubeide_1.5.0/stm32cubeide/plugins/com.st.stm32cube.ide.mcu.externaltools.gnu-tools-for-stm32.7-2018-q2-update.win32_1.5.0.202011040924/tools/bin/../lib/gcc/arm-none-eabi/7.3.1/../../../../arm-none-eabi/lib/thumb/v7e-m/fpv4-sp/hard\libc_nano.a(lib_a-nano-vfprintf.o)
 .rodata._printf_i.str1.1
                0x000000000800c371       0x22 c:/st/stm32cubeide_1.5.0/stm32cubeide/plugins/com.st.stm32cube.ide.mcu.externaltools.gnu-tools-for-stm32.7-2018-q2-update.win32_1.5.0.202011040924/tools/bin/../lib/gcc/arm-none-eabi/7.3.1/../../../../arm-none-eabi/lib/thumb/v7e-m/fpv4-sp/hard\libc_nano.a(lib_a-nano-vfprintf_i.o)
                0x000000000800c394                . = ALIGN (0x4)
 *fill*         0x000000000800c393        0x1 

.ARM.extab      0x000000000800c394        0x0
                0x000000000800c394                . = ALIGN (0x4)
 *(.ARM.extab* .gnu.linkonce.armextab.*)
                0x000000000800c394                . = ALIGN (0x4)

.ARM            0x000000000800c394        0x8
                0x000000000800c394                . = ALIGN (0x4)
                0x000000000800c394                __exidx_start = .
 *(.ARM.exidx*)
 .ARM.exidx     0x000000000800c394        0x8 c:/st/stm32cubeide_1.5.0/stm32cubeide/plugins/com.st.stm32cube.ide.mcu.externaltools.gnu-tools-for-stm32.7-2018-q2-update.win32_1.5.0.202011040924/tools/bin/../lib/gcc/arm-none-eabi/7.3.1/thumb/v7e-m/fpv4-sp/hard\libgcc.a(_udivmoddi4.o)
                0x000000000800c39c                __exidx_end = .
                0x000000000800c39c                . = ALIGN (0x4)

.rel.dyn        0x000000000800c39c        0x0
 .rel.iplt      0x000000000800c39c        0x0 c:/st/stm32cubeide_1.5.0/stm32cubeide/plugins/com.st.stm32cube.ide.mcu.externaltools.gnu-tools-for-stm32.7-2018-q2-update.win32_1.5.0.202011040924/tools/bin/../lib/gcc/arm-none-eabi/7.3.1/thumb/v7e-m/fpv4-sp/hard/crtbegin.o

.preinit_array  0x000000000800c39c        0x0
                0x000000000800c39c                . = ALIGN (0x4)
                0x000000000800c39c                PROVIDE (__preinit_array_start = .)
 *(.preinit_array*)
                0x000000000800c39c                PROVIDE (__preinit_array_end = .)
                0x000000000800c39c                . = ALIGN (0x4)

.init_array     0x000000000800c39c        0x4
                0x000000000800c39c                . = ALIGN (0x4)
                0x000000000800c39c                PROVIDE (__init_array_start = .)
 *(SORT_BY_NAME(.init_array.*))
 *(.init_array*)
 .init_array    0x000000000800c39c        0x4 c:/st/stm32cubeide_1.5.0/stm32cubeide/plugins/com.st.stm32cube.ide.mcu.externaltools.gnu-tools-for-stm32.7-2018-q2-update.win32_1.5.0.202011040924/tools/bin/../lib/gcc/arm-none-eabi/7.3.1/thumb/v7e-m/fpv4-sp/hard/crtbegin.o
                0x000000000800c3a0                PROVIDE (__init_array_end = .)
                0x000000000800c3a0                . = ALIGN (0x4)

.fini_array     0x000000000800c3a0        0x4
                0x000000000800c3a0                . = ALIGN (0x4)
                [!provide]                        PROVIDE (__fini_array_start = .)
 *(SORT_BY_NAME(.fini_array.*))
 *(.fini_array*)
 .fini_array    0x000000000800c3a0        0x4 c:/st/stm32cubeide_1.5.0/stm32cubeide/plugins/com.st.stm32cube.ide.mcu.externaltools.gnu-tools-for-stm32.7-2018-q2-update.win32_1.5.0.202011040924/tools/bin/../lib/gcc/arm-none-eabi/7.3.1/thumb/v7e-m/fpv4-sp/hard/crtbegin.o
                [!provide]                        PROVIDE (__fini_array_end = .)
                0x000000000800c3a4                . = ALIGN (0x4)
                0x000000000800c3a4                _sidata = LOADADDR (.data)

.data           0x0000000020000000       0x8c load address 0x000000000800c3a4
                0x0000000020000000                . = ALIGN (0x4)
                0x0000000020000000                _sdata = .
 *(.data)
 *(.data*)
 .data.FrameCount
                0x0000000020000000        0x4 Core/Src/main.o
                0x0000000020000000                FrameCount
 .data.fname    0x0000000020000004        0x4 Core/Src/main.o
                0x0000000020000004                fname
 .data.a0       0x0000000020000008        0x4 Core/Src/main.o
                0x0000000020000008                a0
 .data.a1       0x000000002000000c        0x4 Core/Src/main.o
                0x000000002000000c                a1
 .data.a2       0x0000000020000010        0x4 Core/Src/main.o
                0x0000000020000010                a2
 .data.b1       0x0000000020000014        0x4 Core/Src/main.o
                0x0000000020000014                b1
 .data.b2       0x0000000020000018        0x4 Core/Src/main.o
                0x0000000020000018                b2
 .data.SystemCoreClock
                0x000000002000001c        0x4 Core/Src/system_stm32f4xx.o
                0x000000002000001c                SystemCoreClock
 .data.uwTickPrio
                0x0000000020000020        0x4 Drivers/STM32F4xx_HAL_Driver/stm32f4xx_hal.o
                0x0000000020000020                uwTickPrio
 .data.uwTickFreq
                0x0000000020000024        0x1 Drivers/STM32F4xx_HAL_Driver/stm32f4xx_hal.o
                0x0000000020000024                uwTickFreq
 .data.Stat     0x0000000020000025        0x1 FATFS/Target/sd_diskio.o
 *fill*         0x0000000020000026        0x2 
 .data._impure_ptr
                0x0000000020000028        0x4 c:/st/stm32cubeide_1.5.0/stm32cubeide/plugins/com.st.stm32cube.ide.mcu.externaltools.gnu-tools-for-stm32.7-2018-q2-update.win32_1.5.0.202011040924/tools/bin/../lib/gcc/arm-none-eabi/7.3.1/../../../../arm-none-eabi/lib/thumb/v7e-m/fpv4-sp/hard\libc_nano.a(lib_a-impure.o)
                0x0000000020000028                _impure_ptr
 .data.impure_data
                0x000000002000002c       0x60 c:/st/stm32cubeide_1.5.0/stm32cubeide/plugins/com.st.stm32cube.ide.mcu.externaltools.gnu-tools-for-stm32.7-2018-q2-update.win32_1.5.0.202011040924/tools/bin/../lib/gcc/arm-none-eabi/7.3.1/../../../../arm-none-eabi/lib/thumb/v7e-m/fpv4-sp/hard\libc_nano.a(lib_a-impure.o)
                0x000000002000008c                . = ALIGN (0x4)
                0x000000002000008c                _edata = .

.igot.plt       0x000000002000008c        0x0 load address 0x000000000800c430
 .igot.plt      0x000000002000008c        0x0 c:/st/stm32cubeide_1.5.0/stm32cubeide/plugins/com.st.stm32cube.ide.mcu.externaltools.gnu-tools-for-stm32.7-2018-q2-update.win32_1.5.0.202011040924/tools/bin/../lib/gcc/arm-none-eabi/7.3.1/thumb/v7e-m/fpv4-sp/hard/crtbegin.o
                0x000000002000008c                . = ALIGN (0x4)

.bss            0x000000002000008c     0x6fa0 load address 0x000000000800c430
                0x000000002000008c                _sbss = .
                0x000000002000008c                __bss_start__ = _sbss
 *(.bss)
 .bss           0x000000002000008c       0x1c c:/st/stm32cubeide_1.5.0/stm32cubeide/plugins/com.st.stm32cube.ide.mcu.externaltools.gnu-tools-for-stm32.7-2018-q2-update.win32_1.5.0.202011040924/tools/bin/../lib/gcc/arm-none-eabi/7.3.1/thumb/v7e-m/fpv4-sp/hard/crtbegin.o
 *(.bss*)
 .bss.fRet      0x00000000200000a8        0x1 Core/Src/main.o
                0x00000000200000a8                fRet
 *fill*         0x00000000200000a9        0x3 
 .bss.pass      0x00000000200000ac        0x4 Core/Src/main.o
                0x00000000200000ac                pass
 .bss.lin_z1    0x00000000200000b0        0x4 Core/Src/main.o
                0x00000000200000b0                lin_z1
 .bss.lin_z2    0x00000000200000b4        0x4 Core/Src/main.o
                0x00000000200000b4                lin_z2
 .bss.lout_z1   0x00000000200000b8        0x4 Core/Src/main.o
                0x00000000200000b8                lout_z1
 .bss.lout_z2   0x00000000200000bc        0x4 Core/Src/main.o
                0x00000000200000bc                lout_z2
 .bss.rin_z1    0x00000000200000c0        0x4 Core/Src/main.o
                0x00000000200000c0                rin_z1
 .bss.rin_z2    0x00000000200000c4        0x4 Core/Src/main.o
                0x00000000200000c4                rin_z2
 .bss.rout_z1   0x00000000200000c8        0x4 Core/Src/main.o
                0x00000000200000c8                rout_z1
 .bss.rout_z2   0x00000000200000cc        0x4 Core/Src/main.o
                0x00000000200000cc                rout_z2
 .bss.HAL_RCC_DFSDM1_CLK_ENABLED
                0x00000000200000d0        0x4 Core/Src/stm32f4xx_hal_msp.o
 .bss.DFSDM1_Init
                0x00000000200000d4        0x4 Core/Src/stm32f4xx_hal_msp.o
 .bss.FSMC_Initialized
                0x00000000200000d8        0x4 Core/Src/stm32f4xx_hal_msp.o
 .bss.heap_end.6424
                0x00000000200000dc        0x4 Core/Src/sysmem.o
 .bss.v_dfsdm1ChannelCounter
                0x00000000200000e0        0x4 Drivers/STM32F4xx_HAL_Driver/stm32f4xx_hal_dfsdm.o
                0x00000000200000e0                v_dfsdm1ChannelCounter
 .bss.a_dfsdm1ChannelHandle
                0x00000000200000e4       0x10 Drivers/STM32F4xx_HAL_Driver/stm32f4xx_hal_dfsdm.o
                0x00000000200000e4                a_dfsdm1ChannelHandle
 .bss.v_dfsdm2ChannelCounter
                0x00000000200000f4        0x4 Drivers/STM32F4xx_HAL_Driver/stm32f4xx_hal_dfsdm.o
                0x00000000200000f4                v_dfsdm2ChannelCounter
 .bss.a_dfsdm2ChannelHandle
                0x00000000200000f8       0x20 Drivers/STM32F4xx_HAL_Driver/stm32f4xx_hal_dfsdm.o
                0x00000000200000f8                a_dfsdm2ChannelHandle
 .bss.FatFs     0x0000000020000118        0x4 Middlewares/FatFs/ff.o
 .bss.Fsid      0x000000002000011c        0x2 Middlewares/FatFs/ff.o
 *fill*         0x000000002000011e        0x2 
 .bss.Files     0x0000000020000120       0x20 Middlewares/FatFs/ff.o
 .bss.LfnBuf    0x0000000020000140      0x200 Middlewares/FatFs/ff.o
 .bss.disk      0x0000000020000340        0xc Middlewares/FatFs/ff_gen_drv.o
                0x0000000020000340                disk
 .bss.__malloc_free_list
                0x000000002000034c        0x4 c:/st/stm32cubeide_1.5.0/stm32cubeide/plugins/com.st.stm32cube.ide.mcu.externaltools.gnu-tools-for-stm32.7-2018-q2-update.win32_1.5.0.202011040924/tools/bin/../lib/gcc/arm-none-eabi/7.3.1/../../../../arm-none-eabi/lib/thumb/v7e-m/fpv4-sp/hard\libc_nano.a(lib_a-nano-mallocr.o)
                0x000000002000034c                __malloc_free_list
 .bss.__malloc_sbrk_start
                0x0000000020000350        0x4 c:/st/stm32cubeide_1.5.0/stm32cubeide/plugins/com.st.stm32cube.ide.mcu.externaltools.gnu-tools-for-stm32.7-2018-q2-update.win32_1.5.0.202011040924/tools/bin/../lib/gcc/arm-none-eabi/7.3.1/../../../../arm-none-eabi/lib/thumb/v7e-m/fpv4-sp/hard\libc_nano.a(lib_a-nano-mallocr.o)
                0x0000000020000350                __malloc_sbrk_start
 *(COMMON)
 COMMON         0x0000000020000354     0x4c08 Core/Src/main.o
                0x0000000020000354                hdfsdm1_channel1
                0x000000002000038c                Rec2Buf
                0x000000002000138c                myFile
                0x00000000200023bc                Rec1Buf
                0x00000000200033bc                hdfsdm1_filter0
                0x0000000020003410                byteCount
                0x0000000020003414                hsram1
                0x0000000020003464                hspi3
                0x00000000200034bc                hadc1
                0x0000000020003504                hdma_dfsdm1_flt0
                0x0000000020003564                hdac
                0x0000000020003578                hfmpi2c1
                0x00000000200035c4                hsram2
                0x0000000020003614                hsd
                0x0000000020003698                huart6
                0x00000000200036d8                myFAT
                0x0000000020004710                AudioBuf
                0x0000000020004f10                hqspi
 COMMON         0x0000000020004f5c       0x58 Core/Src/wifi_helpers.o
                0x0000000020004f5c                wifi_spi
 COMMON         0x0000000020004fb4        0x4 Drivers/STM32F4xx_HAL_Driver/stm32f4xx_hal.o
                0x0000000020004fb4                uwTick
 COMMON         0x0000000020004fb8     0x2070 FATFS/App/fatfs.o
                0x0000000020004fb8                retSD
                0x0000000020004fbc                SDPath
                0x0000000020004fc0                SDFile
                0x0000000020005ff0                SDFatFS
 COMMON         0x0000000020007028        0x4 c:/st/stm32cubeide_1.5.0/stm32cubeide/plugins/com.st.stm32cube.ide.mcu.externaltools.gnu-tools-for-stm32.7-2018-q2-update.win32_1.5.0.202011040924/tools/bin/../lib/gcc/arm-none-eabi/7.3.1/../../../../arm-none-eabi/lib/thumb/v7e-m/fpv4-sp/hard\libc_nano.a(lib_a-reent.o)
                0x0000000020007028                errno
                0x000000002000702c                . = ALIGN (0x4)
                0x000000002000702c                _ebss = .
                0x000000002000702c                __bss_end__ = _ebss

._user_heap_stack
                0x000000002000702c      0x604 load address 0x000000000800c430
                0x0000000020007030                . = ALIGN (0x8)
 *fill*         0x000000002000702c        0x4 
                0x0000000020007030                PROVIDE (end = .)
                [!provide]                        PROVIDE (_end = .)
                0x0000000020007230                . = (. + _Min_Heap_Size)
 *fill*         0x0000000020007030      0x200 
                0x0000000020007630                . = (. + _Min_Stack_Size)
 *fill*         0x0000000020007230      0x400 
                0x0000000020007630                . = ALIGN (0x8)

/DISCARD/
 libc.a(*)
 libm.a(*)
 libgcc.a(*)

.ARM.attributes
                0x0000000000000000       0x30
 *(.ARM.attributes)
 .ARM.attributes
                0x0000000000000000       0x22 c:/st/stm32cubeide_1.5.0/stm32cubeide/plugins/com.st.stm32cube.ide.mcu.externaltools.gnu-tools-for-stm32.7-2018-q2-update.win32_1.5.0.202011040924/tools/bin/../lib/gcc/arm-none-eabi/7.3.1/thumb/v7e-m/fpv4-sp/hard/crti.o
 .ARM.attributes
                0x0000000000000022       0x34 c:/st/stm32cubeide_1.5.0/stm32cubeide/plugins/com.st.stm32cube.ide.mcu.externaltools.gnu-tools-for-stm32.7-2018-q2-update.win32_1.5.0.202011040924/tools/bin/../lib/gcc/arm-none-eabi/7.3.1/thumb/v7e-m/fpv4-sp/hard/crtbegin.o
 .ARM.attributes
                0x0000000000000056       0x39 Core/Src/audio_test.o
 .ARM.attributes
                0x000000000000008f       0x39 Core/Src/main.o
 .ARM.attributes
                0x00000000000000c8       0x39 Core/Src/stm32f4xx_hal_msp.o
 .ARM.attributes
                0x0000000000000101       0x39 Core/Src/stm32f4xx_it.o
 .ARM.attributes
                0x000000000000013a       0x39 Core/Src/syscalls.o
 .ARM.attributes
                0x0000000000000173       0x39 Core/Src/sysmem.o
 .ARM.attributes
                0x00000000000001ac       0x39 Core/Src/system_stm32f4xx.o
 .ARM.attributes
                0x00000000000001e5       0x39 Core/Src/wifi_helpers.o
 .ARM.attributes
                0x000000000000021e       0x21 Core/Startup/startup_stm32f413zhtx.o
 .ARM.attributes
                0x000000000000023f       0x39 Drivers/STM32F4xx_HAL_Driver/stm32f4xx_hal.o
 .ARM.attributes
                0x0000000000000278       0x39 Drivers/STM32F4xx_HAL_Driver/stm32f4xx_hal_adc.o
 .ARM.attributes
                0x00000000000002b1       0x39 Drivers/STM32F4xx_HAL_Driver/stm32f4xx_hal_cortex.o
 .ARM.attributes
                0x00000000000002ea       0x39 Drivers/STM32F4xx_HAL_Driver/stm32f4xx_hal_dac.o
 .ARM.attributes
                0x0000000000000323       0x39 Drivers/STM32F4xx_HAL_Driver/stm32f4xx_hal_dfsdm.o
 .ARM.attributes
                0x000000000000035c       0x39 Drivers/STM32F4xx_HAL_Driver/stm32f4xx_hal_dma.o
 .ARM.attributes
                0x0000000000000395       0x39 Drivers/STM32F4xx_HAL_Driver/stm32f4xx_hal_fmpi2c.o
 .ARM.attributes
                0x00000000000003ce       0x39 Drivers/STM32F4xx_HAL_Driver/stm32f4xx_hal_fmpi2c_ex.o
 .ARM.attributes
                0x0000000000000407       0x39 Drivers/STM32F4xx_HAL_Driver/stm32f4xx_hal_gpio.o
 .ARM.attributes
                0x0000000000000440       0x39 Drivers/STM32F4xx_HAL_Driver/stm32f4xx_hal_qspi.o
 .ARM.attributes
                0x0000000000000479       0x39 Drivers/STM32F4xx_HAL_Driver/stm32f4xx_hal_rcc.o
 .ARM.attributes
                0x00000000000004b2       0x39 Drivers/STM32F4xx_HAL_Driver/stm32f4xx_hal_rcc_ex.o
 .ARM.attributes
                0x00000000000004eb       0x39 Drivers/STM32F4xx_HAL_Driver/stm32f4xx_hal_sd.o
 .ARM.attributes
                0x0000000000000524       0x39 Drivers/STM32F4xx_HAL_Driver/stm32f4xx_hal_spi.o
 .ARM.attributes
                0x000000000000055d       0x39 Drivers/STM32F4xx_HAL_Driver/stm32f4xx_hal_sram.o
 .ARM.attributes
                0x0000000000000596       0x39 Drivers/STM32F4xx_HAL_Driver/stm32f4xx_hal_uart.o
 .ARM.attributes
                0x00000000000005cf       0x39 Drivers/STM32F4xx_HAL_Driver/stm32f4xx_ll_fsmc.o
 .ARM.attributes
                0x0000000000000608       0x39 Drivers/STM32F4xx_HAL_Driver/stm32f4xx_ll_sdmmc.o
 .ARM.attributes
                0x0000000000000641       0x39 FATFS/App/fatfs.o
 .ARM.attributes
                0x000000000000067a       0x39 FATFS/Target/bsp_driver_sd.o
 .ARM.attributes
                0x00000000000006b3       0x39 FATFS/Target/fatfs_platform.o
 .ARM.attributes
                0x00000000000006ec       0x39 FATFS/Target/sd_diskio.o
 .ARM.attributes
                0x0000000000000725       0x39 Middlewares/FatFs/ccsbcs.o
 .ARM.attributes
                0x000000000000075e       0x39 Middlewares/FatFs/diskio.o
 .ARM.attributes
                0x0000000000000797       0x39 Middlewares/FatFs/ff.o
 .ARM.attributes
                0x00000000000007d0       0x39 Middlewares/FatFs/ff_gen_drv.o
 .ARM.attributes
                0x0000000000000809       0x34 c:/st/stm32cubeide_1.5.0/stm32cubeide/plugins/com.st.stm32cube.ide.mcu.externaltools.gnu-tools-for-stm32.7-2018-q2-update.win32_1.5.0.202011040924/tools/bin/../lib/gcc/arm-none-eabi/7.3.1/../../../../arm-none-eabi/lib/thumb/v7e-m/fpv4-sp/hard\libc_nano.a(lib_a-errno.o)
 .ARM.attributes
                0x000000000000083d       0x34 c:/st/stm32cubeide_1.5.0/stm32cubeide/plugins/com.st.stm32cube.ide.mcu.externaltools.gnu-tools-for-stm32.7-2018-q2-update.win32_1.5.0.202011040924/tools/bin/../lib/gcc/arm-none-eabi/7.3.1/../../../../arm-none-eabi/lib/thumb/v7e-m/fpv4-sp/hard\libc_nano.a(lib_a-impure.o)
 .ARM.attributes
                0x0000000000000871       0x34 c:/st/stm32cubeide_1.5.0/stm32cubeide/plugins/com.st.stm32cube.ide.mcu.externaltools.gnu-tools-for-stm32.7-2018-q2-update.win32_1.5.0.202011040924/tools/bin/../lib/gcc/arm-none-eabi/7.3.1/../../../../arm-none-eabi/lib/thumb/v7e-m/fpv4-sp/hard\libc_nano.a(lib_a-init.o)
 .ARM.attributes
                0x00000000000008a5       0x34 c:/st/stm32cubeide_1.5.0/stm32cubeide/plugins/com.st.stm32cube.ide.mcu.externaltools.gnu-tools-for-stm32.7-2018-q2-update.win32_1.5.0.202011040924/tools/bin/../lib/gcc/arm-none-eabi/7.3.1/../../../../arm-none-eabi/lib/thumb/v7e-m/fpv4-sp/hard\libc_nano.a(lib_a-memcpy-stub.o)
 .ARM.attributes
                0x00000000000008d9       0x34 c:/st/stm32cubeide_1.5.0/stm32cubeide/plugins/com.st.stm32cube.ide.mcu.externaltools.gnu-tools-for-stm32.7-2018-q2-update.win32_1.5.0.202011040924/tools/bin/../lib/gcc/arm-none-eabi/7.3.1/../../../../arm-none-eabi/lib/thumb/v7e-m/fpv4-sp/hard\libc_nano.a(lib_a-memset.o)
 .ARM.attributes
                0x000000000000090d       0x34 c:/st/stm32cubeide_1.5.0/stm32cubeide/plugins/com.st.stm32cube.ide.mcu.externaltools.gnu-tools-for-stm32.7-2018-q2-update.win32_1.5.0.202011040924/tools/bin/../lib/gcc/arm-none-eabi/7.3.1/../../../../arm-none-eabi/lib/thumb/v7e-m/fpv4-sp/hard\libc_nano.a(lib_a-nano-freer.o)
 .ARM.attributes
                0x0000000000000941       0x34 c:/st/stm32cubeide_1.5.0/stm32cubeide/plugins/com.st.stm32cube.ide.mcu.externaltools.gnu-tools-for-stm32.7-2018-q2-update.win32_1.5.0.202011040924/tools/bin/../lib/gcc/arm-none-eabi/7.3.1/../../../../arm-none-eabi/lib/thumb/v7e-m/fpv4-sp/hard\libc_nano.a(lib_a-nano-mallocr.o)
 .ARM.attributes
                0x0000000000000975       0x34 c:/st/stm32cubeide_1.5.0/stm32cubeide/plugins/com.st.stm32cube.ide.mcu.externaltools.gnu-tools-for-stm32.7-2018-q2-update.win32_1.5.0.202011040924/tools/bin/../lib/gcc/arm-none-eabi/7.3.1/../../../../arm-none-eabi/lib/thumb/v7e-m/fpv4-sp/hard\libc_nano.a(lib_a-printf.o)
 .ARM.attributes
                0x00000000000009a9       0x34 c:/st/stm32cubeide_1.5.0/stm32cubeide/plugins/com.st.stm32cube.ide.mcu.externaltools.gnu-tools-for-stm32.7-2018-q2-update.win32_1.5.0.202011040924/tools/bin/../lib/gcc/arm-none-eabi/7.3.1/../../../../arm-none-eabi/lib/thumb/v7e-m/fpv4-sp/hard\libc_nano.a(lib_a-puts.o)
 .ARM.attributes
                0x00000000000009dd       0x34 c:/st/stm32cubeide_1.5.0/stm32cubeide/plugins/com.st.stm32cube.ide.mcu.externaltools.gnu-tools-for-stm32.7-2018-q2-update.win32_1.5.0.202011040924/tools/bin/../lib/gcc/arm-none-eabi/7.3.1/../../../../arm-none-eabi/lib/thumb/v7e-m/fpv4-sp/hard\libc_nano.a(lib_a-sbrkr.o)
 .ARM.attributes
                0x0000000000000a11       0x34 c:/st/stm32cubeide_1.5.0/stm32cubeide/plugins/com.st.stm32cube.ide.mcu.externaltools.gnu-tools-for-stm32.7-2018-q2-update.win32_1.5.0.202011040924/tools/bin/../lib/gcc/arm-none-eabi/7.3.1/../../../../arm-none-eabi/lib/thumb/v7e-m/fpv4-sp/hard\libc_nano.a(lib_a-wbuf.o)
 .ARM.attributes
                0x0000000000000a45       0x34 c:/st/stm32cubeide_1.5.0/stm32cubeide/plugins/com.st.stm32cube.ide.mcu.externaltools.gnu-tools-for-stm32.7-2018-q2-update.win32_1.5.0.202011040924/tools/bin/../lib/gcc/arm-none-eabi/7.3.1/../../../../arm-none-eabi/lib/thumb/v7e-m/fpv4-sp/hard\libc_nano.a(lib_a-wsetup.o)
 .ARM.attributes
                0x0000000000000a79       0x34 c:/st/stm32cubeide_1.5.0/stm32cubeide/plugins/com.st.stm32cube.ide.mcu.externaltools.gnu-tools-for-stm32.7-2018-q2-update.win32_1.5.0.202011040924/tools/bin/../lib/gcc/arm-none-eabi/7.3.1/../../../../arm-none-eabi/lib/thumb/v7e-m/fpv4-sp/hard\libc_nano.a(lib_a-fflush.o)
 .ARM.attributes
                0x0000000000000aad       0x34 c:/st/stm32cubeide_1.5.0/stm32cubeide/plugins/com.st.stm32cube.ide.mcu.externaltools.gnu-tools-for-stm32.7-2018-q2-update.win32_1.5.0.202011040924/tools/bin/../lib/gcc/arm-none-eabi/7.3.1/../../../../arm-none-eabi/lib/thumb/v7e-m/fpv4-sp/hard\libc_nano.a(lib_a-findfp.o)
 .ARM.attributes
                0x0000000000000ae1       0x34 c:/st/stm32cubeide_1.5.0/stm32cubeide/plugins/com.st.stm32cube.ide.mcu.externaltools.gnu-tools-for-stm32.7-2018-q2-update.win32_1.5.0.202011040924/tools/bin/../lib/gcc/arm-none-eabi/7.3.1/../../../../arm-none-eabi/lib/thumb/v7e-m/fpv4-sp/hard\libc_nano.a(lib_a-fwalk.o)
 .ARM.attributes
                0x0000000000000b15       0x34 c:/st/stm32cubeide_1.5.0/stm32cubeide/plugins/com.st.stm32cube.ide.mcu.externaltools.gnu-tools-for-stm32.7-2018-q2-update.win32_1.5.0.202011040924/tools/bin/../lib/gcc/arm-none-eabi/7.3.1/../../../../arm-none-eabi/lib/thumb/v7e-m/fpv4-sp/hard\libc_nano.a(lib_a-makebuf.o)
 .ARM.attributes
                0x0000000000000b49       0x34 c:/st/stm32cubeide_1.5.0/stm32cubeide/plugins/com.st.stm32cube.ide.mcu.externaltools.gnu-tools-for-stm32.7-2018-q2-update.win32_1.5.0.202011040924/tools/bin/../lib/gcc/arm-none-eabi/7.3.1/../../../../arm-none-eabi/lib/thumb/v7e-m/fpv4-sp/hard\libc_nano.a(lib_a-mlock.o)
 .ARM.attributes
                0x0000000000000b7d       0x34 c:/st/stm32cubeide_1.5.0/stm32cubeide/plugins/com.st.stm32cube.ide.mcu.externaltools.gnu-tools-for-stm32.7-2018-q2-update.win32_1.5.0.202011040924/tools/bin/../lib/gcc/arm-none-eabi/7.3.1/../../../../arm-none-eabi/lib/thumb/v7e-m/fpv4-sp/hard\libc_nano.a(lib_a-nano-vfprintf.o)
 .ARM.attributes
                0x0000000000000bb1       0x34 c:/st/stm32cubeide_1.5.0/stm32cubeide/plugins/com.st.stm32cube.ide.mcu.externaltools.gnu-tools-for-stm32.7-2018-q2-update.win32_1.5.0.202011040924/tools/bin/../lib/gcc/arm-none-eabi/7.3.1/../../../../arm-none-eabi/lib/thumb/v7e-m/fpv4-sp/hard\libc_nano.a(lib_a-nano-vfprintf_i.o)
 .ARM.attributes
                0x0000000000000be5       0x34 c:/st/stm32cubeide_1.5.0/stm32cubeide/plugins/com.st.stm32cube.ide.mcu.externaltools.gnu-tools-for-stm32.7-2018-q2-update.win32_1.5.0.202011040924/tools/bin/../lib/gcc/arm-none-eabi/7.3.1/../../../../arm-none-eabi/lib/thumb/v7e-m/fpv4-sp/hard\libc_nano.a(lib_a-reent.o)
 .ARM.attributes