inventek_43362.c:40:6:ConnectWifi	16	static
inventek_43362.c:46:6:Wifi_ChipDeselect	8	static
inventek_43362.c:52:6:Wifi_ChipSelect	8	static
inventek_43362.c:57:6:WifiStartup	32	static
inventek_43362.c:72:9:GetCmdDataReady	8	static
inventek_43362.c:77:6:IsCommandPhaseReady	8	static
inventek_43362.c:86:6:IsDataPhaseReady	8	static
inventek_43362.c:95:6:SetNetworkStatus	16	static
inventek_43362.c:100:13:GetNetworkStatus	4	static
inventek_43362.c:105:6:SetSocketState	16	static
inventek_43362.c:110:5:GetSPIResponse	64	dynamic
inventek_43362.c:154:18:ReceiveSPICommand	24	static
inventek_43362.c:185:18:SendSPICommand	88	dynamic
inventek_43362.c:236:6:GetData	40	static
inventek_43362.c:307:5:GetFreeSocket	16	static
inventek_43362.c:319:18:CheckSocketConnection	24	static
inventek_43362.c:360:6:SetProductName	24	static
inventek_43362.c:366:6:SetAPSSID	24	static
inventek_43362.c:372:6:NetworkDisconnect	8	static
inventek_43362.c:378:6:SetAPPassword	24	static
inventek_43362.c:384:6:SetAPSecurityMode	24	static
inventek_43362.c:390:6:SetDHCPSetting	24	static
inventek_43362.c:396:18:JoinNetwork	8	static
inventek_43362.c:403:6:SetSocket	24	static
inventek_43362.c:409:6:SetProtocol	24	static
inventek_43362.c:416:6:SetPort	24	static
inventek_43362.c:422:6:StartTCPComm	16	static
inventek_43362.c:432:1:SetKeepAlive	24	static
inventek_43362.c:438:6:ResetOnClose	8	static
inventek_43362.c:444:6:SendResponse	32	static
inventek_43362.c:455:6:ShowSettings	16	static
inventek_43362.c:462:6:SetPublishTopic	24	static
inventek_43362.c:468:6:SetSubscribeTopic	24	static
inventek_43362.c:474:6:SetSecurity	24	static
inventek_43362.c:480:6:SetUsername	24	static
inventek_43362.c:486:6:SetPassword	24	static
inventek_43362.c:492:6:SetClientID	24	static
inventek_43362.c:498:6:SetHostAddress	24	static
inventek_43362.c:504:6:StartConnection	8	static
