main.c:158:5:main	8	static
main.c:249:6:SystemClock_Config	176	static
main.c:306:13:MX_ADC1_Init	24	static
main.c:356:13:MX_DAC_Init	16	static
main.c:394:13:MX_DFSDM1_Init	8	static
main.c:447:13:MX_FMPI2C1_Init	8	static
main.c:487:13:MX_QUADSPI_Init	8	static
main.c:522:13:MX_SDIO_SD_Init	4	static
main.c:550:13:MX_SPI3_Init	8	static
main.c:588:13:MX_USART6_UART_Init	8	static
main.c:619:13:MX_DMA_Init	16	static
main.c:637:13:MX_GPIO_Init	64	static
main.c:850:13:MX_FSMC_Init	40	static
main.c:939:6:HAL_DFSDM_FilterRegConvHalfCpltCallback	40	static
main.c:979:6:HAL_DFSDM_FilterRegConvCpltCallback	32	static
main.c:1045:6:InitWifi	8	static
main.c:1054:6:TCPServer	16	static
main.c:1070:6:Error_Handler	4	static
