main.c:114:5:main	80	static
main.c:248:6:SystemClock_Config	176	static
main.c:310:13:MX_ADC1_Init	24	static
main.c:360:13:MX_DAC_Init	16	static
main.c:398:13:MX_DFSDM1_Init	8	static
main.c:451:13:MX_FMPI2C1_Init	8	static
main.c:491:13:MX_I2S2_Init	8	static
main.c:525:13:MX_QUADSPI_Init	8	static
main.c:560:13:MX_SDIO_SD_Init	4	static
main.c:588:13:MX_UART10_Init	8	static
main.c:621:13:MX_USART6_UART_Init	8	static
main.c:652:13:MX_DMA_Init	16	static
main.c:670:13:MX_GPIO_Init	64	static
main.c:853:13:MX_FSMC_Init	40	static
main.c:942:6:HAL_DFSDM_FilterRegConvHalfCpltCallback	16	static
main.c:950:6:HAL_DFSDM_FilterRegConvCpltCallback	16	static
main.c:961:6:Error_Handler	4	static
