stm32f4xx_hal_msp.c:65:6:HAL_MspInit	16	static
stm32f4xx_hal_msp.c:87:6:HAL_ADC_MspInit	56	static
stm32f4xx_hal_msp.c:137:6:HAL_ADC_MspDeInit	16	static
stm32f4xx_hal_msp.c:174:6:HAL_DAC_MspInit	48	static
stm32f4xx_hal_msp.c:207:6:HAL_DAC_MspDeInit	16	static
stm32f4xx_hal_msp.c:238:6:HAL_DFSDM_FilterMspInit	48	static
stm32f4xx_hal_msp.c:309:6:HAL_DFSDM_ChannelMspInit	48	static
stm32f4xx_hal_msp.c:356:6:HAL_DFSDM_FilterMspDeInit	16	static
stm32f4xx_hal_msp.c:394:6:HAL_DFSDM_ChannelMspDeInit	16	static
stm32f4xx_hal_msp.c:429:6:HAL_FMPI2C_MspInit	48	static
stm32f4xx_hal_msp.c:465:6:HAL_FMPI2C_MspDeInit	16	static
stm32f4xx_hal_msp.c:494:6:HAL_QSPI_MspInit	64	static
stm32f4xx_hal_msp.c:566:6:HAL_QSPI_MspDeInit	16	static
stm32f4xx_hal_msp.c:607:6:HAL_SD_MspInit	48	static
stm32f4xx_hal_msp.c:662:6:HAL_SD_MspDeInit	16	static
stm32f4xx_hal_msp.c:698:6:HAL_UART_MspInit	56	static
stm32f4xx_hal_msp.c:758:6:HAL_UART_MspDeInit	16	static
stm32f4xx_hal_msp.c:801:13:HAL_FSMC_MspInit	32	static
stm32f4xx_hal_msp.c:896:6:HAL_SRAM_MspInit	16	static
stm32f4xx_hal_msp.c:908:13:HAL_FSMC_MspDeInit	8	static
stm32f4xx_hal_msp.c:981:6:HAL_SRAM_MspDeInit	16	static
