stm32f4xx_hal_msp.c:67:6:HAL_MspInit	16	static
stm32f4xx_hal_msp.c:89:6:HAL_ADC_MspInit	56	static
stm32f4xx_hal_msp.c:139:6:HAL_ADC_MspDeInit	16	static
stm32f4xx_hal_msp.c:176:6:HAL_DAC_MspInit	48	static
stm32f4xx_hal_msp.c:209:6:HAL_DAC_MspDeInit	16	static
stm32f4xx_hal_msp.c:242:6:HAL_DFSDM_FilterMspInit	64	static
stm32f4xx_hal_msp.c:383:6:HAL_DFSDM_ChannelMspInit	64	static
stm32f4xx_hal_msp.c:476:6:HAL_DFSDM_FilterMspDeInit	16	static
stm32f4xx_hal_msp.c:544:6:HAL_DFSDM_ChannelMspDeInit	16	static
stm32f4xx_hal_msp.c:606:6:HAL_FMPI2C_MspInit	48	static
stm32f4xx_hal_msp.c:642:6:HAL_FMPI2C_MspDeInit	16	static
stm32f4xx_hal_msp.c:671:6:HAL_QSPI_MspInit	64	static
stm32f4xx_hal_msp.c:743:6:HAL_QSPI_MspDeInit	16	static
stm32f4xx_hal_msp.c:784:6:HAL_SD_MspInit	48	static
stm32f4xx_hal_msp.c:839:6:HAL_SD_MspDeInit	16	static
stm32f4xx_hal_msp.c:875:6:HAL_UART_MspInit	56	static
stm32f4xx_hal_msp.c:935:6:HAL_UART_MspDeInit	16	static
stm32f4xx_hal_msp.c:978:13:HAL_FSMC_MspInit	32	static
stm32f4xx_hal_msp.c:1073:6:HAL_SRAM_MspInit	16	static
stm32f4xx_hal_msp.c:1085:13:HAL_FSMC_MspDeInit	8	static
stm32f4xx_hal_msp.c:1158:6:HAL_SRAM_MspDeInit	16	static
