stm32f4xx_hal_msp.c:65:6:HAL_MspInit	16	static
stm32f4xx_hal_msp.c:87:6:HAL_ADC_MspInit	56	static
stm32f4xx_hal_msp.c:137:6:HAL_ADC_MspDeInit	16	static
stm32f4xx_hal_msp.c:174:6:HAL_DAC_MspInit	48	static
stm32f4xx_hal_msp.c:207:6:HAL_DAC_MspDeInit	16	static
stm32f4xx_hal_msp.c:238:6:HAL_DFSDM_FilterMspInit	48	static
stm32f4xx_hal_msp.c:310:6:HAL_DFSDM_ChannelMspInit	48	static
stm32f4xx_hal_msp.c:358:6:HAL_DFSDM_FilterMspDeInit	16	static
stm32f4xx_hal_msp.c:396:6:HAL_DFSDM_ChannelMspDeInit	16	static
stm32f4xx_hal_msp.c:431:6:HAL_FMPI2C_MspInit	48	static
stm32f4xx_hal_msp.c:467:6:HAL_FMPI2C_MspDeInit	16	static
stm32f4xx_hal_msp.c:496:6:HAL_QSPI_MspInit	64	static
stm32f4xx_hal_msp.c:568:6:HAL_QSPI_MspDeInit	16	static
stm32f4xx_hal_msp.c:609:6:HAL_SD_MspInit	48	static
stm32f4xx_hal_msp.c:664:6:HAL_SD_MspDeInit	16	static
stm32f4xx_hal_msp.c:700:6:HAL_SPI_MspInit	48	static
stm32f4xx_hal_msp.c:744:6:HAL_SPI_MspDeInit	16	static
stm32f4xx_hal_msp.c:774:6:HAL_UART_MspInit	48	static
stm32f4xx_hal_msp.c:810:6:HAL_UART_MspDeInit	16	static
stm32f4xx_hal_msp.c:835:13:HAL_FSMC_MspInit	32	static
stm32f4xx_hal_msp.c:930:6:HAL_SRAM_MspInit	16	static
stm32f4xx_hal_msp.c:942:13:HAL_FSMC_MspDeInit	8	static
stm32f4xx_hal_msp.c:1015:6:HAL_SRAM_MspDeInit	16	static
