stm32f4xx_hal_msp.c:67:6:HAL_MspInit	16	static
stm32f4xx_hal_msp.c:89:6:HAL_ADC_MspInit	56	static
stm32f4xx_hal_msp.c:139:6:HAL_ADC_MspDeInit	16	static
stm32f4xx_hal_msp.c:176:6:HAL_DAC_MspInit	48	static
stm32f4xx_hal_msp.c:209:6:HAL_DAC_MspDeInit	16	static
stm32f4xx_hal_msp.c:242:6:HAL_DFSDM_FilterMspInit	64	static
stm32f4xx_hal_msp.c:389:6:HAL_DFSDM_ChannelMspInit	64	static
stm32f4xx_hal_msp.c:482:6:HAL_DFSDM_FilterMspDeInit	16	static
stm32f4xx_hal_msp.c:550:6:HAL_DFSDM_ChannelMspDeInit	16	static
stm32f4xx_hal_msp.c:612:6:HAL_FMPI2C_MspInit	48	static
stm32f4xx_hal_msp.c:648:6:HAL_FMPI2C_MspDeInit	16	static
stm32f4xx_hal_msp.c:677:6:HAL_I2S_MspInit	56	static
stm32f4xx_hal_msp.c:747:6:HAL_I2S_MspDeInit	16	static
stm32f4xx_hal_msp.c:785:6:HAL_QSPI_MspInit	64	static
stm32f4xx_hal_msp.c:857:6:HAL_QSPI_MspDeInit	16	static
stm32f4xx_hal_msp.c:898:6:HAL_SD_MspInit	48	static
stm32f4xx_hal_msp.c:947:6:HAL_SD_MspDeInit	16	static
stm32f4xx_hal_msp.c:983:6:HAL_UART_MspInit	56	static
stm32f4xx_hal_msp.c:1043:6:HAL_UART_MspDeInit	16	static
stm32f4xx_hal_msp.c:1086:13:HAL_FSMC_MspInit	32	static
stm32f4xx_hal_msp.c:1181:6:HAL_SRAM_MspInit	16	static
stm32f4xx_hal_msp.c:1193:13:HAL_FSMC_MspDeInit	8	static
stm32f4xx_hal_msp.c:1266:6:HAL_SRAM_MspDeInit	16	static
