stm32f4xx_hal_msp.c:69:6:HAL_MspInit	16	static
stm32f4xx_hal_msp.c:91:6:HAL_ADC_MspInit	56	static
stm32f4xx_hal_msp.c:141:6:HAL_ADC_MspDeInit	16	static
stm32f4xx_hal_msp.c:178:6:HAL_DAC_MspInit	48	static
stm32f4xx_hal_msp.c:211:6:HAL_DAC_MspDeInit	16	static
stm32f4xx_hal_msp.c:244:6:HAL_DFSDM_FilterMspInit	64	static
stm32f4xx_hal_msp.c:408:6:HAL_DFSDM_ChannelMspInit	64	static
stm32f4xx_hal_msp.c:501:6:HAL_DFSDM_FilterMspDeInit	16	static
stm32f4xx_hal_msp.c:569:6:HAL_DFSDM_ChannelMspDeInit	16	static
stm32f4xx_hal_msp.c:631:6:HAL_FMPI2C_MspInit	48	static
stm32f4xx_hal_msp.c:667:6:HAL_FMPI2C_MspDeInit	16	static
stm32f4xx_hal_msp.c:696:6:HAL_I2S_MspInit	56	static
stm32f4xx_hal_msp.c:766:6:HAL_I2S_MspDeInit	16	static
stm32f4xx_hal_msp.c:804:6:HAL_QSPI_MspInit	64	static
stm32f4xx_hal_msp.c:876:6:HAL_QSPI_MspDeInit	16	static
stm32f4xx_hal_msp.c:917:6:HAL_SD_MspInit	48	static
stm32f4xx_hal_msp.c:972:6:HAL_SD_MspDeInit	16	static
stm32f4xx_hal_msp.c:1008:6:HAL_UART_MspInit	56	static
stm32f4xx_hal_msp.c:1068:6:HAL_UART_MspDeInit	16	static
stm32f4xx_hal_msp.c:1111:13:HAL_FSMC_MspInit	32	static
stm32f4xx_hal_msp.c:1206:6:HAL_SRAM_MspInit	16	static
stm32f4xx_hal_msp.c:1218:13:HAL_FSMC_MspDeInit	8	static
stm32f4xx_hal_msp.c:1291:6:HAL_SRAM_MspDeInit	16	static
