wifi_helpers.c:21:6:ConnectWifi	16	static
wifi_helpers.c:27:6:Wifi_ChipDeselect	8	static
wifi_helpers.c:33:6:Wifi_ChipSelect	8	static
wifi_helpers.c:38:9:GetCmdDataReady	8	static
wifi_helpers.c:43:6:IsCommandPhaseReady	8	static
wifi_helpers.c:52:6:IsDataPhaseReady	8	static
wifi_helpers.c:61:6:Wifi_Init	8	static
wifi_helpers.c:68:6:GetSPIResponse	64	dynamic
wifi_helpers.c:118:6:SendSPICommand	88	dynamic
wifi_helpers.c:156:6:GetVersion	64	dynamic
wifi_helpers.c:179:6:SendHelpCommand	24	static
wifi_helpers.c:195:6:GetHelpCommand	24	static
wifi_helpers.c:221:6:WifiStartup	32	static
wifi_helpers.c:261:6:GetWifiConnectionStatus	80	dynamic
wifi_helpers.c:330:6:SetSSID	120	dynamic
wifi_helpers.c:453:6:SetProductName	24	static
wifi_helpers.c:474:6:SetAPSSID	24	static
wifi_helpers.c:495:6:SetAPPassword	24	static
wifi_helpers.c:516:6:SetAPSecurityMode	24	static
wifi_helpers.c:537:6:SetDHCPSetting	24	static
wifi_helpers.c:558:6:JoinNetwork	16	static
wifi_helpers.c:578:6:SetSocket	24	static
wifi_helpers.c:599:6:SetProtocol	24	static
wifi_helpers.c:620:6:SetPort	32	static
wifi_helpers.c:643:6:StartTCPComm	24	static
wifi_helpers.c:663:6:SetSocketToReopen	24	static
wifi_helpers.c:684:6:StartJoinNetwork	16	static
wifi_helpers.c:694:6:GetStatus	16	static
wifi_helpers.c:726:6:GetData	16	static
wifi_helpers.c:758:6:SendResponse	24	static
wifi_helpers.c:790:6:PollForData	8	static
wifi_helpers.c:801:6:StartTCP	16	static
