wifi_helpers.c:23:6:ConnectWifi	16	static
wifi_helpers.c:29:6:Wifi_ChipDeselect	8	static
wifi_helpers.c:35:6:Wifi_ChipSelect	8	static
wifi_helpers.c:40:9:GetCmdDataReady	8	static
wifi_helpers.c:45:6:IsCommandPhaseReady	8	static
wifi_helpers.c:54:6:IsDataPhaseReady	8	static
wifi_helpers.c:63:6:Wifi_Init	8	static
wifi_helpers.c:79:5:GetSPIResponse	64	dynamic
wifi_helpers.c:120:18:ReceiveSPICommand	24	static
wifi_helpers.c:151:18:SendSPICommand	88	dynamic
wifi_helpers.c:205:6:WifiStartup	32	static
wifi_helpers.c:221:6:SetProductName	24	static
wifi_helpers.c:227:6:SetAPSSID	24	static
wifi_helpers.c:233:6:Disconnect	8	static
wifi_helpers.c:239:6:SetAPPassword	24	static
wifi_helpers.c:245:6:SetAPSecurityMode	24	static
wifi_helpers.c:251:6:SetDHCPSetting	24	static
wifi_helpers.c:259:18:JoinNetwork	8	static
wifi_helpers.c:265:6:SetSocket	24	static
wifi_helpers.c:271:6:SetProtocol	24	static
wifi_helpers.c:278:6:SetPort	24	static
wifi_helpers.c:284:6:StartTCPComm	16	static
wifi_helpers.c:294:6:ResetOnClose	8	static
wifi_helpers.c:301:18:StartJoinNetwork	16	static
wifi_helpers.c:344:6:GetData	16	static
wifi_helpers.c:387:6:SendResponse	32	static
wifi_helpers.c:408:5:GetFreeSocket	16	static
wifi_helpers.c:421:18:CheckSocketConnection	24	static
wifi_helpers.c:461:6:ShowSettings	16	static
wifi_helpers.c:467:18:WaitForSocketConnection	16	static
wifi_helpers.c:476:6:ProcessSocket	16	static
wifi_helpers.c:505:6:SetPublishTopic	24	static
wifi_helpers.c:511:6:SetSubscribeTopic	24	static
wifi_helpers.c:517:6:SetSecurity	24	static
wifi_helpers.c:523:6:SetUsername	24	static
wifi_helpers.c:529:6:SetPassword	24	static
wifi_helpers.c:535:6:SetClientID	24	static
wifi_helpers.c:541:6:SetHostAddress	24	static
wifi_helpers.c:547:6:StartConnection	8	static
wifi_helpers.c:553:6:StartMQTT	16	static
wifi_helpers.c:570:6:StartTCP	24	static
