wifi_helpers.c:23:6:ConnectWifi	16	static
wifi_helpers.c:29:6:Wifi_ChipDeselect	8	static
wifi_helpers.c:35:6:Wifi_ChipSelect	8	static
wifi_helpers.c:40:9:GetCmdDataReady	8	static
wifi_helpers.c:45:6:IsCommandPhaseReady	8	static
wifi_helpers.c:54:6:IsDataPhaseReady	8	static
wifi_helpers.c:63:6:Wifi_Init	8	static
wifi_helpers.c:77:5:GetSPIResponse	72	dynamic
wifi_helpers.c:123:18:ReceiveSPICommand	24	static
wifi_helpers.c:154:18:SendSPICommand	88	dynamic
wifi_helpers.c:209:6:GetVersion	64	dynamic
wifi_helpers.c:232:6:SendHelpCommand	24	static
wifi_helpers.c:248:6:GetHelpCommand	24	static
wifi_helpers.c:274:6:WifiStartup	32	static
wifi_helpers.c:314:6:GetWifiConnectionStatus	80	dynamic
wifi_helpers.c:383:6:SetSSID	120	dynamic
wifi_helpers.c:506:6:SetProductName	16	static
wifi_helpers.c:527:6:SetAPSSID	24	static
wifi_helpers.c:548:6:Disconnect	8	static
wifi_helpers.c:567:6:SetAPPassword	24	static
wifi_helpers.c:590:6:SetAPSecurityMode	24	static
wifi_helpers.c:613:6:SetDHCPSetting	24	static
wifi_helpers.c:638:18:JoinNetwork	8	static
wifi_helpers.c:660:6:SetSocket	24	static
wifi_helpers.c:685:6:SetProtocol	24	static
wifi_helpers.c:708:6:SetPort	24	static
wifi_helpers.c:733:6:StartTCPComm	16	static
wifi_helpers.c:759:6:ResetOnClose	8	static
wifi_helpers.c:788:18:StartJoinNetwork	16	static
wifi_helpers.c:831:6:GetData	16	static
wifi_helpers.c:881:6:SendResponse	32	static
wifi_helpers.c:930:5:GetFreeSocket	16	static
wifi_helpers.c:943:18:CheckSocketConnection	24	static
wifi_helpers.c:983:18:WaitForSocketConnection	16	static
wifi_helpers.c:992:6:ProcessSocket	16	static
wifi_helpers.c:1017:6:StartTCP	24	static
